Archive member included to satisfy reference by file (symbol)

/opt/devkitpro/libnds/lib/libnds9.a(console.o)
                              main.o (consoleDemoInit)
/opt/devkitpro/libnds/lib/libnds9.a(videoGL.o)
                              main.o (glGlobalData)
/opt/devkitpro/libnds/lib/libnds9.a(initSystem.o)
                              /opt/devkitpro/devkitARM/bin/../lib/gcc/arm-none-eabi/14.2.0/../../../../arm-none-eabi/lib/ds_arm9_crt0.o (initSystem)
/opt/devkitpro/libnds/lib/libnds9.a(securearea.o)
                              /opt/devkitpro/devkitARM/bin/../lib/gcc/arm-none-eabi/14.2.0/../../../../arm-none-eabi/lib/ds_arm9_crt0.o (__secure_area__)
/opt/devkitpro/libnds/lib/libnds9.a(fifosystem.o)
                              /opt/devkitpro/libnds/lib/libnds9.a(initSystem.o) (fifoSetValue32Handler)
/opt/devkitpro/libnds/lib/libnds9.a(interrupts.o)
                              /opt/devkitpro/libnds/lib/libnds9.a(fifosystem.o) (irqSet)
/opt/devkitpro/libnds/lib/libnds9.a(libnds_exit.arm.o)
                              /opt/devkitpro/devkitARM/bin/../lib/gcc/arm-none-eabi/14.2.0/../../../../arm-none-eabi/lib/ds_arm9_crt0.o (__libnds_exit)
/opt/devkitpro/libnds/lib/libnds9.a(dcache.o)
                              /opt/devkitpro/libnds/lib/libnds9.a(videoGL.o) (DC_FlushRange)
/opt/devkitpro/libnds/lib/libnds9.a(cpu_clock.o)
                              /opt/devkitpro/libnds/lib/libnds9.a(initSystem.o) (setCpuClock)
/opt/devkitpro/libnds/lib/libnds9.a(IntrWait.o)
                              main.o (swiWaitForVBlank)
/opt/devkitpro/libnds/lib/libnds9.a(mpu_setup.o)
                              /opt/devkitpro/devkitARM/bin/../lib/gcc/arm-none-eabi/14.2.0/../../../../arm-none-eabi/lib/ds_arm9_crt0.o (__libnds_mpu_setup)
/opt/devkitpro/libnds/lib/libnds9.a(biosCalls.o)
                              /opt/devkitpro/libnds/lib/libnds9.a(videoGL.o) (swiCopy)
/opt/devkitpro/libnds/lib/libnds9.a(debugprint.o)
                              /opt/devkitpro/libnds/lib/libnds9.a(console.o) (nocashWrite)
/opt/devkitpro/libnds/lib/libnds9.a(interruptDispatcher.o)
                              /opt/devkitpro/libnds/lib/libnds9.a(interrupts.o) (IntrMain)
/opt/devkitpro/libnds/lib/libnds9.a(swiSoftReset.o)
                              /opt/devkitpro/libnds/lib/libnds9.a(fifosystem.o) (swiSoftReset)
/opt/devkitpro/libnds/lib/libnds9.a(default_font.bin.o)
                              /opt/devkitpro/libnds/lib/libnds9.a(console.o) (default_font_bin)
/opt/devkitpro/libnds/lib/libnds9.a(background.o)
                              /opt/devkitpro/libnds/lib/libnds9.a(console.o) (bgState)
/opt/devkitpro/libnds/lib/libnds9.a(dynamicArray.o)
                              /opt/devkitpro/libnds/lib/libnds9.a(videoGL.o) (DynamicArrayInit)
/opt/devkitpro/libnds/lib/libnds9.a(system.o)
                              /opt/devkitpro/libnds/lib/libnds9.a(initSystem.o) (systemValueHandler)
/opt/devkitpro/libnds/lib/libnds9.a(trig.o)
                              /opt/devkitpro/libnds/lib/libnds9.a(videoGL.o) (sinLerp)
/opt/devkitpro/libnds/lib/libnds9.a(video.o)
                              /opt/devkitpro/libnds/lib/libnds9.a(videoGL.o) (vramSetBanks_EFG)
/opt/devkitpro/devkitARM/bin/../lib/gcc/arm-none-eabi/14.2.0/libgcc.a(_divsi3.o)
                              /opt/devkitpro/libnds/lib/libnds9.a(console.o) (__aeabi_idivmod)
/opt/devkitpro/devkitARM/bin/../lib/gcc/arm-none-eabi/14.2.0/libgcc.a(_dvmd_tls.o)
                              /opt/devkitpro/devkitARM/bin/../lib/gcc/arm-none-eabi/14.2.0/libgcc.a(_divsi3.o) (__aeabi_idiv0)
/opt/devkitpro/devkitARM/bin/../lib/gcc/arm-none-eabi/14.2.0/libgcc.a(_sync_none.o)
                              (__sync_synchronize_none)
/opt/devkitpro/devkitARM/bin/../lib/gcc/arm-none-eabi/14.2.0/libgcc.a(_muldi3.o)
                              /opt/devkitpro/libnds/lib/libnds9.a(videoGL.o) (__aeabi_lmul)
/opt/devkitpro/devkitARM/bin/../lib/gcc/arm-none-eabi/14.2.0/../../../../arm-none-eabi/lib/libg.a(libc_a-bsearch.o)
                              /opt/devkitpro/libnds/lib/libnds9.a(trig.o) (bsearch)
/opt/devkitpro/devkitARM/bin/../lib/gcc/arm-none-eabi/14.2.0/../../../../arm-none-eabi/lib/libg.a(libc_a-calloc.o)
                              /opt/devkitpro/libnds/lib/libnds9.a(videoGL.o) (calloc)
/opt/devkitpro/devkitARM/bin/../lib/gcc/arm-none-eabi/14.2.0/../../../../arm-none-eabi/lib/libg.a(libc_a-siscanf.o)
                              /opt/devkitpro/libnds/lib/libnds9.a(console.o) (siscanf)
/opt/devkitpro/devkitARM/bin/../lib/gcc/arm-none-eabi/14.2.0/../../../../arm-none-eabi/lib/libg.a(libc_a-stdio.o)
                              /opt/devkitpro/devkitARM/bin/../lib/gcc/arm-none-eabi/14.2.0/../../../../arm-none-eabi/lib/libg.a(libc_a-siscanf.o) (__seofread)
/opt/devkitpro/devkitARM/bin/../lib/gcc/arm-none-eabi/14.2.0/../../../../arm-none-eabi/lib/libg.a(libc_a-callocr.o)
[...]
Memory Configuration

Name             Origin             Length             Attributes
ewram            0x02000000         0x00380000
dtcm             0x02ff0000         0x00004000
vectors          0x01000000         0x00000100
itcm             0x01000100         0x00007f00
*default*        0x00000000         0xffffffff

Linker script and memory map

                0x00000000                        __sync_synchronize = __sync_synchronize_none
                0x02380000                        __ewram_end = (ORIGIN (ewram) + LENGTH (ewram))
                0x02380000                        __eheap_end = (ORIGIN (ewram) + LENGTH (ewram))
                0x02ff4000                        __dtcm_top = (ORIGIN (dtcm) + LENGTH (dtcm))
                0x02ff3ff8                        __irq_flags = (__dtcm_top - 0x8)
                0x02ff3ffc                        __irq_vector = (__dtcm_top - 0x4)
                0x02ff3f00                        __sp_svc = (__dtcm_top - 0x100)
                0x02ff3e00                        __sp_irq = (__sp_svc - 0x100)
                0x02ff3d00                        __sp_usr = (__sp_irq - 0x100)

.secure         0x02000000      0x800
 *(.secure)
 .secure        0x02000000      0x800 /opt/devkitpro/libnds/lib/libnds9.a(securearea.o)
                0x02000000                __secure_area__

.crt0           0x02000800      0x300
                0x02000800                        __text_start = .
 *(.crt0)
 .crt0          0x02000800      0x300 /opt/devkitpro/devkitARM/bin/../lib/gcc/arm-none-eabi/14.2.0/../../../../arm-none-eabi/lib/ds_arm9_crt0.o
                0x02000800                _start
                0x02000b00                        . = ALIGN (0x4)

.plt
 *(.plt)

.init           0x02000b00       0x18
 *(SORT_NONE(.init))
 .init          0x02000b00        0xc /opt/devkitpro/devkitARM/bin/../lib/gcc/arm-none-eabi/14.2.0/crti.o
                0x02000b00                _init
 .init          0x02000b0c        0xc /opt/devkitpro/devkitARM/bin/../lib/gcc/arm-none-eabi/14.2.0/crtn.o

.text           0x02000b18    0x12a60
 *(EXCLUDE_FILE(*.twl* *.vectors* *.itcm*) .text)
 .text          0x02000b18       0x1c main.o
                0x02000b18                main
 .text          0x02000b34      0x148 /opt/devkitpro/devkitARM/bin/../lib/gcc/arm-none-eabi/14.2.0/libgcc.a(_divsi3.o)
                0x02000b34                __aeabi_idiv
                0x02000b34                __divsi3
                0x02000c5c                __aeabi_idivmod
 .text          0x02000c7c        0x4 /opt/devkitpro/devkitARM/bin/../lib/gcc/arm-none-eabi/14.2.0/libgcc.a(_dvmd_tls.o)
                0x02000c7c                __aeabi_ldiv0
                0x02000c7c                __aeabi_idiv0
 .text          0x02000c80      0x114 /opt/devkitpro/devkitARM/bin/../lib/gcc/arm-none-eabi/14.2.0/libgcc.a(_udivsi3.o)
                0x02000c80                __udivsi3
                0x02000c80                __aeabi_uidiv
                0x02000d74                __aeabi_uidivmod
 .text          0x02000d94      0x424 /opt/devkitpro/devkitARM/bin/../lib/gcc/arm-none-eabi/14.2.0/libgcc.a(_arm_addsubdf3.o)
                0x02000d94                __aeabi_drsub
                0x02000d9c                __subdf3
                0x02000d9c                __aeabi_dsub
                0x02000da0                __aeabi_dadd
                0x02000da0                __adddf3
                0x020010b0                __aeabi_ui2d
                0x020010b0                __floatunsidf
                0x020010d4                __floatsidf
                0x020010d4                __aeabi_i2d
                0x020010fc                __extendsfdf2
                0x020010fc                __aeabi_f2d
                0x02001144                __aeabi_ul2d
                0x02001144                __floatundidf
                0x02001158                __aeabi_l2d
                0x02001158                __floatdidf
 .text          0x020011b8      0x49c /opt/devkitpro/devkitARM/bin/../lib/gcc/arm-none-eabi/14.2.0/libgcc.a(_arm_muldivdf3.o)
                0x020011b8                __aeabi_dmul
                0x020011b8                __muldf3
                0x02001448                __aeabi_ddiv
                0x02001448                __divdf3
 .text          0x02001654      0x144 /opt/devkitpro/devkitARM/bin/../lib/gcc/arm-none-eabi/14.2.0/libgcc.a(_arm_cmpdf2.o)
                0x02001654                __gedf2
                0x02001654                __gtdf2
                0x0200165c                __ledf2
                0x0200165c                __ltdf2
                0x02001664                __cmpdf2
                0x02001664                __eqdf2
                0x02001664                __nedf2
                0x020016ec                __aeabi_cdrcmple
                0x02001708                __aeabi_cdcmple
                0x02001708                __aeabi_cdcmpeq
                0x02001720                __aeabi_dcmpeq
                0x02001738                __aeabi_dcmplt
                0x02001750                __aeabi_dcmple
                0x02001768                __aeabi_dcmpge
                0x02001780                __aeabi_dcmpgt
 .text          0x02001798       0x38 /opt/devkitpro/devkitARM/bin/../lib/gcc/arm-none-eabi/14.2.0/libgcc.a(_arm_unorddf2.o)
                0x02001798                __aeabi_dcmpun
                0x02001798                __unorddf2
 .text          0x020017d0       0x5c /opt/devkitpro/devkitARM/bin/../lib/gcc/arm-none-eabi/14.2.0/libgcc.a(_arm_fixdfsi.o)
                0x020017d0                __fixdfsi
                0x020017d0                __aeabi_d2iz
 .text          0x0200182c       0x3c /opt/devkitpro/devkitARM/bin/../lib/gcc/arm-none-eabi/14.2.0/libgcc.a(_aeabi_uldivmod.o)
                0x0200182c                __aeabi_uldivmod
 .text          0x02001868       0x28 /opt/devkitpro/devkitARM/bin/../lib/gcc/arm-none-eabi/14.2.0/libgcc.a(_clzdi2.o)
                0x02001868                __clzdi2
 .text          0x02001890       0x48 /opt/devkitpro/devkitARM/bin/../lib/gcc/arm-none-eabi/14.2.0/libgcc.a(_clzsi2.o)
                0x02001890                __clzsi2
 *(EXCLUDE_FILE(*.twl* *.vectors* *.itcm*) .stub)
 *(EXCLUDE_FILE(*.twl* *.vectors* *.itcm*) .text.*)
 .text.__do_global_dtors_aux
                0x020018d8       0x40 /opt/devkitpro/devkitARM/bin/../lib/gcc/arm-none-eabi/14.2.0/crtbegin.o
 .text.frame_dummy
                0x02001918       0x30 /opt/devkitpro/devkitARM/bin/../lib/gcc/arm-none-eabi/14.2.0/crtbegin.o
 .text.newRow   0x02001948       0xdc /opt/devkitpro/libnds/lib/libnds9.a(console.o)
 .text.consolePrintChar
                0x02001a24       0xe0 /opt/devkitpro/libnds/lib/libnds9.a(console.o)
                0x02001a24                consolePrintChar
 .text.con_write
                0x02001b04      0x320 /opt/devkitpro/libnds/lib/libnds9.a(console.o)
                0x02001b04                con_write
 .text.consoleLoadFont
                0x02001e24      0x2a8 /opt/devkitpro/libnds/lib/libnds9.a(console.o)
                0x02001e24                consoleLoadFont
 .text.consoleInit
                0x020020cc      0x18c /opt/devkitpro/libnds/lib/libnds9.a(console.o)
                0x020020cc                consoleInit
 .text.consoleDemoInit
                0x02002258       0x40 /opt/devkitpro/libnds/lib/libnds9.a(console.o)
                0x02002258                consoleDemoInit
 .text.__syscall_exit
                0x02002298        0x8 /opt/devkitpro/libnds/lib/libnds9.a(initSystem.o)
                0x02002298                __syscall_exit
 .text.initSystem
                0x020022a0      0x180 /opt/devkitpro/libnds/lib/libnds9.a(initSystem.o)
                0x020022a0                initSystem
 .text.fifo_queueBlock
                0x02002420       0x40 /opt/devkitpro/libnds/lib/libnds9.a(fifosystem.o)
 .text.fifo_waitBlock
                0x02002460       0x7c /opt/devkitpro/libnds/lib/libnds9.a(fifosystem.o)
 .text.fifoInternalSend.part.0
                0x020024dc       0xcc /opt/devkitpro/libnds/lib/libnds9.a(fifosystem.o)
 .text.fifoInternalSendInterrupt
                0x020025a8       0xb0 /opt/devkitpro/libnds/lib/libnds9.a(fifosystem.o)
 .text.fifoSetValue32Handler
                0x02002658       0xd4 /opt/devkitpro/libnds/lib/libnds9.a(fifosystem.o)
                0x02002658                fifoSetValue32Handler
 .text.fifoSendValue32
                0x0200272c       0x58 /opt/devkitpro/libnds/lib/libnds9.a(fifosystem.o)
                0x0200272c                fifoSendValue32
 .text.fifoGetDatamsg
                0x02002784       0xfc /opt/devkitpro/libnds/lib/libnds9.a(fifosystem.o)
                0x02002784                fifoGetDatamsg
 .text.fifoInternalRecvInterrupt
                0x02002880      0x37c /opt/devkitpro/libnds/lib/libnds9.a(fifosystem.o)
 .text.fifoSetDatamsgHandler
                0x02002bfc       0x9c /opt/devkitpro/libnds/lib/libnds9.a(fifosystem.o)
                0x02002bfc                fifoSetDatamsgHandler
 .text.fifoInit
                0x02002c98      0x114 /opt/devkitpro/libnds/lib/libnds9.a(fifosystem.o)
                0x02002c98                fifoInit
 .text.irqDummy
                0x02002dac        0x4 /opt/devkitpro/libnds/lib/libnds9.a(interrupts.o)
                0x02002dac                irqDummy
 .text.irqSet   0x02002db0       0x78 /opt/devkitpro/libnds/lib/libnds9.a(interrupts.o)
                0x02002db0                irqSet
 .text.irqInit  0x02002e28       0x50 /opt/devkitpro/libnds/lib/libnds9.a(interrupts.o)
                0x02002e28                irqInit
 .text.irqEnable
                0x02002e78       0x64 /opt/devkitpro/libnds/lib/libnds9.a(interrupts.o)
                0x02002e78                irqEnable
 .text.systemErrorExit
                0x02002edc        0x4 /opt/devkitpro/libnds/lib/libnds9.a(libnds_exit.arm.o)
                0x02002edc                systemErrorExit
 .text.__libnds_exit
                0x02002ee0       0x5c /opt/devkitpro/libnds/lib/libnds9.a(libnds_exit.arm.o)
                0x02002ee0                __libnds_exit
 .text.setCpuClock
                0x02002f3c       0x50 /opt/devkitpro/libnds/lib/libnds9.a(cpu_clock.o)
                0x02002f3c                setCpuClock
 .text.swiWaitForVBlank
                0x02002f8c        0x8 /opt/devkitpro/libnds/lib/libnds9.a(IntrWait.o)
                0x02002f8c                swiWaitForVBlank
 .text.swiIntrWait
                0x02002f94       0x70 /opt/devkitpro/libnds/lib/libnds9.a(IntrWait.o)
                0x02002f94                swiIntrWait
 .text.__libnds_mpu_setup
                0x02003004      0x174 /opt/devkitpro/libnds/lib/libnds9.a(mpu_setup.o)
                0x02003004                __libnds_mpu_setup
 .text.memUncached
                0x02003178       0x20 /opt/devkitpro/libnds/lib/libnds9.a(mpu_setup.o)
                0x02003178                memUncached
 .text.swiDelay
                0x02003198        0x4 /opt/devkitpro/libnds/lib/libnds9.a(biosCalls.o)
                0x02003198                swiDelay
 .text.swiSoftReset
                0x0200319c       0x2c /opt/devkitpro/libnds/lib/libnds9.a(swiSoftReset.o)
                0x0200319c                swiSoftReset
 .text.checkIfText
                0x020031c8       0x6c /opt/devkitpro/libnds/lib/libnds9.a(background.o)
                0x020031c8                checkIfText
 .text.bgUpdate
                0x02003234       0xf4 /opt/devkitpro/libnds/lib/libnds9.a(background.o)
                0x02003234                bgUpdate
 .text.bgInit_call
                0x02003328       0xb0 /opt/devkitpro/libnds/lib/libnds9.a(background.o)
                0x02003328                bgInit_call
 .text.bgInitSub_call
                0x020033d8       0xb8 /opt/devkitpro/libnds/lib/libnds9.a(background.o)
                0x020033d8                bgInitSub_call
 .text.systemValueHandler
                0x02003490       0x48 /opt/devkitpro/libnds/lib/libnds9.a(system.o)
                0x02003490                systemValueHandler
 .text.systemMsgHandler
                0x020034d8       0x50 /opt/devkitpro/libnds/lib/libnds9.a(system.o)
                0x020034d8                systemMsgHandler
 .text.powerOn  0x02003528       0x2c /opt/devkitpro/libnds/lib/libnds9.a(system.o)
                0x02003528                powerOn
 .text.sinLutLookup
                0x02003554       0x4c /opt/devkitpro/libnds/lib/libnds9.a(trig.o)
                0x02003554                sinLutLookup
 .text.sinLerp  0x020035a0       0x38 /opt/devkitpro/libnds/lib/libnds9.a(trig.o)
                0x020035a0                sinLerp
 .text.cosLerp  0x020035d8       0x48 /opt/devkitpro/libnds/lib/libnds9.a(trig.o)
                0x020035d8                cosLerp
 .text.vramDefault
                0x02003620       0xd0 /opt/devkitpro/libnds/lib/libnds9.a(video.o)
                0x02003620                vramDefault
 .text.siscanf  0x020036f0       0x78 /opt/devkitpro/devkitARM/bin/../lib/gcc/arm-none-eabi/14.2.0/../../../../arm-none-eabi/lib/libg.a(libc_a-siscanf.o)
                0x020036f0                siscanf
 .text.__sread  0x02003768       0x4c /opt/devkitpro/devkitARM/bin/../lib/gcc/arm-none-eabi/14.2.0/../../../../arm-none-eabi/lib/libg.a(libc_a-stdio.o)
                0x02003768                __sread
 .text.__seofread
                0x020037b4        0x8 /opt/devkitpro/devkitARM/bin/../lib/gcc/arm-none-eabi/14.2.0/../../../../arm-none-eabi/lib/libg.a(libc_a-stdio.o)
                0x020037b4                __seofread
 .text.__swrite
                0x020037bc       0x6c /opt/devkitpro/devkitARM/bin/../lib/gcc/arm-none-eabi/14.2.0/../../../../arm-none-eabi/lib/libg.a(libc_a-stdio.o)
                0x020037bc                __swrite
 .text.__sseek  0x02003828       0x48 /opt/devkitpro/devkitARM/bin/../lib/gcc/arm-none-eabi/14.2.0/../../../../arm-none-eabi/lib/libg.a(libc_a-stdio.o)
                0x02003828                __sseek
 .text.__sclose
                0x02003870       0x14 /opt/devkitpro/devkitARM/bin/../lib/gcc/arm-none-eabi/14.2.0/../../../../arm-none-eabi/lib/libg.a(libc_a-stdio.o)
                0x02003870                __sclose
 .text._calloc_r
                0x02003884       0xd0 /opt/devkitpro/devkitARM/bin/../lib/gcc/arm-none-eabi/14.2.0/../../../../arm-none-eabi/lib/libg.a(libc_a-callocr.o)
                0x02003884                _calloc_r
 .text.realloc  0x02003954       0x24 /opt/devkitpro/devkitARM/bin/../lib/gcc/arm-none-eabi/14.2.0/../../../../arm-none-eabi/lib/libg.a(libc_a-realloc.o)
                0x02003954                realloc
 .text._malloc_r
                0x02003978      0x7c8 /opt/devkitpro/devkitARM/bin/../lib/gcc/arm-none-eabi/14.2.0/../../../../arm-none-eabi/lib/libg.a(libc_a-mallocr.o)
                0x02003978                _malloc_r
 .text._malloc_trim_r
                0x02004140      0x100 /opt/devkitpro/devkitARM/bin/../lib/gcc/arm-none-eabi/14.2.0/../../../../arm-none-eabi/lib/libg.a(libc_a-freer.o)
                0x02004140                _malloc_trim_r
 .text._free_r  0x02004240      0x2e8 /opt/devkitpro/devkitARM/bin/../lib/gcc/arm-none-eabi/14.2.0/../../../../arm-none-eabi/lib/libg.a(libc_a-freer.o)
                0x02004240                _free_r
 .text.setvbuf  0x02004528      0x298 /opt/devkitpro/devkitARM/bin/../lib/gcc/arm-none-eabi/14.2.0/../../../../arm-none-eabi/lib/libg.a(libc_a-setvbuf.o)
                0x02004528                setvbuf
 .text.__errno  0x020047c0       0x10 /opt/devkitpro/devkitARM/bin/../lib/gcc/arm-none-eabi/14.2.0/../../../../arm-none-eabi/lib/libg.a(libc_a-errno.o)
                0x020047c0                __errno
 .text.malloc   0x020047d0       0x3c /opt/devkitpro/devkitARM/bin/../lib/gcc/arm-none-eabi/14.2.0/../../../../arm-none-eabi/lib/libg.a(libc_a-malloc.o)
                0x020047d0                malloc
 .text.free     0x0200480c       0x1c /opt/devkitpro/devkitARM/bin/../lib/gcc/arm-none-eabi/14.2.0/../../../../arm-none-eabi/lib/libg.a(libc_a-malloc.o)
                0x0200480c                free
 .text.memcpy   0x02004828      0x130 /opt/devkitpro/devkitARM/bin/../lib/gcc/arm-none-eabi/14.2.0/../../../../arm-none-eabi/lib/libg.a(libc_a-memcpy-stub.o)
                0x02004828                memcpy
 .text.printf   0x02004958       0x34 /opt/devkitpro/devkitARM/bin/../lib/gcc/arm-none-eabi/14.2.0/../../../../arm-none-eabi/lib/libg.a(libc_a-printf.o)
                0x02004958                printf
 .text.memset   0x0200498c      0x100 /opt/devkitpro/devkitARM/bin/../lib/gcc/arm-none-eabi/14.2.0/../../../../arm-none-eabi/lib/libg.a(libc_a-memset.o)
                0x0200498c                memset
 .text._realloc_r
                0x02004a8c      0x4c0 /opt/devkitpro/devkitARM/bin/../lib/gcc/arm-none-eabi/14.2.0/../../../../arm-none-eabi/lib/libg.a(libc_a-reallocr.o)
                0x02004a8c                _realloc_r
 .text.__malloc_lock
                0x02004f4c       0x18 /opt/devkitpro/devkitARM/bin/../lib/gcc/arm-none-eabi/14.2.0/../../../../arm-none-eabi/lib/libg.a(libc_a-mlock.o)
                0x02004f4c                __malloc_lock
 .text.__malloc_unlock
                0x02004f64       0x18 /opt/devkitpro/devkitARM/bin/../lib/gcc/arm-none-eabi/14.2.0/../../../../arm-none-eabi/lib/libg.a(libc_a-mlock.o)
                0x02004f64                __malloc_unlock
 .text.__libc_init_array
                0x02004f7c       0x90 /opt/devkitpro/devkitARM/bin/../lib/gcc/arm-none-eabi/14.2.0/../../../../arm-none-eabi/lib/libg.a(libc_a-init.o)
                0x02004f7c                __libc_init_array
 .text.__sflush_r
                0x0200500c      0x244 /opt/devkitpro/devkitARM/bin/../lib/gcc/arm-none-eabi/14.2.0/../../../../arm-none-eabi/lib/libg.a(libc_a-fflush.o)
                0x0200500c                __sflush_r
 .text._fflush_r
                0x02005250       0x9c /opt/devkitpro/devkitARM/bin/../lib/gcc/arm-none-eabi/14.2.0/../../../../arm-none-eabi/lib/libg.a(libc_a-fflush.o)
                0x02005250                _fflush_r
 .text.strlen   0x020052ec       0x60 /opt/devkitpro/devkitARM/bin/../lib/gcc/arm-none-eabi/14.2.0/../../../../arm-none-eabi/lib/libg.a(libc_a-strlen-stub.o)
                0x020052ec                strlen
 .text.memmove  0x0200534c      0x164 /opt/devkitpro/devkitARM/bin/../lib/gcc/arm-none-eabi/14.2.0/../../../../arm-none-eabi/lib/libg.a(libc_a-memmove.o)
                0x0200534c                memmove
 .text.get_arg  0x020054b0      0x5ec /opt/devkitpro/devkitARM/bin/../lib/gcc/arm-none-eabi/14.2.0/../../../../arm-none-eabi/lib/libg.a(libc_a-vfiprintf.o)
 .text._vfiprintf_r
                0x02005a9c     0x229c /opt/devkitpro/devkitARM/bin/../lib/gcc/arm-none-eabi/14.2.0/../../../../arm-none-eabi/lib/libg.a(libc_a-vfiprintf.o)
                0x02005a9c                _vfiprintf_r
 .text.__sbprintf
                0x02007d38       0xbc /opt/devkitpro/devkitARM/bin/../lib/gcc/arm-none-eabi/14.2.0/../../../../arm-none-eabi/lib/libg.a(libc_a-vfiprintf.o)
 .text._memalign_r
                0x02007df4      0x168 /opt/devkitpro/devkitARM/bin/../lib/gcc/arm-none-eabi/14.2.0/../../../../arm-none-eabi/lib/libg.a(libc_a-malignr.o)
                0x02007df4                _memalign_r
 .text.memchr   0x02007f5c       0xe4 /opt/devkitpro/devkitARM/bin/../lib/gcc/arm-none-eabi/14.2.0/../../../../arm-none-eabi/lib/libg.a(libc_a-memchr-stub.o)
                0x02007f5c                memchr
 .text.get_arg  0x02008040       0x54 /opt/devkitpro/devkitARM/bin/../lib/gcc/arm-none-eabi/14.2.0/../../../../arm-none-eabi/lib/libg.a(libc_a-svfiscanf.o)
 .text._sungetc_r
                0x02008094       0xe4 /opt/devkitpro/devkitARM/bin/../lib/gcc/arm-none-eabi/14.2.0/../../../../arm-none-eabi/lib/libg.a(libc_a-svfiscanf.o)
                0x02008094                _sungetc_r
 .text.__ssrefill_r
                0x02008178       0x68 /opt/devkitpro/devkitARM/bin/../lib/gcc/arm-none-eabi/14.2.0/../../../../arm-none-eabi/lib/libg.a(libc_a-svfiscanf.o)
                0x02008178                __ssrefill_r
 .text._sfread_r
                0x020081e0       0xc8 /opt/devkitpro/devkitARM/bin/../lib/gcc/arm-none-eabi/14.2.0/../../../../arm-none-eabi/lib/libg.a(libc_a-svfiscanf.o)
                0x020081e0                _sfread_r
 .text.__ssvfiscanf_r
                0x020082a8     0x22a8 /opt/devkitpro/devkitARM/bin/../lib/gcc/arm-none-eabi/14.2.0/../../../../arm-none-eabi/lib/libg.a(libc_a-svfiscanf.o)
                0x020082a8                __ssvfiscanf_r
 .text._strtoul_l.isra.0
                0x0200a550      0x1e8 /opt/devkitpro/devkitARM/bin/../lib/gcc/arm-none-eabi/14.2.0/../../../../arm-none-eabi/lib/libg.a(libc_a-strtoul.o)
 .text._strtoul_r
                0x0200a738       0x30 /opt/devkitpro/devkitARM/bin/../lib/gcc/arm-none-eabi/14.2.0/../../../../arm-none-eabi/lib/libg.a(libc_a-strtoul.o)
                0x0200a738                _strtoul_r
 .text.__sprint_r
                0x0200a768       0x34 /opt/devkitpro/devkitARM/bin/../lib/gcc/arm-none-eabi/14.2.0/../../../../arm-none-eabi/lib/libg.a(libc_a-sprint_r.o)
                0x0200a768                __sprint_r
 .text.iswspace
                0x0200a79c       0x14 /opt/devkitpro/devkitARM/bin/../lib/gcc/arm-none-eabi/14.2.0/../../../../arm-none-eabi/lib/libg.a(libc_a-iswspace.o)
                0x0200a79c                iswspace
 .text.__sccl   0x0200a7b0       0xe4 /opt/devkitpro/devkitARM/bin/../lib/gcc/arm-none-eabi/14.2.0/../../../../arm-none-eabi/lib/libg.a(libc_a-sccl.o)
                0x0200a7b0                __sccl
 .text._localeconv_r
                0x0200a894       0x28 /opt/devkitpro/devkitARM/bin/../lib/gcc/arm-none-eabi/14.2.0/../../../../arm-none-eabi/lib/libg.a(libc_a-localeconv.o)
                0x0200a894                _localeconv_r
 .text.get_arg  0x0200a8bc      0x5ec /opt/devkitpro/devkitARM/bin/../lib/gcc/arm-none-eabi/14.2.0/../../../../arm-none-eabi/lib/libg.a(libc_a-vfprintf.o)
 .text._vfprintf_r
                0x0200aea8     0x35c4 /opt/devkitpro/devkitARM/bin/../lib/gcc/arm-none-eabi/14.2.0/../../../../arm-none-eabi/lib/libg.a(libc_a-vfprintf.o)
                0x0200aea8                _vfprintf_r
 .text.__sbprintf
                0x0200e46c       0xbc /opt/devkitpro/devkitARM/bin/../lib/gcc/arm-none-eabi/14.2.0/../../../../arm-none-eabi/lib/libg.a(libc_a-vfprintf.o)
 .text.__smakebuf_r
                0x0200e528      0x14c /opt/devkitpro/devkitARM/bin/../lib/gcc/arm-none-eabi/14.2.0/../../../../arm-none-eabi/lib/libg.a(libc_a-makebuf.o)
                0x0200e528                __smakebuf_r
 .text.__swhatbuf_r
                0x0200e674       0x80 /opt/devkitpro/devkitARM/bin/../lib/gcc/arm-none-eabi/14.2.0/../../../../arm-none-eabi/lib/libg.a(libc_a-makebuf.o)
                0x0200e674                __swhatbuf_r
 .text.stdio_exit_handler
                0x0200e6f4       0x28 /opt/devkitpro/devkitARM/bin/../lib/gcc/arm-none-eabi/14.2.0/../../../../arm-none-eabi/lib/libg.a(libc_a-findfp.o)
 .text.cleanup_stdio
                0x0200e71c       0x54 /opt/devkitpro/devkitARM/bin/../lib/gcc/arm-none-eabi/14.2.0/../../../../arm-none-eabi/lib/libg.a(libc_a-findfp.o)
 .text.global_stdio_init.part.0
                0x0200e770      0x158 /opt/devkitpro/devkitARM/bin/../lib/gcc/arm-none-eabi/14.2.0/../../../../arm-none-eabi/lib/libg.a(libc_a-findfp.o)
 .text.__sinit  0x0200e8c8       0x64 /opt/devkitpro/devkitARM/bin/../lib/gcc/arm-none-eabi/14.2.0/../../../../arm-none-eabi/lib/libg.a(libc_a-findfp.o)
                0x0200e8c8                __sinit
 .text.__sfp_lock_acquire
                0x0200e92c       0x18 /opt/devkitpro/devkitARM/bin/../lib/gcc/arm-none-eabi/14.2.0/../../../../arm-none-eabi/lib/libg.a(libc_a-findfp.o)
                0x0200e92c                __sfp_lock_acquire
 .text.__sfp_lock_release
                0x0200e944       0x18 /opt/devkitpro/devkitARM/bin/../lib/gcc/arm-none-eabi/14.2.0/../../../../arm-none-eabi/lib/libg.a(libc_a-findfp.o)
                0x0200e944                __sfp_lock_release
 .text.quorem   0x0200e95c      0x1d8 /opt/devkitpro/devkitARM/bin/../lib/gcc/arm-none-eabi/14.2.0/../../../../arm-none-eabi/lib/libg.a(libc_a-dtoa.o)
 *fill*         0x0200eb34        0x4 ff
 .text._dtoa_r  0x0200eb38     0x1828 /opt/devkitpro/devkitARM/bin/../lib/gcc/arm-none-eabi/14.2.0/../../../../arm-none-eabi/lib/libg.a(libc_a-dtoa.o)
                0x0200eb38                _dtoa_r
 .text._wcrtomb_r
                0x02010360       0xac /opt/devkitpro/devkitARM/bin/../lib/gcc/arm-none-eabi/14.2.0/../../../../arm-none-eabi/lib/libg.a(libc_a-wcrtomb.o)
                0x02010360                _wcrtomb_r
 .text._strtol_l.part.0
                0x0201040c      0x348 /opt/devkitpro/devkitARM/bin/../lib/gcc/arm-none-eabi/14.2.0/../../../../arm-none-eabi/lib/libg.a(libc_a-strtol.o)
 .text._strtol_r
                0x02010754       0x64 /opt/devkitpro/devkitARM/bin/../lib/gcc/arm-none-eabi/14.2.0/../../../../arm-none-eabi/lib/libg.a(libc_a-strtol.o)
                0x02010754                _strtol_r
 .text._fwalk_sglue
                0x020107b8       0x78 /opt/devkitpro/devkitARM/bin/../lib/gcc/arm-none-eabi/14.2.0/../../../../arm-none-eabi/lib/libg.a(libc_a-fwalk.o)
                0x020107b8                _fwalk_sglue
 .text.strncpy  0x02010830       0xd0 /opt/devkitpro/devkitARM/bin/../lib/gcc/arm-none-eabi/14.2.0/../../../../arm-none-eabi/lib/libg.a(libc_a-strncpy.o)
                0x02010830                strncpy
 .text._strtoull_l.isra.0
                0x02010900      0x268 /opt/devkitpro/devkitARM/bin/../lib/gcc/arm-none-eabi/14.2.0/../../../../arm-none-eabi/lib/libg.a(libc_a-strtoull.o)
 .text._strtoull_r
                0x02010b68       0x30 /opt/devkitpro/devkitARM/bin/../lib/gcc/arm-none-eabi/14.2.0/../../../../arm-none-eabi/lib/libg.a(libc_a-strtoull.o)
                0x02010b68                _strtoull_r
 .text._wcsrtombs_r
                0x02010b98       0x2c /opt/devkitpro/devkitARM/bin/../lib/gcc/arm-none-eabi/14.2.0/../../../../arm-none-eabi/lib/libg.a(libc_a-wcsrtombs.o)
                0x02010b98                _wcsrtombs_r
 .text._mbrtowc_r
                0x02010bc4       0xc0 /opt/devkitpro/devkitARM/bin/../lib/gcc/arm-none-eabi/14.2.0/../../../../arm-none-eabi/lib/libg.a(libc_a-mbrtowc.o)
                0x02010bc4                _mbrtowc_r
 .text.__swsetup_r
                0x02010c84      0x194 /opt/devkitpro/devkitARM/bin/../lib/gcc/arm-none-eabi/14.2.0/../../../../arm-none-eabi/lib/libg.a(libc_a-wsetup.o)
                0x02010c84                __swsetup_r
 .text.frexp    0x02010e18       0xa4 /opt/devkitpro/devkitARM/bin/../lib/gcc/arm-none-eabi/14.2.0/../../../../arm-none-eabi/lib/libg.a(libm_a-s_frexp.o)
                0x02010e18                frexp
 .text.__submore
                0x02010ebc       0xa8 /opt/devkitpro/devkitARM/bin/../lib/gcc/arm-none-eabi/14.2.0/../../../../arm-none-eabi/lib/libg.a(libc_a-ungetc.o)
                0x02010ebc                __submore
 .text.__assert_func
                0x02010f64       0x5c /opt/devkitpro/devkitARM/bin/../lib/gcc/arm-none-eabi/14.2.0/../../../../arm-none-eabi/lib/libg.a(libc_a-assert.o)
                0x02010f64                __assert_func
 .text.iswspace_l
                0x02010fc0       0x40 /opt/devkitpro/devkitARM/bin/../lib/gcc/arm-none-eabi/14.2.0/../../../../arm-none-eabi/lib/libg.a(libc_a-iswspace_l.o)
                0x02010fc0                iswspace_l
 .text._Balloc  0x02011000       0x8c /opt/devkitpro/devkitARM/bin/../lib/gcc/arm-none-eabi/14.2.0/../../../../arm-none-eabi/lib/libg.a(libc_a-mprec.o)
                0x02011000                _Balloc
 .text._Bfree   0x0201108c       0x1c /opt/devkitpro/devkitARM/bin/../lib/gcc/arm-none-eabi/14.2.0/../../../../arm-none-eabi/lib/libg.a(libc_a-mprec.o)
                0x0201108c                _Bfree
 .text.__multadd
                0x020110a8      0x100 /opt/devkitpro/devkitARM/bin/../lib/gcc/arm-none-eabi/14.2.0/../../../../arm-none-eabi/lib/libg.a(libc_a-mprec.o)
                0x020110a8                __multadd
 .text.__hi0bits
                0x020111a8       0x80 /opt/devkitpro/devkitARM/bin/../lib/gcc/arm-none-eabi/14.2.0/../../../../arm-none-eabi/lib/libg.a(libc_a-mprec.o)
                0x020111a8                __hi0bits
 .text.__lo0bits
                0x02011228       0xf8 /opt/devkitpro/devkitARM/bin/../lib/gcc/arm-none-eabi/14.2.0/../../../../arm-none-eabi/lib/libg.a(libc_a-mprec.o)
                0x02011228                __lo0bits
 .text.__i2b    0x02011320       0xac /opt/devkitpro/devkitARM/bin/../lib/gcc/arm-none-eabi/14.2.0/../../../../arm-none-eabi/lib/libg.a(libc_a-mprec.o)
                0x02011320                __i2b
 .text.__multiply
                0x020113cc      0x228 /opt/devkitpro/devkitARM/bin/../lib/gcc/arm-none-eabi/14.2.0/../../../../arm-none-eabi/lib/libg.a(libc_a-mprec.o)
                0x020113cc                __multiply
 .text.__pow5mult
                0x020115f4      0x134 /opt/devkitpro/devkitARM/bin/../lib/gcc/arm-none-eabi/14.2.0/../../../../arm-none-eabi/lib/libg.a(libc_a-mprec.o)
                0x020115f4                __pow5mult
 .text.__lshift
                0x02011728      0x13c /opt/devkitpro/devkitARM/bin/../lib/gcc/arm-none-eabi/14.2.0/../../../../arm-none-eabi/lib/libg.a(libc_a-mprec.o)
                0x02011728                __lshift
 .text.__mcmp   0x02011864       0x54 /opt/devkitpro/devkitARM/bin/../lib/gcc/arm-none-eabi/14.2.0/../../../../arm-none-eabi/lib/libg.a(libc_a-mprec.o)
                0x02011864                __mcmp
 .text.__mdiff  0x020118b8      0x204 /opt/devkitpro/devkitARM/bin/../lib/gcc/arm-none-eabi/14.2.0/../../../../arm-none-eabi/lib/libg.a(libc_a-mprec.o)
                0x020118b8                __mdiff
 .text.__d2b    0x02011abc      0x124 /opt/devkitpro/devkitARM/bin/../lib/gcc/arm-none-eabi/14.2.0/../../../../arm-none-eabi/lib/libg.a(libc_a-mprec.o)
                0x02011abc                __d2b
 .text.__sfvwrite_r
                0x02011be0      0x490 /opt/devkitpro/devkitARM/bin/../lib/gcc/arm-none-eabi/14.2.0/../../../../arm-none-eabi/lib/libg.a(libc_a-fvwrite.o)
                0x02011be0                __sfvwrite_r
 .text._strtoll_l.isra.0
                0x02012070      0x49c /opt/devkitpro/devkitARM/bin/../lib/gcc/arm-none-eabi/14.2.0/../../../../arm-none-eabi/lib/libg.a(libc_a-strtoll.o)
 .text._strtoll_r
                0x0201250c       0x30 /opt/devkitpro/devkitARM/bin/../lib/gcc/arm-none-eabi/14.2.0/../../../../arm-none-eabi/lib/libg.a(libc_a-strtoll.o)
                0x0201250c                _strtoll_r
 .text.__locale_mb_cur_max
                0x0201253c       0x28 /opt/devkitpro/devkitARM/bin/../lib/gcc/arm-none-eabi/14.2.0/../../../../arm-none-eabi/lib/libg.a(libc_a-locale.o)
                0x0201253c                __locale_mb_cur_max
 .text.fiprintf
                0x02012564       0x3c /opt/devkitpro/devkitARM/bin/../lib/gcc/arm-none-eabi/14.2.0/../../../../arm-none-eabi/lib/libg.a(libc_a-fiprintf.o)
                0x02012564                fiprintf
 .text._wcsnrtombs_l
                0x020125a0      0x170 /opt/devkitpro/devkitARM/bin/../lib/gcc/arm-none-eabi/14.2.0/../../../../arm-none-eabi/lib/libg.a(libc_a-wcsnrtombs.o)
                0x020125a0                _wcsnrtombs_l
 .text._wcsnrtombs_r
                0x02012710       0x68 /opt/devkitpro/devkitARM/bin/../lib/gcc/arm-none-eabi/14.2.0/../../../../arm-none-eabi/lib/libg.a(libc_a-wcsnrtombs.o)
                0x02012710                _wcsnrtombs_r
 .text.__utf8_mbtowc
                0x02012778      0x334 /opt/devkitpro/devkitARM/bin/../lib/gcc/arm-none-eabi/14.2.0/../../../../arm-none-eabi/lib/libg.a(libc_a-mbtowc_r.o)
                0x02012778                __utf8_mbtowc
 .text.abort    0x02012aac       0x14 /opt/devkitpro/devkitARM/bin/../lib/gcc/arm-none-eabi/14.2.0/../../../../arm-none-eabi/lib/libg.a(libc_a-abort.o)
                0x02012aac                abort
 .text._fclose_r
                0x02012ac0      0x150 /opt/devkitpro/devkitARM/bin/../lib/gcc/arm-none-eabi/14.2.0/../../../../arm-none-eabi/lib/libg.a(libc_a-fclose.o)
                0x02012ac0                _fclose_r
 .text.category
                0x02012c10       0x98 /opt/devkitpro/devkitARM/bin/../lib/gcc/arm-none-eabi/14.2.0/../../../../arm-none-eabi/lib/libg.a(libc_a-categories.o)
                0x02012c10                category
 .text.__utf8_wctomb
                0x02012ca8       0xf4 /opt/devkitpro/devkitARM/bin/../lib/gcc/arm-none-eabi/14.2.0/../../../../arm-none-eabi/lib/libg.a(libc_a-wctomb_r.o)
                0x02012ca8                __utf8_wctomb
 .text._raise_r
                0x02012d9c       0x94 /opt/devkitpro/devkitARM/bin/../lib/gcc/arm-none-eabi/14.2.0/../../../../arm-none-eabi/lib/libg.a(libc_a-signal.o)
                0x02012d9c                _raise_r
 .text.raise    0x02012e30       0x18 /opt/devkitpro/devkitARM/bin/../lib/gcc/arm-none-eabi/14.2.0/../../../../arm-none-eabi/lib/libg.a(libc_a-signal.o)
                0x02012e30                raise
 .text._exit    0x02012e48       0x20 /opt/devkitpro/devkitARM/bin/../lib/gcc/arm-none-eabi/14.2.0/../../../../arm-none-eabi/lib/libsysbase.a(libsysbase_libsysbase_a-_exit.o)
                0x02012e48                _exit
 .text.build_argv
                0x02012e68       0x90 /opt/devkitpro/devkitARM/bin/../lib/gcc/arm-none-eabi/14.2.0/../../../../arm-none-eabi/lib/libsysbase.a(libsysbase_libsysbase_a-build_argv.o)
                0x02012e68                build_argv
 .text._fstat_r
                0x02012ef8       0x8c /opt/devkitpro/devkitARM/bin/../lib/gcc/arm-none-eabi/14.2.0/../../../../arm-none-eabi/lib/libsysbase.a(libsysbase_libsysbase_a-fstat.o)
                0x02012ef8                _fstat_r
 .text._getpid_r
                0x02012f84       0x14 /opt/devkitpro/devkitARM/bin/../lib/gcc/arm-none-eabi/14.2.0/../../../../arm-none-eabi/lib/libsysbase.a(libsysbase_libsysbase_a-getpid.o)
                0x02012f84                _getpid_r
 .text.__getreent
                0x02012f98       0x30 /opt/devkitpro/devkitARM/bin/../lib/gcc/arm-none-eabi/14.2.0/../../../../arm-none-eabi/lib/libsysbase.a(libsysbase_libsysbase_a-getreent.o)
                0x02012f98                __getreent
 .text.__get_handle
                0x02012fc8       0x40 /opt/devkitpro/devkitARM/bin/../lib/gcc/arm-none-eabi/14.2.0/../../../../arm-none-eabi/lib/libsysbase.a(libsysbase_libsysbase_a-handle_manager.o)
                0x02012fc8                __get_handle
 .text._close_r
                0x02013008       0xfc /opt/devkitpro/devkitARM/bin/../lib/gcc/arm-none-eabi/14.2.0/../../../../arm-none-eabi/lib/libsysbase.a(libsysbase_libsysbase_a-handle_manager.o)
                0x02013008                _close_r
 .text.null_write
                0x02013104        0x8 /opt/devkitpro/devkitARM/bin/../lib/gcc/arm-none-eabi/14.2.0/../../../../arm-none-eabi/lib/libsysbase.a(libsysbase_libsysbase_a-iosupport.o)
 .text._isatty_r
                0x0201310c        0x8 /opt/devkitpro/devkitARM/bin/../lib/gcc/arm-none-eabi/14.2.0/../../../../arm-none-eabi/lib/libsysbase.a(libsysbase_libsysbase_a-isatty.o)
                0x0201310c                _isatty_r
 .text._kill_r  0x02013114       0x14 /opt/devkitpro/devkitARM/bin/../lib/gcc/arm-none-eabi/14.2.0/../../../../arm-none-eabi/lib/libsysbase.a(libsysbase_libsysbase_a-kill.o)
                0x02013114                _kill_r
 .text._lseek_r
                0x02013128       0x90 /opt/devkitpro/devkitARM/bin/../lib/gcc/arm-none-eabi/14.2.0/../../../../arm-none-eabi/lib/libsysbase.a(libsysbase_libsysbase_a-lseek.o)
                0x02013128                _lseek_r
 .text._read_r  0x020131b8       0x8c /opt/devkitpro/devkitARM/bin/../lib/gcc/arm-none-eabi/14.2.0/../../../../arm-none-eabi/lib/libsysbase.a(libsysbase_libsysbase_a-read.o)
                0x020131b8                _read_r
 .text._sbrk_r  0x02013244       0x78 /opt/devkitpro/devkitARM/bin/../lib/gcc/arm-none-eabi/14.2.0/../../../../arm-none-eabi/lib/libsysbase.a(libsysbase_libsysbase_a-sbrk.o)
                0x02013244                _sbrk_r
 .text.__libc_lock_acquire
                0x020132bc       0x20 /opt/devkitpro/devkitARM/bin/../lib/gcc/arm-none-eabi/14.2.0/../../../../arm-none-eabi/lib/libsysbase.a(libsysbase_libsysbase_a-syscall_support.o)
                0x020132bc                __libc_lock_acquire
 .text.__libc_lock_release
                0x020132dc       0x20 /opt/devkitpro/devkitARM/bin/../lib/gcc/arm-none-eabi/14.2.0/../../../../arm-none-eabi/lib/libsysbase.a(libsysbase_libsysbase_a-syscall_support.o)
                0x020132dc                __libc_lock_release
 .text.__libc_lock_acquire_recursive
                0x020132fc       0x20 /opt/devkitpro/devkitARM/bin/../lib/gcc/arm-none-eabi/14.2.0/../../../../arm-none-eabi/lib/libsysbase.a(libsysbase_libsysbase_a-syscall_support.o)
                0x020132fc                __libc_lock_acquire_recursive
 .text.__libc_lock_release_recursive
                0x0201331c       0x20 /opt/devkitpro/devkitARM/bin/../lib/gcc/arm-none-eabi/14.2.0/../../../../arm-none-eabi/lib/libsysbase.a(libsysbase_libsysbase_a-syscall_support.o)
                0x0201331c                __libc_lock_release_recursive
 .text._write_r
                0x0201333c       0x8c /opt/devkitpro/devkitARM/bin/../lib/gcc/arm-none-eabi/14.2.0/../../../../arm-none-eabi/lib/libsysbase.a(libsysbase_libsysbase_a-write.o)
                0x0201333c                _write_r
 .text.__udivmoddi4
                0x020133c8      0x128 /opt/devkitpro/devkitARM/bin/../lib/gcc/arm-none-eabi/14.2.0/libgcc.a(_udivmoddi4.o)
                0x020133c8                __udivmoddi4
 .text.__udivmoddi4.__stub
                0x020134f0       0x7c linker stubs
 *(EXCLUDE_FILE(*.twl*) .gnu.warning)
 *(EXCLUDE_FILE(*.twl*) .gnu.linkonce.t*)
 *(.glue_7)
 .glue_7        0x02013578        0x0 linker stubs
 *(.glue_7t)
 .glue_7t       0x02013578        0x0 linker stubs
                0x02013578                        . = ALIGN (0x4)

.vfp11_veneer   0x02013578        0x0
 .vfp11_veneer  0x02013578        0x0 linker stubs

.v4_bx          0x02013578        0x0
 .v4_bx         0x02013578        0x0 linker stubs

.iplt           0x02013578        0x0
 .iplt          0x02013578        0x0 /opt/devkitpro/devkitARM/bin/../lib/gcc/arm-none-eabi/14.2.0/../../../../arm-none-eabi/lib/ds_arm9_crt0.o

.fini           0x02013578       0x18
 *(.fini)
 .fini          0x02013578        0xc /opt/devkitpro/devkitARM/bin/../lib/gcc/arm-none-eabi/14.2.0/crti.o
                0x02013578                _fini
 .fini          0x02013584        0xc /opt/devkitpro/devkitARM/bin/../lib/gcc/arm-none-eabi/14.2.0/crtn.o
                0x02013590                        __text_end = .

.rodata         0x02013590     0x610c
 *(EXCLUDE_FILE(*.twl*) .rodata)
 .rodata        0x02013590        0xb main.o
 *all.rodata*(*)
 *(EXCLUDE_FILE(*.twl*) .roda)
 *(EXCLUDE_FILE(*.twl*) .rodata.*)
 *fill*         0x0201359b        0x1 ff
 .rodata.con_write.str1.4
                0x0201359c      0x178 /opt/devkitpro/libnds/lib/libnds9.a(console.o)
                                 0x30 (size before relaxing)
 .rodata.con_write
                0x02013714       0xd4 /opt/devkitpro/libnds/lib/libnds9.a(console.o)
 .rodata.str1.4
                0x020137e8       0x14 /opt/devkitpro/libnds/lib/libnds9.a(console.o)
 .rodata.dotab_stdout
                0x020137e8       0x80 /opt/devkitpro/libnds/lib/libnds9.a(console.o)
 .rodata.default_font_bin
                0x02013868     0x2000 /opt/devkitpro/libnds/lib/libnds9.a(default_font.bin.o)
                0x02013868                default_font_bin
                0x02015868                default_font_bin_end
 .rodata.SIN_LUT
                0x02015868      0x102 /opt/devkitpro/libnds/lib/libnds9.a(trig.o)
                0x02015868                SIN_LUT
 .rodata.get_arg
                0x0201596a       0x34 /opt/devkitpro/devkitARM/bin/../lib/gcc/arm-none-eabi/14.2.0/../../../../arm-none-eabi/lib/libg.a(libc_a-vfiprintf.o)
 .rodata._vfiprintf_r.str1.1
                0x0201599e       0x3b /opt/devkitpro/devkitARM/bin/../lib/gcc/arm-none-eabi/14.2.0/../../../../arm-none-eabi/lib/libg.a(libc_a-vfiprintf.o)
                                 0x29 (size before relaxing)
 *fill*         0x020159d9        0x1 ff
 .rodata._vfiprintf_r
                0x020159da       0xb6 /opt/devkitpro/devkitARM/bin/../lib/gcc/arm-none-eabi/14.2.0/../../../../arm-none-eabi/lib/libg.a(libc_a-vfiprintf.o)
 .rodata.zeroes.0
                0x02015a90       0x10 /opt/devkitpro/devkitARM/bin/../lib/gcc/arm-none-eabi/14.2.0/../../../../arm-none-eabi/lib/libg.a(libc_a-vfiprintf.o)
 .rodata.blanks.1
                0x02015aa0       0x10 /opt/devkitpro/devkitARM/bin/../lib/gcc/arm-none-eabi/14.2.0/../../../../arm-none-eabi/lib/libg.a(libc_a-vfiprintf.o)
 .rodata.__ssvfiscanf_r
                0x02015ab0       0x7f /opt/devkitpro/devkitARM/bin/../lib/gcc/arm-none-eabi/14.2.0/../../../../arm-none-eabi/lib/libg.a(libc_a-svfiscanf.o)
 *fill*         0x02015b2f        0x1 ff
 .rodata.basefix.0
                0x02015b30       0x22 /opt/devkitpro/devkitARM/bin/../lib/gcc/arm-none-eabi/14.2.0/../../../../arm-none-eabi/lib/libg.a(libc_a-svfiscanf.o)
 .rodata.get_arg
                0x02015b52       0x34 /opt/devkitpro/devkitARM/bin/../lib/gcc/arm-none-eabi/14.2.0/../../../../arm-none-eabi/lib/libg.a(libc_a-vfprintf.o)
 .rodata._vfprintf_r.str1.1
                0x02015b86       0x3b /opt/devkitpro/devkitARM/bin/../lib/gcc/arm-none-eabi/14.2.0/../../../../arm-none-eabi/lib/libg.a(libc_a-vfprintf.o)
 .rodata._vfprintf_r
                0x02015b86       0xb6 /opt/devkitpro/devkitARM/bin/../lib/gcc/arm-none-eabi/14.2.0/../../../../arm-none-eabi/lib/libg.a(libc_a-vfprintf.o)
 .rodata.zeroes.0
                0x02015c3c       0x10 /opt/devkitpro/devkitARM/bin/../lib/gcc/arm-none-eabi/14.2.0/../../../../arm-none-eabi/lib/libg.a(libc_a-vfprintf.o)
 .rodata.blanks.1
                0x02015c4c       0x10 /opt/devkitpro/devkitARM/bin/../lib/gcc/arm-none-eabi/14.2.0/../../../../arm-none-eabi/lib/libg.a(libc_a-vfprintf.o)
 .rodata._dtoa_r.str1.4
                0x02015c5c       0x64 /opt/devkitpro/devkitARM/bin/../lib/gcc/arm-none-eabi/14.2.0/../../../../arm-none-eabi/lib/libg.a(libc_a-dtoa.o)
 .rodata._dtoa_r
                0x02015c5c        0x8 /opt/devkitpro/devkitARM/bin/../lib/gcc/arm-none-eabi/14.2.0/../../../../arm-none-eabi/lib/libg.a(libc_a-dtoa.o)
 .rodata._ctype_
                0x02015c64      0x101 /opt/devkitpro/devkitARM/bin/../lib/gcc/arm-none-eabi/14.2.0/../../../../arm-none-eabi/lib/libg.a(libc_a-ctype_.o)
                0x02015c64                _ctype_
 *fill*         0x02015d65        0x3 ff
 .rodata.__action_table
                0x02015d68       0x6c /opt/devkitpro/devkitARM/bin/../lib/gcc/arm-none-eabi/14.2.0/../../../../arm-none-eabi/lib/libg.a(libc_a-svfiprintf.o)
                0x02015d68                __action_table
 .rodata.__state_table
                0x02015dd4       0x6c /opt/devkitpro/devkitARM/bin/../lib/gcc/arm-none-eabi/14.2.0/../../../../arm-none-eabi/lib/libg.a(libc_a-svfiprintf.o)
                0x02015dd4                __state_table
 .rodata.__chclass
                0x02015e40      0x100 /opt/devkitpro/devkitARM/bin/../lib/gcc/arm-none-eabi/14.2.0/../../../../arm-none-eabi/lib/libg.a(libc_a-svfiprintf.o)
                0x02015e40                __chclass
 .rodata._mbrtowc_r.str1.4
                0x02015f40        0x1 /opt/devkitpro/devkitARM/bin/../lib/gcc/arm-none-eabi/14.2.0/../../../../arm-none-eabi/lib/libg.a(libc_a-mbrtowc.o)
 .rodata.__assert_func.str1.4
                0x02015f40       0x43 /opt/devkitpro/devkitARM/bin/../lib/gcc/arm-none-eabi/14.2.0/../../../../arm-none-eabi/lib/libg.a(libc_a-assert.o)
 .rodata.__multadd.str1.4
                0x02015f40       0x51 /opt/devkitpro/devkitARM/bin/../lib/gcc/arm-none-eabi/14.2.0/../../../../arm-none-eabi/lib/libg.a(libc_a-mprec.o)
 .rodata.p05.0  0x02015f40        0xc /opt/devkitpro/devkitARM/bin/../lib/gcc/arm-none-eabi/14.2.0/../../../../arm-none-eabi/lib/libg.a(libc_a-mprec.o)
 *fill*         0x02015f4c        0x4 ff
 .rodata.__mprec_bigtens
                0x02015f50       0x28 /opt/devkitpro/devkitARM/bin/../lib/gcc/arm-none-eabi/14.2.0/../../../../arm-none-eabi/lib/libg.a(libc_a-mprec.o)
                0x02015f50                __mprec_bigtens
 .rodata.__mprec_tens
                0x02015f78       0xc8 /opt/devkitpro/devkitARM/bin/../lib/gcc/arm-none-eabi/14.2.0/../../../../arm-none-eabi/lib/libg.a(libc_a-mprec.o)
                0x02015f78                __mprec_tens
 .rodata.str1.4
                0x02016040       0x4c /opt/devkitpro/devkitARM/bin/../lib/gcc/arm-none-eabi/14.2.0/../../../../arm-none-eabi/lib/libg.a(libc_a-locale.o)
 .rodata.categories
                0x02016040     0x35dc /opt/devkitpro/devkitARM/bin/../lib/gcc/arm-none-eabi/14.2.0/../../../../arm-none-eabi/lib/libg.a(libc_a-categories.o)
 .rodata.AddDevice.str1.4
                0x0201961c        0x8 /opt/devkitpro/devkitARM/bin/../lib/gcc/arm-none-eabi/14.2.0/../../../../arm-none-eabi/lib/libsysbase.a(libsysbase_libsysbase_a-iosupport.o)
 .rodata.dotab_stdnull
                0x0201961c       0x80 /opt/devkitpro/devkitARM/bin/../lib/gcc/arm-none-eabi/14.2.0/../../../../arm-none-eabi/lib/libsysbase.a(libsysbase_libsysbase_a-iosupport.o)
                0x0201961c                dotab_stdnull
 *(EXCLUDE_FILE(*.twl*) .gnu.linkonce.r*)
                0x0201969c                        . = ALIGN (0x4)

.ARM.extab
 *(.ARM.extab* .gnu.linkonce.armextab.*)
                0x0201969c                        __exidx_start = .

ARM.exidx
 *(.ARM.exidx* .gnu.linkonce.armexidx.*)
                0x0201969c                        __exidx_end = .
                0x0201969c                        . = ALIGN (0x4)
                0x0201969c                        PROVIDE (__preinit_array_start = .)

.preinit_array
 *(.preinit_array)
                0x0201969c                        PROVIDE (__preinit_array_end = .)
                0x0201969c                        PROVIDE (__init_array_start = .)

.init_array     0x0201969c        0x4
 *(SORT_BY_NAME(.init_array.*))
 *(.init_array)
 .init_array    0x0201969c        0x4 /opt/devkitpro/devkitARM/bin/../lib/gcc/arm-none-eabi/14.2.0/crtbegin.o
                0x020196a0                        PROVIDE (__init_array_end = .)
                [!provide]                        PROVIDE (__fini_array_start = .)

.fini_array     0x020196a0        0x4
 *(.fini_array)
 .fini_array    0x020196a0        0x4 /opt/devkitpro/devkitARM/bin/../lib/gcc/arm-none-eabi/14.2.0/crtbegin.o
 *(SORT_BY_NAME(.fini_array.*))
                [!provide]                        PROVIDE (__fini_array_end = .)

.ctors          0x020196a4        0x0
 *crtbegin.o(.ctors)
 *(EXCLUDE_FILE(*crtend.o) .ctors)
 *(SORT_BY_NAME(.ctors.*))
 *(.ctors)
                0x020196a4                        . = ALIGN (0x4)

.dtors          0x020196a4        0x0
 *crtbegin.o(.dtors)
 *(EXCLUDE_FILE(*crtend.o) .dtors)
 *(SORT_BY_NAME(.dtors.*))
 *(.dtors)
                0x020196a4                        . = ALIGN (0x4)

.eh_frame       0x020196a4        0x4
 *(.eh_frame)
 .eh_frame      0x020196a4        0x0 /opt/devkitpro/devkitARM/bin/../lib/gcc/arm-none-eabi/14.2.0/crtbegin.o
 .eh_frame      0x020196a4        0x4 /opt/devkitpro/devkitARM/bin/../lib/gcc/arm-none-eabi/14.2.0/crtend.o
                0x020196a8                        . = ALIGN (0x4)

.rel.dyn        0x020196a8        0x0
 .rel.iplt      0x020196a8        0x0 /opt/devkitpro/devkitARM/bin/../lib/gcc/arm-none-eabi/14.2.0/../../../../arm-none-eabi/lib/ds_arm9_crt0.o

.gcc_except_table
                0x020196a8        0x0
 *(.gcc_except_table)
                0x020196a8                        . = ALIGN (0x4)

.jcr
 *(.jcr)

.got
 *(.got.plt)
 *(.got)
 *(.rel.got)

.ewram          0x020196a8        0x0
                0x020196a8                        __ewram_start = ABSOLUTE (.)
 *(.ewram)
 *ewram.*(.text)
                0x020196a8                        . = ALIGN (0x4)

.data           0x020196a8     0x1860
                0x020196a8                        __data_start = ABSOLUTE (.)
 *(EXCLUDE_FILE(*.twl*) .data)
 .data          0x020196a8       0x28 /opt/devkitpro/libnds/lib/libnds9.a(mpu_setup.o)
 *(EXCLUDE_FILE(*.twl*) .data.*)
 .data.firstConsoleInit.0
                0x020196d0        0x1 /opt/devkitpro/libnds/lib/libnds9.a(console.o)
 *fill*         0x020196d1        0x3 ff
 .data.currentConsole
                0x020196d4        0x4 /opt/devkitpro/libnds/lib/libnds9.a(console.o)
                0x020196d4                currentConsole
 .data.defaultConsole
                0x020196d8       0x5c /opt/devkitpro/libnds/lib/libnds9.a(console.o)
                0x020196d8                defaultConsole
 .data.fifo_freewords
                0x02019734        0x4 /opt/devkitpro/libnds/lib/libnds9.a(fifosystem.o)
                0x02019734                fifo_freewords
 .data.fifo_receive_queue
                0x02019738        0x4 /opt/devkitpro/libnds/lib/libnds9.a(fifosystem.o)
                0x02019738                fifo_receive_queue
 .data.fifo_send_queue
                0x0201973c        0x4 /opt/devkitpro/libnds/lib/libnds9.a(fifosystem.o)
                0x0201973c                fifo_send_queue
 .data.fifo_buffer_free
                0x02019740        0x4 /opt/devkitpro/libnds/lib/libnds9.a(fifosystem.o)
                0x02019740                fifo_buffer_free
 .data.bgTransform
                0x02019744       0x20 /opt/devkitpro/libnds/lib/libnds9.a(background.o)
                0x02019744                bgTransform
 .data.bgScrollTable
                0x02019764       0x20 /opt/devkitpro/libnds/lib/libnds9.a(background.o)
                0x02019764                bgScrollTable
 .data.bgControl
                0x02019784       0x20 /opt/devkitpro/libnds/lib/libnds9.a(background.o)
                0x02019784                bgControl
 .data.__malloc_sbrk_base
                0x020197a4        0x4 /opt/devkitpro/devkitARM/bin/../lib/gcc/arm-none-eabi/14.2.0/../../../../arm-none-eabi/lib/libg.a(libc_a-mallocr.o)
                0x020197a4                __malloc_sbrk_base
 .data.__malloc_trim_threshold
                0x020197a8        0x4 /opt/devkitpro/devkitARM/bin/../lib/gcc/arm-none-eabi/14.2.0/../../../../arm-none-eabi/lib/libg.a(libc_a-mallocr.o)
                0x020197a8                __malloc_trim_threshold
 *fill*         0x020197ac        0x4 ff
 .data.__malloc_av_
                0x020197b0      0x408 /opt/devkitpro/devkitARM/bin/../lib/gcc/arm-none-eabi/14.2.0/../../../../arm-none-eabi/lib/libg.a(libc_a-mallocr.o)
                0x020197b0                __malloc_av_
 .data._impure_ptr
                0x02019bb8        0x4 /opt/devkitpro/devkitARM/bin/../lib/gcc/arm-none-eabi/14.2.0/../../../../arm-none-eabi/lib/libg.a(libc_a-impure.o)
                0x02019bb8                _impure_ptr
 *fill*         0x02019bbc        0x4 ff
 .data._impure_data
                0x02019bc0      0x120 /opt/devkitpro/devkitARM/bin/../lib/gcc/arm-none-eabi/14.2.0/../../../../arm-none-eabi/lib/libg.a(libc_a-impure.o)
                0x02019bc0                _impure_data
 .data.__sglue  0x02019ce0        0xc /opt/devkitpro/devkitARM/bin/../lib/gcc/arm-none-eabi/14.2.0/../../../../arm-none-eabi/lib/libg.a(libc_a-findfp.o)
                0x02019ce0                __sglue
 .data.__global_locale
                0x02019cec      0x16c /opt/devkitpro/devkitARM/bin/../lib/gcc/arm-none-eabi/14.2.0/../../../../arm-none-eabi/lib/libg.a(libc_a-locale.o)
                0x02019cec                __global_locale
 .data.handles  0x02019e58     0x1000 /opt/devkitpro/devkitARM/bin/../lib/gcc/arm-none-eabi/14.2.0/../../../../arm-none-eabi/lib/libsysbase.a(libsysbase_libsysbase_a-handle_manager.o)
 .data.__stderr_handle
                0x0201ae58        0xc /opt/devkitpro/devkitARM/bin/../lib/gcc/arm-none-eabi/14.2.0/../../../../arm-none-eabi/lib/libsysbase.a(libsysbase_libsysbase_a-handle_manager.o)
 .data.__stdout_handle
                0x0201ae64        0xc /opt/devkitpro/devkitARM/bin/../lib/gcc/arm-none-eabi/14.2.0/../../../../arm-none-eabi/lib/libsysbase.a(libsysbase_libsysbase_a-handle_manager.o)
 .data.__stdin_handle
                0x0201ae70        0xc /opt/devkitpro/devkitARM/bin/../lib/gcc/arm-none-eabi/14.2.0/../../../../arm-none-eabi/lib/libsysbase.a(libsysbase_libsysbase_a-handle_manager.o)
 .data.devoptab_list
                0x0201ae7c       0x8c /opt/devkitpro/devkitARM/bin/../lib/gcc/arm-none-eabi/14.2.0/../../../../arm-none-eabi/lib/libsysbase.a(libsysbase_libsysbase_a-iosupport.o)
                0x0201ae7c                devoptab_list
 *(EXCLUDE_FILE(*.twl*) .gnu.linkonce.d*)
                0x0201af08                        . = ALIGN (0x4)
                0x0201af08                        __data_end = ABSOLUTE (.)
                0x0201af08                        __bss_vma = .

.igot.plt       0x0201af08        0x0
 .igot.plt      0x0201af08        0x0 /opt/devkitpro/devkitARM/bin/../lib/gcc/arm-none-eabi/14.2.0/../../../../arm-none-eabi/lib/ds_arm9_crt0.o

.dtcm           0x02ff0000        0x0 load address 0x0201af08
                0x0201af08                        __dtcm_lma = LOADADDR (.dtcm)
                0x02ff0000                        __dtcm_start = ABSOLUTE (.)
 *(.dtcm)
 *(.dtcm.*)
                0x02ff0000                        . = ALIGN (0x4)
                0x02ff0000                        __dtcm_end = ABSOLUTE (.)

.itcm           0x01000100      0x194 load address 0x0201af08
                0x0201af08                        __itcm_lma = LOADADDR (.itcm)
                0x01000100                        __itcm_start = ABSOLUTE (.)
 *(.itcm)
 .itcm          0x01000100       0xc8 /opt/devkitpro/libnds/lib/libnds9.a(interrupts.o)
                0x01000100                irqTable
 .itcm          0x010001c8       0xcc /opt/devkitpro/libnds/lib/libnds9.a(interruptDispatcher.o)
                0x010001c8                IntrMain
 *.itcm*(.text .stub .text.*)
                0x01000294                        . = ALIGN (0x4)
                0x01000294                        __itcm_end = ABSOLUTE (.)

.vectors        0x01000000        0x0 load address 0x0201b09c
                0x0201b09c                        __vectors_lma = LOADADDR (.vectors)
                0x01000000                        __vectors_start = ABSOLUTE (.)
 *(.vectors .vectors.*)
                0x01000000                        . = ALIGN (0x4)
                0x01000000                        __vectors_end = ABSOLUTE (.)

.sbss           0x02ff0000        0x0
                0x02ff0000                        __sbss_start = ABSOLUTE (.)
                0x02ff0000                        __sbss_start__ = ABSOLUTE (.)
 *(.sbss)
                0x02ff0000                        . = ALIGN (0x4)
                0x02ff0000                        __sbss_end = ABSOLUTE (.)

.bss            0x0201af08      0xddc
                0x0201af08                        __bss_start = ABSOLUTE (.)
                0x0201af08                        __bss_start__ = ABSOLUTE (.)
 *(EXCLUDE_FILE(*.twl*) .dynbss)
 *(EXCLUDE_FILE(*.twl*) .gnu.linkonce.b*)
 *(EXCLUDE_FILE(*.twl*) .bss*)
 .bss.completed.1
                0x0201af08        0x1 /opt/devkitpro/devkitARM/bin/../lib/gcc/arm-none-eabi/14.2.0/crtbegin.o
 *fill*         0x0201af09        0x3 
 .bss.object.0  0x0201af0c       0x18 /opt/devkitpro/devkitARM/bin/../lib/gcc/arm-none-eabi/14.2.0/crtbegin.o
 .bss.currentCopy
                0x0201af24       0x5c /opt/devkitpro/libnds/lib/libnds9.a(console.o)
                0x0201af24                currentCopy
 .bss.punixTime
                0x0201af80        0x4 /opt/devkitpro/libnds/lib/libnds9.a(initSystem.o)
                0x0201af80                punixTime
 .bss.__dsimode
                0x0201af84        0x1 /opt/devkitpro/libnds/lib/libnds9.a(initSystem.o)
                0x0201af84                __dsimode
 *fill*         0x0201af85        0x3 
 .bss.processing
                0x0201af88        0x4 /opt/devkitpro/libnds/lib/libnds9.a(fifosystem.o)
                0x0201af88                processing
 .bss.fifo_datamsg_data
                0x0201af8c       0x40 /opt/devkitpro/libnds/lib/libnds9.a(fifosystem.o)
                0x0201af8c                fifo_datamsg_data
 .bss.fifo_datamsg_func
                0x0201afcc       0x40 /opt/devkitpro/libnds/lib/libnds9.a(fifosystem.o)
                0x0201afcc                fifo_datamsg_func
 .bss.fifo_value32_data
                0x0201b00c       0x40 /opt/devkitpro/libnds/lib/libnds9.a(fifosystem.o)
                0x0201b00c                fifo_value32_data
 .bss.fifo_value32_func
                0x0201b04c       0x40 /opt/devkitpro/libnds/lib/libnds9.a(fifosystem.o)
                0x0201b04c                fifo_value32_func
 .bss.fifo_address_data
                0x0201b08c       0x40 /opt/devkitpro/libnds/lib/libnds9.a(fifosystem.o)
                0x0201b08c                fifo_address_data
 .bss.fifo_address_func
                0x0201b0cc       0x40 /opt/devkitpro/libnds/lib/libnds9.a(fifosystem.o)
                0x0201b0cc                fifo_address_func
 .bss.fifo_value32_queue
                0x0201b10c       0x40 /opt/devkitpro/libnds/lib/libnds9.a(fifosystem.o)
                0x0201b10c                fifo_value32_queue
 .bss.fifo_data_queue
                0x0201b14c       0x40 /opt/devkitpro/libnds/lib/libnds9.a(fifosystem.o)
                0x0201b14c                fifo_data_queue
 .bss.fifo_address_queue
                0x0201b18c       0x40 /opt/devkitpro/libnds/lib/libnds9.a(fifosystem.o)
                0x0201b18c                fifo_address_queue
 .bss.fifo_buffer
                0x0201b1cc      0x800 /opt/devkitpro/libnds/lib/libnds9.a(fifosystem.o)
                0x0201b1cc                fifo_buffer
 .bss.bgIsTextLut
                0x0201b9cc        0x8 /opt/devkitpro/libnds/lib/libnds9.a(background.o)
                0x0201b9cc                bgIsTextLut
 .bss.bgState   0x0201b9d4      0x140 /opt/devkitpro/libnds/lib/libnds9.a(background.o)
                0x0201b9d4                bgState
 .bss.SDcallback
                0x0201bb14        0x4 /opt/devkitpro/libnds/lib/libnds9.a(system.o)
 .bss.__malloc_current_mallinfo
                0x0201bb18       0x28 /opt/devkitpro/devkitARM/bin/../lib/gcc/arm-none-eabi/14.2.0/../../../../arm-none-eabi/lib/libg.a(libc_a-mallocr.o)
                0x0201bb18                __malloc_current_mallinfo
 .bss.__malloc_max_total_mem
                0x0201bb40        0x4 /opt/devkitpro/devkitARM/bin/../lib/gcc/arm-none-eabi/14.2.0/../../../../arm-none-eabi/lib/libg.a(libc_a-mallocr.o)
                0x0201bb40                __malloc_max_total_mem
 .bss.__malloc_max_sbrked_mem
                0x0201bb44        0x4 /opt/devkitpro/devkitARM/bin/../lib/gcc/arm-none-eabi/14.2.0/../../../../arm-none-eabi/lib/libg.a(libc_a-mallocr.o)
                0x0201bb44                __malloc_max_sbrked_mem
 .bss.__malloc_top_pad
                0x0201bb48        0x4 /opt/devkitpro/devkitARM/bin/../lib/gcc/arm-none-eabi/14.2.0/../../../../arm-none-eabi/lib/libg.a(libc_a-mallocr.o)
                0x0201bb48                __malloc_top_pad
 .bss.__malloc_recursive_mutex
                0x0201bb4c        0xc /opt/devkitpro/devkitARM/bin/../lib/gcc/arm-none-eabi/14.2.0/../../../../arm-none-eabi/lib/libg.a(libc_a-mlock.o)
 .bss.__sfp_recursive_mutex
                0x0201bb58        0xc /opt/devkitpro/devkitARM/bin/../lib/gcc/arm-none-eabi/14.2.0/../../../../arm-none-eabi/lib/libg.a(libc_a-findfp.o)
 *fill*         0x0201bb64        0x4 
 .bss.__sf      0x0201bb68      0x168 /opt/devkitpro/devkitARM/bin/../lib/gcc/arm-none-eabi/14.2.0/../../../../arm-none-eabi/lib/libg.a(libc_a-findfp.o)
                0x0201bb68                __sf
 .bss.__stdio_exit_handler
                0x0201bcd0        0x4 /opt/devkitpro/devkitARM/bin/../lib/gcc/arm-none-eabi/14.2.0/../../../../arm-none-eabi/lib/libg.a(libc_a-findfp.o)
                0x0201bcd0                __stdio_exit_handler
 .bss.__hndl_lock
                0x0201bcd4        0x4 /opt/devkitpro/devkitARM/bin/../lib/gcc/arm-none-eabi/14.2.0/../../../../arm-none-eabi/lib/libsysbase.a(libsysbase_libsysbase_a-handle_manager.o)
 .bss.fake_heap_start
                0x0201bcd8        0x4 /opt/devkitpro/devkitARM/bin/../lib/gcc/arm-none-eabi/14.2.0/../../../../arm-none-eabi/lib/libsysbase.a(libsysbase_libsysbase_a-malloc_vars.o)
                0x0201bcd8                fake_heap_start
 .bss.fake_heap_end
                0x0201bcdc        0x4 /opt/devkitpro/devkitARM/bin/../lib/gcc/arm-none-eabi/14.2.0/../../../../arm-none-eabi/lib/libsysbase.a(libsysbase_libsysbase_a-malloc_vars.o)
                0x0201bcdc                fake_heap_end
 .bss.heap_start.0
                0x0201bce0        0x4 /opt/devkitpro/devkitARM/bin/../lib/gcc/arm-none-eabi/14.2.0/../../../../arm-none-eabi/lib/libsysbase.a(libsysbase_libsysbase_a-sbrk.o)
 *(EXCLUDE_FILE(*.twl*) COMMON)
                0x0201bce4                        . = ALIGN (0x4)
                0x0201bce4                        __bss_end__ = ABSOLUTE (.)
                0x0201bce4                        __end__ = ABSOLUTE (.)

.twl            0x0201bce4        0x0 load address 0x02400000
                0x02400000                        __arm9i_lma__ = LOADADDR (.twl)
                0x0201bce4                        __arm9i_start__ = ABSOLUTE (.)
 *(.twl)
 *.twl*(.text .stub .text.* .gnu.linkonce.t.*)
 *.twl*(.rodata)
 *.twl*(.roda)
 *.twl*(.rodata.*)
 *.twl*(.data)
 *.twl*(.data.*)
 *.twl*(.gnu.linkonce.d*)
                0x0201bce4                        __arm9i_end__ = ABSOLUTE (.)

.twl_bss        0x0201bce4        0x0
                0x0201bce4                        __twl_bss_start__ = ABSOLUTE (.)
 *(.twl_bss)
 *.twl*(.dynbss)
 *.twl*(.gnu.linkonce.b*)
 *.twl*(.bss*)
 *.twl*(COMMON)
                0x0201bce4                        . = ALIGN (0x4)
                0x0201bce4                        __twl_bss_end__ = ABSOLUTE (.)
                0x0201bce4                        __twl_end__ = ABSOLUTE (.)

.stab
 *(.stab)

.stabstr
 *(.stabstr)

.stab.excl
 *(.stab.excl)

.stab.exclstr
 *(.stab.exclstr)

.stab.index
 *(.stab.index)

.stab.indexstr
 *(.stab.indexstr)

.comment        0x00000000       0x23
 *(.comment)
 .comment       0x00000000       0x23 /opt/devkitpro/devkitARM/bin/../lib/gcc/arm-none-eabi/14.2.0/crtbegin.o
                                 0x24 (size before relaxing)
 .comment       0x00000023       0x24 main.o
 .comment       0x00000023       0x24 /opt/devkitpro/libnds/lib/libnds9.a(console.o)
 .comment       0x00000023       0x24 /opt/devkitpro/libnds/lib/libnds9.a(initSystem.o)
 .comment       0x00000023       0x24 /opt/devkitpro/libnds/lib/libnds9.a(securearea.o)
 .comment       0x00000023       0x24 /opt/devkitpro/libnds/lib/libnds9.a(fifosystem.o)
 .comment       0x00000023       0x24 /opt/devkitpro/libnds/lib/libnds9.a(interrupts.o)
 .comment       0x00000023       0x24 /opt/devkitpro/libnds/lib/libnds9.a(libnds_exit.arm.o)
 .comment       0x00000023       0x24 /opt/devkitpro/libnds/lib/libnds9.a(background.o)
 .comment       0x00000023       0x24 /opt/devkitpro/libnds/lib/libnds9.a(system.o)
 .comment       0x00000023       0x24 /opt/devkitpro/libnds/lib/libnds9.a(trig.o)
 .comment       0x00000023       0x24 /opt/devkitpro/libnds/lib/libnds9.a(video.o)
 .comment       0x00000023       0x24 /opt/devkitpro/devkitARM/bin/../lib/gcc/arm-none-eabi/14.2.0/../../../../arm-none-eabi/lib/libg.a(libc_a-siscanf.o)
 .comment       0x00000023       0x24 /opt/devkitpro/devkitARM/bin/../lib/gcc/arm-none-eabi/14.2.0/../../../../arm-none-eabi/lib/libg.a(libc_a-stdio.o)
 .comment       0x00000023       0x24 /opt/devkitpro/devkitARM/bin/../lib/gcc/arm-none-eabi/14.2.0/../../../../arm-none-eabi/lib/libg.a(libc_a-callocr.o)
 .comment       0x00000023       0x24 /opt/devkitpro/devkitARM/bin/../lib/gcc/arm-none-eabi/14.2.0/../../../../arm-none-eabi/lib/libg.a(libc_a-realloc.o)
 .comment       0x00000023       0x24 /opt/devkitpro/devkitARM/bin/../lib/gcc/arm-none-eabi/14.2.0/../../../../arm-none-eabi/lib/libg.a(libc_a-mallocr.o)
 .comment       0x00000023       0x24 /opt/devkitpro/devkitARM/bin/../lib/gcc/arm-none-eabi/14.2.0/../../../../arm-none-eabi/lib/libg.a(libc_a-freer.o)
 .comment       0x00000023       0x24 /opt/devkitpro/devkitARM/bin/../lib/gcc/arm-none-eabi/14.2.0/../../../../arm-none-eabi/lib/libg.a(libc_a-setvbuf.o)
 .comment       0x00000023       0x24 /opt/devkitpro/devkitARM/bin/../lib/gcc/arm-none-eabi/14.2.0/../../../../arm-none-eabi/lib/libg.a(libc_a-errno.o)
 .comment       0x00000023       0x24 /opt/devkitpro/devkitARM/bin/../lib/gcc/arm-none-eabi/14.2.0/../../../../arm-none-eabi/lib/libg.a(libc_a-malloc.o)
 .comment       0x00000023       0x24 /opt/devkitpro/devkitARM/bin/../lib/gcc/arm-none-eabi/14.2.0/../../../../arm-none-eabi/lib/libg.a(libc_a-memcpy-stub.o)
 .comment       0x00000023       0x24 /opt/devkitpro/devkitARM/bin/../lib/gcc/arm-none-eabi/14.2.0/../../../../arm-none-eabi/lib/libg.a(libc_a-printf.o)
 .comment       0x00000023       0x24 /opt/devkitpro/devkitARM/bin/../lib/gcc/arm-none-eabi/14.2.0/../../../../arm-none-eabi/lib/libg.a(libc_a-memset.o)
 .comment       0x00000023       0x24 /opt/devkitpro/devkitARM/bin/../lib/gcc/arm-none-eabi/14.2.0/../../../../arm-none-eabi/lib/libg.a(libc_a-reallocr.o)
 .comment       0x00000023       0x24 /opt/devkitpro/devkitARM/bin/../lib/gcc/arm-none-eabi/14.2.0/../../../../arm-none-eabi/lib/libg.a(libc_a-mlock.o)
 .comment       0x00000023       0x24 /opt/devkitpro/devkitARM/bin/../lib/gcc/arm-none-eabi/14.2.0/../../../../arm-none-eabi/lib/libg.a(libc_a-init.o)
 .comment       0x00000023       0x24 /opt/devkitpro/devkitARM/bin/../lib/gcc/arm-none-eabi/14.2.0/../../../../arm-none-eabi/lib/libg.a(libc_a-fflush.o)
 .comment       0x00000023       0x24 /opt/devkitpro/devkitARM/bin/../lib/gcc/arm-none-eabi/14.2.0/../../../../arm-none-eabi/lib/libg.a(libc_a-strlen-stub.o)
 .comment       0x00000023       0x24 /opt/devkitpro/devkitARM/bin/../lib/gcc/arm-none-eabi/14.2.0/../../../../arm-none-eabi/lib/libg.a(libc_a-memmove.o)
 .comment       0x00000023       0x24 /opt/devkitpro/devkitARM/bin/../lib/gcc/arm-none-eabi/14.2.0/../../../../arm-none-eabi/lib/libg.a(libc_a-impure.o)
 .comment       0x00000023       0x24 /opt/devkitpro/devkitARM/bin/../lib/gcc/arm-none-eabi/14.2.0/../../../../arm-none-eabi/lib/libg.a(libc_a-vfiprintf.o)
 .comment       0x00000023       0x24 /opt/devkitpro/devkitARM/bin/../lib/gcc/arm-none-eabi/14.2.0/../../../../arm-none-eabi/lib/libg.a(libc_a-malignr.o)
 .comment       0x00000023       0x24 /opt/devkitpro/devkitARM/bin/../lib/gcc/arm-none-eabi/14.2.0/../../../../arm-none-eabi/lib/libg.a(libc_a-memchr-stub.o)
 .comment       0x00000023       0x24 /opt/devkitpro/devkitARM/bin/../lib/gcc/arm-none-eabi/14.2.0/../../../../arm-none-eabi/lib/libg.a(libc_a-svfiscanf.o)
 .comment       0x00000023       0x24 /opt/devkitpro/devkitARM/bin/../lib/gcc/arm-none-eabi/14.2.0/../../../../arm-none-eabi/lib/libg.a(libc_a-strtoul.o)
 .comment       0x00000023       0x24 /opt/devkitpro/devkitARM/bin/../lib/gcc/arm-none-eabi/14.2.0/../../../../arm-none-eabi/lib/libg.a(libc_a-sprint_r.o)
 .comment       0x00000023       0x24 /opt/devkitpro/devkitARM/bin/../lib/gcc/arm-none-eabi/14.2.0/../../../../arm-none-eabi/lib/libg.a(libc_a-iswspace.o)
 .comment       0x00000023       0x24 /opt/devkitpro/devkitARM/bin/../lib/gcc/arm-none-eabi/14.2.0/../../../../arm-none-eabi/lib/libg.a(libc_a-sccl.o)
 .comment       0x00000023       0x24 /opt/devkitpro/devkitARM/bin/../lib/gcc/arm-none-eabi/14.2.0/../../../../arm-none-eabi/lib/libg.a(libc_a-localeconv.o)
 .comment       0x00000023       0x24 /opt/devkitpro/devkitARM/bin/../lib/gcc/arm-none-eabi/14.2.0/../../../../arm-none-eabi/lib/libg.a(libc_a-vfprintf.o)
 .comment       0x00000023       0x24 /opt/devkitpro/devkitARM/bin/../lib/gcc/arm-none-eabi/14.2.0/../../../../arm-none-eabi/lib/libg.a(libc_a-makebuf.o)
 .comment       0x00000023       0x24 /opt/devkitpro/devkitARM/bin/../lib/gcc/arm-none-eabi/14.2.0/../../../../arm-none-eabi/lib/libg.a(libc_a-findfp.o)
 .comment       0x00000023       0x24 /opt/devkitpro/devkitARM/bin/../lib/gcc/arm-none-eabi/14.2.0/../../../../arm-none-eabi/lib/libg.a(libc_a-dtoa.o)
 .comment       0x00000023       0x24 /opt/devkitpro/devkitARM/bin/../lib/gcc/arm-none-eabi/14.2.0/../../../../arm-none-eabi/lib/libg.a(libc_a-wcrtomb.o)
 .comment       0x00000023       0x24 /opt/devkitpro/devkitARM/bin/../lib/gcc/arm-none-eabi/14.2.0/../../../../arm-none-eabi/lib/libg.a(libc_a-strtol.o)
 .comment       0x00000023       0x24 /opt/devkitpro/devkitARM/bin/../lib/gcc/arm-none-eabi/14.2.0/../../../../arm-none-eabi/lib/libg.a(libc_a-ctype_.o)
 .comment       0x00000023       0x24 /opt/devkitpro/devkitARM/bin/../lib/gcc/arm-none-eabi/14.2.0/../../../../arm-none-eabi/lib/libg.a(libc_a-fwalk.o)
 .comment       0x00000023       0x24 /opt/devkitpro/devkitARM/bin/../lib/gcc/arm-none-eabi/14.2.0/../../../../arm-none-eabi/lib/libg.a(libc_a-strncpy.o)
 .comment       0x00000023       0x24 /opt/devkitpro/devkitARM/bin/../lib/gcc/arm-none-eabi/14.2.0/../../../../arm-none-eabi/lib/libg.a(libc_a-strtoull.o)
 .comment       0x00000023       0x24 /opt/devkitpro/devkitARM/bin/../lib/gcc/arm-none-eabi/14.2.0/../../../../arm-none-eabi/lib/libg.a(libc_a-wcsrtombs.o)
 .comment       0x00000023       0x24 /opt/devkitpro/devkitARM/bin/../lib/gcc/arm-none-eabi/14.2.0/../../../../arm-none-eabi/lib/libg.a(libc_a-svfiprintf.o)
 .comment       0x00000023       0x24 /opt/devkitpro/devkitARM/bin/../lib/gcc/arm-none-eabi/14.2.0/../../../../arm-none-eabi/lib/libg.a(libc_a-mbrtowc.o)
 .comment       0x00000023       0x24 /opt/devkitpro/devkitARM/bin/../lib/gcc/arm-none-eabi/14.2.0/../../../../arm-none-eabi/lib/libg.a(libc_a-wsetup.o)
 .comment       0x00000023       0x24 /opt/devkitpro/devkitARM/bin/../lib/gcc/arm-none-eabi/14.2.0/../../../../arm-none-eabi/lib/libg.a(libm_a-s_frexp.o)
 .comment       0x00000023       0x24 /opt/devkitpro/devkitARM/bin/../lib/gcc/arm-none-eabi/14.2.0/../../../../arm-none-eabi/lib/libg.a(libc_a-ungetc.o)
 .comment       0x00000023       0x24 /opt/devkitpro/devkitARM/bin/../lib/gcc/arm-none-eabi/14.2.0/../../../../arm-none-eabi/lib/libg.a(libc_a-assert.o)
 .comment       0x00000023       0x24 /opt/devkitpro/devkitARM/bin/../lib/gcc/arm-none-eabi/14.2.0/../../../../arm-none-eabi/lib/libg.a(libc_a-iswspace_l.o)
 .comment       0x00000023       0x24 /opt/devkitpro/devkitARM/bin/../lib/gcc/arm-none-eabi/14.2.0/../../../../arm-none-eabi/lib/libg.a(libc_a-mprec.o)
 .comment       0x00000023       0x24 /opt/devkitpro/devkitARM/bin/../lib/gcc/arm-none-eabi/14.2.0/../../../../arm-none-eabi/lib/libg.a(libc_a-fvwrite.o)
 .comment       0x00000023       0x24 /opt/devkitpro/devkitARM/bin/../lib/gcc/arm-none-eabi/14.2.0/../../../../arm-none-eabi/lib/libg.a(libc_a-strtoll.o)
 .comment       0x00000023       0x24 /opt/devkitpro/devkitARM/bin/../lib/gcc/arm-none-eabi/14.2.0/../../../../arm-none-eabi/lib/libg.a(libc_a-locale.o)
 .comment       0x00000023       0x24 /opt/devkitpro/devkitARM/bin/../lib/gcc/arm-none-eabi/14.2.0/../../../../arm-none-eabi/lib/libg.a(libc_a-fiprintf.o)
 .comment       0x00000023       0x24 /opt/devkitpro/devkitARM/bin/../lib/gcc/arm-none-eabi/14.2.0/../../../../arm-none-eabi/lib/libg.a(libc_a-wcsnrtombs.o)
 .comment       0x00000023       0x24 /opt/devkitpro/devkitARM/bin/../lib/gcc/arm-none-eabi/14.2.0/../../../../arm-none-eabi/lib/libg.a(libc_a-mbtowc_r.o)
 .comment       0x00000023       0x24 /opt/devkitpro/devkitARM/bin/../lib/gcc/arm-none-eabi/14.2.0/../../../../arm-none-eabi/lib/libg.a(libc_a-abort.o)
 .comment       0x00000023       0x24 /opt/devkitpro/devkitARM/bin/../lib/gcc/arm-none-eabi/14.2.0/../../../../arm-none-eabi/lib/libg.a(libc_a-fclose.o)
 .comment       0x00000023       0x24 /opt/devkitpro/devkitARM/bin/../lib/gcc/arm-none-eabi/14.2.0/../../../../arm-none-eabi/lib/libg.a(libc_a-categories.o)
 .comment       0x00000023       0x24 /opt/devkitpro/devkitARM/bin/../lib/gcc/arm-none-eabi/14.2.0/../../../../arm-none-eabi/lib/libg.a(libc_a-wctomb_r.o)
 .comment       0x00000023       0x24 /opt/devkitpro/devkitARM/bin/../lib/gcc/arm-none-eabi/14.2.0/../../../../arm-none-eabi/lib/libg.a(libc_a-signal.o)
 .comment       0x00000023       0x24 /opt/devkitpro/devkitARM/bin/../lib/gcc/arm-none-eabi/14.2.0/../../../../arm-none-eabi/lib/libsysbase.a(libsysbase_libsysbase_a-_exit.o)
 .comment       0x00000023       0x24 /opt/devkitpro/devkitARM/bin/../lib/gcc/arm-none-eabi/14.2.0/../../../../arm-none-eabi/lib/libsysbase.a(libsysbase_libsysbase_a-build_argv.o)
 .comment       0x00000023       0x24 /opt/devkitpro/devkitARM/bin/../lib/gcc/arm-none-eabi/14.2.0/../../../../arm-none-eabi/lib/libsysbase.a(libsysbase_libsysbase_a-fstat.o)
 .comment       0x00000023       0x24 /opt/devkitpro/devkitARM/bin/../lib/gcc/arm-none-eabi/14.2.0/../../../../arm-none-eabi/lib/libsysbase.a(libsysbase_libsysbase_a-getpid.o)
 .comment       0x00000023       0x24 /opt/devkitpro/devkitARM/bin/../lib/gcc/arm-none-eabi/14.2.0/../../../../arm-none-eabi/lib/libsysbase.a(libsysbase_libsysbase_a-getreent.o)
 .comment       0x00000023       0x24 /opt/devkitpro/devkitARM/bin/../lib/gcc/arm-none-eabi/14.2.0/../../../../arm-none-eabi/lib/libsysbase.a(libsysbase_libsysbase_a-handle_manager.o)
 .comment       0x00000023       0x24 /opt/devkitpro/devkitARM/bin/../lib/gcc/arm-none-eabi/14.2.0/../../../../arm-none-eabi/lib/libsysbase.a(libsysbase_libsysbase_a-iosupport.o)
 .comment       0x00000023       0x24 /opt/devkitpro/devkitARM/bin/../lib/gcc/arm-none-eabi/14.2.0/../../../../arm-none-eabi/lib/libsysbase.a(libsysbase_libsysbase_a-isatty.o)
 .comment       0x00000023       0x24 /opt/devkitpro/devkitARM/bin/../lib/gcc/arm-none-eabi/14.2.0/../../../../arm-none-eabi/lib/libsysbase.a(libsysbase_libsysbase_a-kill.o)
 .comment       0x00000023       0x24 /opt/devkitpro/devkitARM/bin/../lib/gcc/arm-none-eabi/14.2.0/../../../../arm-none-eabi/lib/libsysbase.a(libsysbase_libsysbase_a-lseek.o)
 .comment       0x00000023       0x24 /opt/devkitpro/devkitARM/bin/../lib/gcc/arm-none-eabi/14.2.0/../../../../arm-none-eabi/lib/libsysbase.a(libsysbase_libsysbase_a-malloc_vars.o)
 .comment       0x00000023       0x24 /opt/devkitpro/devkitARM/bin/../lib/gcc/arm-none-eabi/14.2.0/../../../../arm-none-eabi/lib/libsysbase.a(libsysbase_libsysbase_a-read.o)
 .comment       0x00000023       0x24 /opt/devkitpro/devkitARM/bin/../lib/gcc/arm-none-eabi/14.2.0/../../../../arm-none-eabi/lib/libsysbase.a(libsysbase_libsysbase_a-sbrk.o)
 .comment       0x00000023       0x24 /opt/devkitpro/devkitARM/bin/../lib/gcc/arm-none-eabi/14.2.0/../../../../arm-none-eabi/lib/libsysbase.a(libsysbase_libsysbase_a-syscall_support.o)
 .comment       0x00000023       0x24 /opt/devkitpro/devkitARM/bin/../lib/gcc/arm-none-eabi/14.2.0/../../../../arm-none-eabi/lib/libsysbase.a(libsysbase_libsysbase_a-write.o)
 .comment       0x00000023       0x24 /opt/devkitpro/devkitARM/bin/../lib/gcc/arm-none-eabi/14.2.0/libgcc.a(_udivmoddi4.o)
 .comment       0x00000023       0x24 /opt/devkitpro/devkitARM/bin/../lib/gcc/arm-none-eabi/14.2.0/crtend.o

.ARM.attributes
                0x00000000       0x2d
 .ARM.attributes
                0x00000000       0x21 /opt/devkitpro/devkitARM/bin/../lib/gcc/arm-none-eabi/14.2.0/../../../../arm-none-eabi/lib/ds_arm9_crt0.o
 .ARM.attributes
                0x00000021       0x1c /opt/devkitpro/devkitARM/bin/../lib/gcc/arm-none-eabi/14.2.0/crti.o
 .ARM.attributes
                0x0000003d       0x2a /opt/devkitpro/devkitARM/bin/../lib/gcc/arm-none-eabi/14.2.0/crtbegin.o
 .ARM.attributes
                0x00000067       0x27 main.o
 .ARM.attributes
                0x0000008e       0x2b /opt/devkitpro/libnds/lib/libnds9.a(console.o)
 .ARM.attributes
                0x000000b9       0x2b /opt/devkitpro/libnds/lib/libnds9.a(initSystem.o)
 .ARM.attributes
                0x000000e4       0x2b /opt/devkitpro/libnds/lib/libnds9.a(securearea.o)
 .ARM.attributes
                0x0000010f       0x2b /opt/devkitpro/libnds/lib/libnds9.a(fifosystem.o)
 .ARM.attributes
                0x0000013a       0x2b /opt/devkitpro/libnds/lib/libnds9.a(interrupts.o)
 .ARM.attributes
                0x00000165       0x2b /opt/devkitpro/libnds/lib/libnds9.a(libnds_exit.arm.o)
 .ARM.attributes
                0x00000190       0x21 /opt/devkitpro/libnds/lib/libnds9.a(cpu_clock.o)
 .ARM.attributes
                0x000001b1       0x21 /opt/devkitpro/libnds/lib/libnds9.a(IntrWait.o)
 .ARM.attributes
                0x000001d2       0x21 /opt/devkitpro/libnds/lib/libnds9.a(mpu_setup.o)
 .ARM.attributes
                0x000001f3       0x1b /opt/devkitpro/libnds/lib/libnds9.a(biosCalls.o)
 .ARM.attributes
                0x0000020e       0x1b /opt/devkitpro/libnds/lib/libnds9.a(interruptDispatcher.o)
 .ARM.attributes
                0x00000229       0x21 /opt/devkitpro/libnds/lib/libnds9.a(swiSoftReset.o)
 .ARM.attributes
                0x0000024a       0x1b /opt/devkitpro/libnds/lib/libnds9.a(default_font.bin.o)
 .ARM.attributes
                0x00000265       0x2b /opt/devkitpro/libnds/lib/libnds9.a(background.o)
 .ARM.attributes
                0x00000290       0x2b /opt/devkitpro/libnds/lib/libnds9.a(system.o)
 .ARM.attributes
                0x000002bb       0x2b /opt/devkitpro/libnds/lib/libnds9.a(trig.o)
 .ARM.attributes
                0x000002e6       0x2b /opt/devkitpro/libnds/lib/libnds9.a(video.o)
 .ARM.attributes
                0x00000311       0x1c /opt/devkitpro/devkitARM/bin/../lib/gcc/arm-none-eabi/14.2.0/libgcc.a(_divsi3.o)
 .ARM.attributes
                0x0000032d       0x1c /opt/devkitpro/devkitARM/bin/../lib/gcc/arm-none-eabi/14.2.0/libgcc.a(_dvmd_tls.o)
 .ARM.attributes
                0x00000349       0x2a /opt/devkitpro/devkitARM/bin/../lib/gcc/arm-none-eabi/14.2.0/../../../../arm-none-eabi/lib/libg.a(libc_a-siscanf.o)
 .ARM.attributes
                0x00000373       0x2a /opt/devkitpro/devkitARM/bin/../lib/gcc/arm-none-eabi/14.2.0/../../../../arm-none-eabi/lib/libg.a(libc_a-stdio.o)
 .ARM.attributes
                0x0000039d       0x2a /opt/devkitpro/devkitARM/bin/../lib/gcc/arm-none-eabi/14.2.0/../../../../arm-none-eabi/lib/libg.a(libc_a-callocr.o)
 .ARM.attributes
                0x000003c7       0x2a /opt/devkitpro/devkitARM/bin/../lib/gcc/arm-none-eabi/14.2.0/../../../../arm-none-eabi/lib/libg.a(libc_a-realloc.o)
 .ARM.attributes
                0x000003f1       0x2a /opt/devkitpro/devkitARM/bin/../lib/gcc/arm-none-eabi/14.2.0/../../../../arm-none-eabi/lib/libg.a(libc_a-mallocr.o)
 .ARM.attributes
                0x0000041b       0x2a /opt/devkitpro/devkitARM/bin/../lib/gcc/arm-none-eabi/14.2.0/../../../../arm-none-eabi/lib/libg.a(libc_a-freer.o)
 .ARM.attributes
                0x00000445       0x2a /opt/devkitpro/devkitARM/bin/../lib/gcc/arm-none-eabi/14.2.0/../../../../arm-none-eabi/lib/libg.a(libc_a-setvbuf.o)
 .ARM.attributes
                0x0000046f       0x2a /opt/devkitpro/devkitARM/bin/../lib/gcc/arm-none-eabi/14.2.0/../../../../arm-none-eabi/lib/libg.a(libc_a-errno.o)
 .ARM.attributes
                0x00000499       0x2a /opt/devkitpro/devkitARM/bin/../lib/gcc/arm-none-eabi/14.2.0/../../../../arm-none-eabi/lib/libg.a(libc_a-malloc.o)
 .ARM.attributes
                0x000004c3       0x2a /opt/devkitpro/devkitARM/bin/../lib/gcc/arm-none-eabi/14.2.0/../../../../arm-none-eabi/lib/libg.a(libc_a-memcpy-stub.o)
 .ARM.attributes
                0x000004ed       0x2a /opt/devkitpro/devkitARM/bin/../lib/gcc/arm-none-eabi/14.2.0/../../../../arm-none-eabi/lib/libg.a(libc_a-printf.o)
 .ARM.attributes
                0x00000517       0x2a /opt/devkitpro/devkitARM/bin/../lib/gcc/arm-none-eabi/14.2.0/../../../../arm-none-eabi/lib/libg.a(libc_a-memset.o)
 .ARM.attributes
                0x00000541       0x2a /opt/devkitpro/devkitARM/bin/../lib/gcc/arm-none-eabi/14.2.0/../../../../arm-none-eabi/lib/libg.a(libc_a-reallocr.o)
 .ARM.attributes
                0x0000056b       0x2a /opt/devkitpro/devkitARM/bin/../lib/gcc/arm-none-eabi/14.2.0/../../../../arm-none-eabi/lib/libg.a(libc_a-mlock.o)
 .ARM.attributes
                0x00000595       0x2a /opt/devkitpro/devkitARM/bin/../lib/gcc/arm-none-eabi/14.2.0/../../../../arm-none-eabi/lib/libg.a(libc_a-init.o)
 .ARM.attributes
                0x000005bf       0x2a /opt/devkitpro/devkitARM/bin/../lib/gcc/arm-none-eabi/14.2.0/../../../../arm-none-eabi/lib/libg.a(libc_a-fflush.o)
 .ARM.attributes
                0x000005e9       0x2a /opt/devkitpro/devkitARM/bin/../lib/gcc/arm-none-eabi/14.2.0/../../../../arm-none-eabi/lib/libg.a(libc_a-strlen-stub.o)
 .ARM.attributes
                0x00000613       0x2a /opt/devkitpro/devkitARM/bin/../lib/gcc/arm-none-eabi/14.2.0/../../../../arm-none-eabi/lib/libg.a(libc_a-memmove.o)
 .ARM.attributes
                0x0000063d       0x2a /opt/devkitpro/devkitARM/bin/../lib/gcc/arm-none-eabi/14.2.0/../../../../arm-none-eabi/lib/libg.a(libc_a-impure.o)
 .ARM.attributes
                0x00000667       0x2a /opt/devkitpro/devkitARM/bin/../lib/gcc/arm-none-eabi/14.2.0/../../../../arm-none-eabi/lib/libg.a(libc_a-vfiprintf.o)
 .ARM.attributes
                0x00000691       0x2a /opt/devkitpro/devkitARM/bin/../lib/gcc/arm-none-eabi/14.2.0/../../../../arm-none-eabi/lib/libg.a(libc_a-malignr.o)
 .ARM.attributes
                0x000006bb       0x2a /opt/devkitpro/devkitARM/bin/../lib/gcc/arm-none-eabi/14.2.0/../../../../arm-none-eabi/lib/libg.a(libc_a-memchr-stub.o)
 .ARM.attributes
                0x000006e5       0x2a /opt/devkitpro/devkitARM/bin/../lib/gcc/arm-none-eabi/14.2.0/../../../../arm-none-eabi/lib/libg.a(libc_a-svfiscanf.o)
 .ARM.attributes
                0x0000070f       0x2a /opt/devkitpro/devkitARM/bin/../lib/gcc/arm-none-eabi/14.2.0/../../../../arm-none-eabi/lib/libg.a(libc_a-strtoul.o)
 .ARM.attributes
                0x00000739       0x2a /opt/devkitpro/devkitARM/bin/../lib/gcc/arm-none-eabi/14.2.0/../../../../arm-none-eabi/lib/libg.a(libc_a-sprint_r.o)
 .ARM.attributes
                0x00000763       0x2a /opt/devkitpro/devkitARM/bin/../lib/gcc/arm-none-eabi/14.2.0/../../../../arm-none-eabi/lib/libg.a(libc_a-iswspace.o)
 .ARM.attributes
                0x0000078d       0x2a /opt/devkitpro/devkitARM/bin/../lib/gcc/arm-none-eabi/14.2.0/../../../../arm-none-eabi/lib/libg.a(libc_a-sccl.o)
 .ARM.attributes
                0x000007b7       0x2a /opt/devkitpro/devkitARM/bin/../lib/gcc/arm-none-eabi/14.2.0/../../../../arm-none-eabi/lib/libg.a(libc_a-localeconv.o)
 .ARM.attributes
                0x000007e1       0x2a /opt/devkitpro/devkitARM/bin/../lib/gcc/arm-none-eabi/14.2.0/../../../../arm-none-eabi/lib/libg.a(libc_a-vfprintf.o)
 .ARM.attributes
                0x0000080b       0x2a /opt/devkitpro/devkitARM/bin/../lib/gcc/arm-none-eabi/14.2.0/../../../../arm-none-eabi/lib/libg.a(libc_a-makebuf.o)
 .ARM.attributes
                0x00000835       0x2a /opt/devkitpro/devkitARM/bin/../lib/gcc/arm-none-eabi/14.2.0/../../../../arm-none-eabi/lib/libg.a(libc_a-findfp.o)
 .ARM.attributes
                0x0000085f       0x2a /opt/devkitpro/devkitARM/bin/../lib/gcc/arm-none-eabi/14.2.0/../../../../arm-none-eabi/lib/libg.a(libc_a-dtoa.o)
 .ARM.attributes
                0x00000889       0x2a /opt/devkitpro/devkitARM/bin/../lib/gcc/arm-none-eabi/14.2.0/../../../../arm-none-eabi/lib/libg.a(libc_a-wcrtomb.o)
 .ARM.attributes
                0x000008b3       0x2a /opt/devkitpro/devkitARM/bin/../lib/gcc/arm-none-eabi/14.2.0/../../../../arm-none-eabi/lib/libg.a(libc_a-strtol.o)
 .ARM.attributes
                0x000008dd       0x2a /opt/devkitpro/devkitARM/bin/../lib/gcc/arm-none-eabi/14.2.0/../../../../arm-none-eabi/lib/libg.a(libc_a-ctype_.o)
 .ARM.attributes
                0x00000907       0x2a /opt/devkitpro/devkitARM/bin/../lib/gcc/arm-none-eabi/14.2.0/../../../../arm-none-eabi/lib/libg.a(libc_a-fwalk.o)
 .ARM.attributes
                0x00000931       0x2a /opt/devkitpro/devkitARM/bin/../lib/gcc/arm-none-eabi/14.2.0/../../../../arm-none-eabi/lib/libg.a(libc_a-strncpy.o)
 .ARM.attributes
                0x0000095b       0x2a /opt/devkitpro/devkitARM/bin/../lib/gcc/arm-none-eabi/14.2.0/../../../../arm-none-eabi/lib/libg.a(libc_a-strtoull.o)
 .ARM.attributes
                0x00000985       0x2a /opt/devkitpro/devkitARM/bin/../lib/gcc/arm-none-eabi/14.2.0/../../../../arm-none-eabi/lib/libg.a(libc_a-wcsrtombs.o)
 .ARM.attributes
                0x000009af       0x2a /opt/devkitpro/devkitARM/bin/../lib/gcc/arm-none-eabi/14.2.0/../../../../arm-none-eabi/lib/libg.a(libc_a-svfiprintf.o)
 .ARM.attributes
                0x000009d9       0x2a /opt/devkitpro/devkitARM/bin/../lib/gcc/arm-none-eabi/14.2.0/../../../../arm-none-eabi/lib/libg.a(libc_a-mbrtowc.o)
 .ARM.attributes
                0x00000a03       0x2a /opt/devkitpro/devkitARM/bin/../lib/gcc/arm-none-eabi/14.2.0/../../../../arm-none-eabi/lib/libg.a(libc_a-wsetup.o)
 .ARM.attributes
                0x00000a2d       0x2a /opt/devkitpro/devkitARM/bin/../lib/gcc/arm-none-eabi/14.2.0/../../../../arm-none-eabi/lib/libg.a(libm_a-s_frexp.o)
 .ARM.attributes
                0x00000a57       0x2a /opt/devkitpro/devkitARM/bin/../lib/gcc/arm-none-eabi/14.2.0/../../../../arm-none-eabi/lib/libg.a(libc_a-ungetc.o)
 .ARM.attributes
                0x00000a81       0x2a /opt/devkitpro/devkitARM/bin/../lib/gcc/arm-none-eabi/14.2.0/../../../../arm-none-eabi/lib/libg.a(libc_a-assert.o)
 .ARM.attributes
                0x00000aab       0x2a /opt/devkitpro/devkitARM/bin/../lib/gcc/arm-none-eabi/14.2.0/../../../../arm-none-eabi/lib/libg.a(libc_a-iswspace_l.o)
 .ARM.attributes
                0x00000ad5       0x2a /opt/devkitpro/devkitARM/bin/../lib/gcc/arm-none-eabi/14.2.0/../../../../arm-none-eabi/lib/libg.a(libc_a-mprec.o)
 .ARM.attributes
                0x00000aff       0x2a /opt/devkitpro/devkitARM/bin/../lib/gcc/arm-none-eabi/14.2.0/../../../../arm-none-eabi/lib/libg.a(libc_a-fvwrite.o)
 .ARM.attributes
                0x00000b29       0x2a /opt/devkitpro/devkitARM/bin/../lib/gcc/arm-none-eabi/14.2.0/../../../../arm-none-eabi/lib/libg.a(libc_a-strtoll.o)
 .ARM.attributes
                0x00000b53       0x2a /opt/devkitpro/devkitARM/bin/../lib/gcc/arm-none-eabi/14.2.0/../../../../arm-none-eabi/lib/libg.a(libc_a-locale.o)
 .ARM.attributes
                0x00000b7d       0x2a /opt/devkitpro/devkitARM/bin/../lib/gcc/arm-none-eabi/14.2.0/../../../../arm-none-eabi/lib/libg.a(libc_a-fiprintf.o)
 .ARM.attributes
                0x00000ba7       0x2a /opt/devkitpro/devkitARM/bin/../lib/gcc/arm-none-eabi/14.2.0/../../../../arm-none-eabi/lib/libg.a(libc_a-wcsnrtombs.o)
 .ARM.attributes
                0x00000bd1       0x2a /opt/devkitpro/devkitARM/bin/../lib/gcc/arm-none-eabi/14.2.0/../../../../arm-none-eabi/lib/libg.a(libc_a-mbtowc_r.o)
 .ARM.attributes
                0x00000bfb       0x2a /opt/devkitpro/devkitARM/bin/../lib/gcc/arm-none-eabi/14.2.0/../../../../arm-none-eabi/lib/libg.a(libc_a-abort.o)
 .ARM.attributes
                0x00000c25       0x2a /opt/devkitpro/devkitARM/bin/../lib/gcc/arm-none-eabi/14.2.0/../../../../arm-none-eabi/lib/libg.a(libc_a-fclose.o)
 .ARM.attributes
                0x00000c4f       0x2a /opt/devkitpro/devkitARM/bin/../lib/gcc/arm-none-eabi/14.2.0/../../../../arm-none-eabi/lib/libg.a(libc_a-categories.o)
 .ARM.attributes
                0x00000c79       0x2a /opt/devkitpro/devkitARM/bin/../lib/gcc/arm-none-eabi/14.2.0/../../../../arm-none-eabi/lib/libg.a(libc_a-wctomb_r.o)
 .ARM.attributes
                0x00000ca3       0x2a /opt/devkitpro/devkitARM/bin/../lib/gcc/arm-none-eabi/14.2.0/../../../../arm-none-eabi/lib/libg.a(libc_a-signal.o)
 .ARM.attributes
                0x00000ccd       0x2a /opt/devkitpro/devkitARM/bin/../lib/gcc/arm-none-eabi/14.2.0/../../../../arm-none-eabi/lib/libsysbase.a(libsysbase_libsysbase_a-_exit.o)
 .ARM.attributes
                0x00000cf7       0x2a /opt/devkitpro/devkitARM/bin/../lib/gcc/arm-none-eabi/14.2.0/../../../../arm-none-eabi/lib/libsysbase.a(libsysbase_libsysbase_a-build_argv.o)
 .ARM.attributes
                0x00000d21       0x2a /opt/devkitpro/devkitARM/bin/../lib/gcc/arm-none-eabi/14.2.0/../../../../arm-none-eabi/lib/libsysbase.a(libsysbase_libsysbase_a-fstat.o)
 .ARM.attributes
                0x00000d4b       0x2a /opt/devkitpro/devkitARM/bin/../lib/gcc/arm-none-eabi/14.2.0/../../../../arm-none-eabi/lib/libsysbase.a(libsysbase_libsysbase_a-getpid.o)
 .ARM.attributes
                0x00000d75       0x2a /opt/devkitpro/devkitARM/bin/../lib/gcc/arm-none-eabi/14.2.0/../../../../arm-none-eabi/lib/libsysbase.a(libsysbase_libsysbase_a-getreent.o)
 .ARM.attributes
                0x00000d9f       0x2a /opt/devkitpro/devkitARM/bin/../lib/gcc/arm-none-eabi/14.2.0/../../../../arm-none-eabi/lib/libsysbase.a(libsysbase_libsysbase_a-handle_manager.o)
 .ARM.attributes
                0x00000dc9       0x2a /opt/devkitpro/devkitARM/bin/../lib/gcc/arm-none-eabi/14.2.0/../../../../arm-none-eabi/lib/libsysbase.a(libsysbase_libsysbase_a-iosupport.o)
 .ARM.attributes
                0x00000df3       0x2a /opt/devkitpro/devkitARM/bin/../lib/gcc/arm-none-eabi/14.2.0/../../../../arm-none-eabi/lib/libsysbase.a(libsysbase_libsysbase_a-isatty.o)
 .ARM.attributes
                0x00000e1d       0x2a /opt/devkitpro/devkitARM/bin/../lib/gcc/arm-none-eabi/14.2.0/../../../../arm-none-eabi/lib/libsysbase.a(libsysbase_libsysbase_a-kill.o)
 .ARM.attributes
                0x00000e47       0x2a /opt/devkitpro/devkitARM/bin/../lib/gcc/arm-none-eabi/14.2.0/../../../../arm-none-eabi/lib/libsysbase.a(libsysbase_libsysbase_a-lseek.o)
 .ARM.attributes
                0x00000e71       0x2a /opt/devkitpro/devkitARM/bin/../lib/gcc/arm-none-eabi/14.2.0/../../../../arm-none-eabi/lib/libsysbase.a(libsysbase_libsysbase_a-malloc_vars.o)
 .ARM.attributes
                0x00000e9b       0x2a /opt/devkitpro/devkitARM/bin/../lib/gcc/arm-none-eabi/14.2.0/../../../../arm-none-eabi/lib/libsysbase.a(libsysbase_libsysbase_a-read.o)
 .ARM.attributes
                0x00000ec5       0x2a /opt/devkitpro/devkitARM/bin/../lib/gcc/arm-none-eabi/14.2.0/../../../../arm-none-eabi/lib/libsysbase.a(libsysbase_libsysbase_a-sbrk.o)
 .ARM.attributes
                0x00000eef       0x2a /opt/devkitpro/devkitARM/bin/../lib/gcc/arm-none-eabi/14.2.0/../../../../arm-none-eabi/lib/libsysbase.a(libsysbase_libsysbase_a-syscall_support.o)
 .ARM.attributes
                0x00000f19       0x2a /opt/devkitpro/devkitARM/bin/../lib/gcc/arm-none-eabi/14.2.0/../../../../arm-none-eabi/lib/libsysbase.a(libsysbase_libsysbase_a-write.o)
 .ARM.attributes
                0x00000f43       0x1c /opt/devkitpro/devkitARM/bin/../lib/gcc/arm-none-eabi/14.2.0/libgcc.a(_udivsi3.o)
 .ARM.attributes
                0x00000f5f       0x1c /opt/devkitpro/devkitARM/bin/../lib/gcc/arm-none-eabi/14.2.0/libgcc.a(_arm_addsubdf3.o)
 .ARM.attributes
                0x00000f7b       0x1c /opt/devkitpro/devkitARM/bin/../lib/gcc/arm-none-eabi/14.2.0/libgcc.a(_arm_muldivdf3.o)
 .ARM.attributes
                0x00000f97       0x1c /opt/devkitpro/devkitARM/bin/../lib/gcc/arm-none-eabi/14.2.0/libgcc.a(_arm_cmpdf2.o)
 .ARM.attributes
                0x00000fb3       0x1c /opt/devkitpro/devkitARM/bin/../lib/gcc/arm-none-eabi/14.2.0/libgcc.a(_arm_unorddf2.o)
 .ARM.attributes
                0x00000fcf       0x1c /opt/devkitpro/devkitARM/bin/../lib/gcc/arm-none-eabi/14.2.0/libgcc.a(_arm_fixdfsi.o)
 .ARM.attributes
                0x00000feb       0x1c /opt/devkitpro/devkitARM/bin/../lib/gcc/arm-none-eabi/14.2.0/libgcc.a(_aeabi_uldivmod.o)
 .ARM.attributes
                0x00001007       0x2a /opt/devkitpro/devkitARM/bin/../lib/gcc/arm-none-eabi/14.2.0/libgcc.a(_udivmoddi4.o)
 .ARM.attributes
                0x00001031       0x1c /opt/devkitpro/devkitARM/bin/../lib/gcc/arm-none-eabi/14.2.0/libgcc.a(_clzdi2.o)
 .ARM.attributes
                0x0000104d       0x1c /opt/devkitpro/devkitARM/bin/../lib/gcc/arm-none-eabi/14.2.0/libgcc.a(_clzsi2.o)
 .ARM.attributes
                0x00001069       0x2a /opt/devkitpro/devkitARM/bin/../lib/gcc/arm-none-eabi/14.2.0/crtend.o
 .ARM.attributes
                0x00001093       0x1c /opt/devkitpro/devkitARM/bin/../lib/gcc/arm-none-eabi/14.2.0/crtn.o

.debug
 *(.debug)

.line
 *(.line)

.debug_srcinfo
 *(.debug_srcinfo)

.debug_sfnames
 *(.debug_sfnames)

.debug_aranges  0x00000000      0x4f0
 *(.debug_aranges)
 .debug_aranges
                0x00000000       0x20 main.o
 .debug_aranges
                0x00000020       0x80 /opt/devkitpro/libnds/lib/libnds9.a(console.o)
 .debug_aranges
                0x000000a0       0x30 /opt/devkitpro/libnds/lib/libnds9.a(initSystem.o)
 .debug_aranges
                0x000000d0       0x18 /opt/devkitpro/libnds/lib/libnds9.a(securearea.o)
 .debug_aranges
                0x000000e8       0xb0 /opt/devkitpro/libnds/lib/libnds9.a(fifosystem.o)
 .debug_aranges
                0x00000198       0x50 /opt/devkitpro/libnds/lib/libnds9.a(interrupts.o)
 .debug_aranges
                0x000001e8       0x28 /opt/devkitpro/libnds/lib/libnds9.a(libnds_exit.arm.o)
 .debug_aranges
                0x00000210       0x20 /opt/devkitpro/libnds/lib/libnds9.a(cpu_clock.o)
 .debug_aranges
                0x00000230       0x28 /opt/devkitpro/libnds/lib/libnds9.a(IntrWait.o)
 .debug_aranges
                0x00000258       0x30 /opt/devkitpro/libnds/lib/libnds9.a(mpu_setup.o)
 .debug_aranges
                0x00000288       0xc8 /opt/devkitpro/libnds/lib/libnds9.a(biosCalls.o)
 .debug_aranges
                0x00000350       0x20 /opt/devkitpro/libnds/lib/libnds9.a(interruptDispatcher.o)
 .debug_aranges
                0x00000370       0x20 /opt/devkitpro/libnds/lib/libnds9.a(swiSoftReset.o)
 .debug_aranges
                0x00000390       0x40 /opt/devkitpro/libnds/lib/libnds9.a(background.o)
 .debug_aranges
                0x000003d0       0x68 /opt/devkitpro/libnds/lib/libnds9.a(system.o)
 .debug_aranges
                0x00000438       0x60 /opt/devkitpro/libnds/lib/libnds9.a(trig.o)
 .debug_aranges
                0x00000498       0x58 /opt/devkitpro/libnds/lib/libnds9.a(video.o)

.debug_pubnames
 *(.debug_pubnames)

.debug_info     0x00000000     0x8287
 *(.debug_info)
 .debug_info    0x00000000      0x5dd main.o
 .debug_info    0x000005dd     0x25a4 /opt/devkitpro/libnds/lib/libnds9.a(console.o)
 .debug_info    0x00002b81      0xfa4 /opt/devkitpro/libnds/lib/libnds9.a(initSystem.o)
 .debug_info    0x00003b25       0x5a /opt/devkitpro/libnds/lib/libnds9.a(securearea.o)