Archive member included to satisfy reference by file (symbol)

/opt/devkitpro/libnds/lib/libnds9.a(console.o)
                              main.o (consoleDemoInit)
/opt/devkitpro/libnds/lib/libnds9.a(keys.o)
                              main.o (scanKeys)
/opt/devkitpro/libnds/lib/libnds9.a(sprite_alloc.o)
                              graphics.o (oamAllocateGfx)
/opt/devkitpro/libnds/lib/libnds9.a(sprite.o)
                              graphics.o (oamInit)
/opt/devkitpro/libnds/lib/libnds9.a(touch.o)
                              main.o (touchRead)
/opt/devkitpro/libnds/lib/libnds9.a(trig.o)
                              /opt/devkitpro/libnds/lib/libnds9.a(sprite.o) (sinLerp)
/opt/devkitpro/libnds/lib/libnds9.a(videoGL.o)
                              graphics.o (glGlobalData)
/opt/devkitpro/libnds/lib/libnds9.a(initSystem.o)
                              /opt/devkitpro/devkitARM/bin/../lib/gcc/arm-none-eabi/14.2.0/../../../../arm-none-eabi/lib/ds_arm9_crt0.o (initSystem)
/opt/devkitpro/libnds/lib/libnds9.a(securearea.o)
                              /opt/devkitpro/devkitARM/bin/../lib/gcc/arm-none-eabi/14.2.0/../../../../arm-none-eabi/lib/ds_arm9_crt0.o (__secure_area__)
/opt/devkitpro/libnds/lib/libnds9.a(fifosystem.o)
                              /opt/devkitpro/libnds/lib/libnds9.a(initSystem.o) (fifoSetValue32Handler)
/opt/devkitpro/libnds/lib/libnds9.a(interrupts.o)
                              timer.o (irqSet)
/opt/devkitpro/libnds/lib/libnds9.a(libnds_exit.arm.o)
                              /opt/devkitpro/devkitARM/bin/../lib/gcc/arm-none-eabi/14.2.0/../../../../arm-none-eabi/lib/ds_arm9_crt0.o (__libnds_exit)
/opt/devkitpro/libnds/lib/libnds9.a(dcache.o)
                              /opt/devkitpro/libnds/lib/libnds9.a(sprite.o) (DC_FlushRange)
/opt/devkitpro/libnds/lib/libnds9.a(cpu_clock.o)
                              /opt/devkitpro/libnds/lib/libnds9.a(initSystem.o) (setCpuClock)
/opt/devkitpro/libnds/lib/libnds9.a(IntrWait.o)
                              main.o (swiWaitForVBlank)
/opt/devkitpro/libnds/lib/libnds9.a(mpu_setup.o)
                              /opt/devkitpro/devkitARM/bin/../lib/gcc/arm-none-eabi/14.2.0/../../../../arm-none-eabi/lib/ds_arm9_crt0.o (__libnds_mpu_setup)
/opt/devkitpro/libnds/lib/libnds9.a(biosCalls.o)
                              /opt/devkitpro/libnds/lib/libnds9.a(videoGL.o) (swiCopy)
/opt/devkitpro/libnds/lib/libnds9.a(debugprint.o)
                              /opt/devkitpro/libnds/lib/libnds9.a(console.o) (nocashWrite)
/opt/devkitpro/libnds/lib/libnds9.a(interruptDispatcher.o)
                              /opt/devkitpro/libnds/lib/libnds9.a(interrupts.o) (IntrMain)
/opt/devkitpro/libnds/lib/libnds9.a(swiSoftReset.o)
                              /opt/devkitpro/libnds/lib/libnds9.a(fifosystem.o) (swiSoftReset)
/opt/devkitpro/libnds/lib/libnds9.a(default_font.bin.o)
                              /opt/devkitpro/libnds/lib/libnds9.a(console.o) (default_font_bin)
/opt/devkitpro/libnds/lib/libnds9.a(background.o)
                              /opt/devkitpro/libnds/lib/libnds9.a(console.o) (bgState)
/opt/devkitpro/libnds/lib/libnds9.a(dynamicArray.o)
                              /opt/devkitpro/libnds/lib/libnds9.a(videoGL.o) (DynamicArrayInit)
/opt/devkitpro/libnds/lib/libnds9.a(system.o)
                              /opt/devkitpro/libnds/lib/libnds9.a(initSystem.o) (systemValueHandler)
/opt/devkitpro/libnds/lib/libnds9.a(video.o)
                              /opt/devkitpro/libnds/lib/libnds9.a(videoGL.o) (vramSetBanks_EFG)
/opt/devkitpro/libnds/lib/libmm9.a(mm_comms.o)
                              main.o (mmEffect)
/opt/devkitpro/libnds/lib/libmm9.a(mm_memory.o)
                              main.o (mmLoadEffect)
/opt/devkitpro/libnds/lib/libmm9.a(mm_main9.o)
                              /opt/devkitpro/libnds/lib/libmm9.a(mm_memory.o) (mmcbMemory)
/opt/devkitpro/libnds/lib/libmm9.a(mm_soundbank.o)
                              /opt/devkitpro/libnds/lib/libmm9.a(mm_main9.o) (mmSoundBankInMemory)
/opt/devkitpro/libnds/lib/libmm9.a(mm_flusher.o)
                              /opt/devkitpro/libnds/lib/libmm9.a(mm_memory.o) (mmFlushBank)
/opt/devkitpro/devkitARM/bin/../lib/gcc/arm-none-eabi/14.2.0/libgcc.a(_divsi3.o)
                              graphics.o (__aeabi_idivmod)
/opt/devkitpro/devkitARM/bin/../lib/gcc/arm-none-eabi/14.2.0/libgcc.a(_dvmd_tls.o)
                              /opt/devkitpro/devkitARM/bin/../lib/gcc/arm-none-eabi/14.2.0/libgcc.a(_divsi3.o) (__aeabi_idiv0)
/opt/devkitpro/devkitARM/bin/../lib/gcc/arm-none-eabi/14.2.0/libgcc.a(_arm_addsubsf3.o)
                              main.o (__aeabi_fsub)
/opt/devkitpro/devkitARM/bin/../lib/gcc/arm-none-eabi/14.2.0/libgcc.a(_arm_cmpsf2.o)
                              main.o (__aeabi_fcmplt)
/opt/devkitpro/devkitARM/bin/../lib/gcc/arm-none-eabi/14.2.0/libgcc.a(_arm_fixsfsi.o)
                              main.o (__aeabi_f2iz)
[...]
Memory Configuration

Name             Origin             Length             Attributes
ewram            0x02000000         0x00380000
dtcm             0x02ff0000         0x00004000
vectors          0x01000000         0x00000100
itcm             0x01000100         0x00007f00
*default*        0x00000000         0xffffffff

Linker script and memory map

                0x00000000                        __sync_synchronize = __sync_synchronize_none
                0x02380000                        __ewram_end = (ORIGIN (ewram) + LENGTH (ewram))
                0x02380000                        __eheap_end = (ORIGIN (ewram) + LENGTH (ewram))
                0x02ff4000                        __dtcm_top = (ORIGIN (dtcm) + LENGTH (dtcm))
                0x02ff3ff8                        __irq_flags = (__dtcm_top - 0x8)
                0x02ff3ffc                        __irq_vector = (__dtcm_top - 0x4)
                0x02ff3f00                        __sp_svc = (__dtcm_top - 0x100)
                0x02ff3e00                        __sp_irq = (__sp_svc - 0x100)
                0x02ff3d00                        __sp_usr = (__sp_irq - 0x100)

.secure         0x02000000      0x800
 *(.secure)
 .secure        0x02000000      0x800 /opt/devkitpro/libnds/lib/libnds9.a(securearea.o)
                0x02000000                __secure_area__

.crt0           0x02000800      0x300
                0x02000800                        __text_start = .
 *(.crt0)
 .crt0          0x02000800      0x300 /opt/devkitpro/devkitARM/bin/../lib/gcc/arm-none-eabi/14.2.0/../../../../arm-none-eabi/lib/ds_arm9_crt0.o
                0x02000800                _start
                0x02000b00                        . = ALIGN (0x4)

.plt
 *(.plt)

.init           0x02000b00       0x18
 *(SORT_NONE(.init))
 .init          0x02000b00        0xc /opt/devkitpro/devkitARM/bin/../lib/gcc/arm-none-eabi/14.2.0/crti.o
                0x02000b00                _init
 .init          0x02000b0c        0xc /opt/devkitpro/devkitARM/bin/../lib/gcc/arm-none-eabi/14.2.0/crtn.o

.text           0x02000b18     0xf588
 *(EXCLUDE_FILE(*.twl* *.vectors* *.itcm*) .text)
 .text          0x02000b18      0xe50 graphics.o
                0x02000b84                initMainScreenBackground
                0x02000c5c                resetPipe
                0x02000cc4                updateBackground
                0x02000d18                setBirdPosition
                0x02000db4                setPipePosition
                0x02000ec4                setPipePositiondouble
                0x0200104c                resetGame
                0x020010c4                displayMenuScreen
                0x020011d4                configureSprites
                0x020012b4                initPipes
                0x0200137c                updatePipes
                0x02001524                updateScore_and_Distance
                0x020015cc                initSubScreen
                0x02001654                UpdateSubScreen
                0x020016cc                displayGameOverScreen
                0x02001764                displayGameOverPanel
                0x020017e4                checkCollisions
 .text          0x02001968      0x33c main.o
                0x02001968                checkTouchInput
                0x02001a0c                main
 .text          0x02001ca4      0x110 timer.o
                0x02001ca4                setTimerCallback
                0x02001cc8                initTimer
                0x02001d10                timer_ISR
                0x02001d3c                initSpeedTimer
                0x02001d84                speedTimerISR
 .text          0x02001db4      0x24c /opt/devkitpro/libnds/lib/libmm9.a(mm_comms.o)
                0x02001db4                mmSetupComms
                0x02001e06                mmSendBank
                0x02001e10                mmLockChannels
                0x02001e16                mmUnlockChannels
                0x02001e1c                mmStart
                0x02001e26                mmPause
                0x02001e2a                mmResume
                0x02001e2e                mmStop
                0x02001e32                mmPosition
                0x02001e36                mmJingle
                0x02001e3a                mmSetModuleVolume
                0x02001e3e                mmSetJingleVolume
                0x02001e42                mmSetModuleTempo
                0x02001e46                mmSetModulePitch
                0x02001e4a                mmSetEffectsVolume
                0x02001e4e                mmSelectMode
                0x02001e52                mmStreamBegin
                0x02001e66                mmStreamEnd
                0x02001ebc                mmEffect
                0x02001ee0                mmEffectVolume
                0x02001ee4                mmEffectPanning
                0x02001ee8                mmEffectRate
                0x02001ef2                mmEffectScaleRate
                0x02001efc                mmEffectRelease
                0x02001f02                mmEffectCancel
                0x02001f08                mmEffectEx
                0x02001f46                mmEffectCancelAll
                0x02001f4a                mmReverbEnable
                0x02001f4e                mmReverbDisable
                0x02001f52                mmReverbConfigure
                0x02001fae                mmReverbStart
                0x02001fb2                mmReverbStop
 .text          0x02002000      0x120 /opt/devkitpro/libnds/lib/libmm9.a(mm_memory.o)
                0x02002000                mmLoad
                0x02002050                mmUnload
                0x020020a8                mmLoadEffect
                0x020020e0                mmUnloadEffect
 .text          0x02002120      0x108 /opt/devkitpro/libnds/lib/libmm9.a(mm_main9.o)
                0x02002120                mmActive
                0x02002126                mmSetEventHandler
                0x0200212c                mmInit
                0x02002156                mmInitDefault
                0x020021a0                mmInitDefaultMem
                0x020021c2                mmSuspendIRQ_t
                0x020021e0                mmRestoreIRQ_t
 .text          0x02002228      0x100 /opt/devkitpro/libnds/lib/libmm9.a(mm_soundbank.o)
                0x02002228                mmSoundBankInMemory
                0x02002230                mmSoundBankInFiles
                0x02002242                mmSetCustomSoundBankHandler
                0x0200226e                mmsHandleFileOp
 .text          0x02002328       0x3c /opt/devkitpro/libnds/lib/libmm9.a(mm_flusher.o)
                0x02002328                mmFlushBank
 .text          0x02002364      0x148 /opt/devkitpro/devkitARM/bin/../lib/gcc/arm-none-eabi/14.2.0/libgcc.a(_divsi3.o)
                0x02002364                __aeabi_idiv
                0x02002364                __divsi3
                0x0200248c                __aeabi_idivmod
 .text          0x020024ac        0x4 /opt/devkitpro/devkitARM/bin/../lib/gcc/arm-none-eabi/14.2.0/libgcc.a(_dvmd_tls.o)
                0x020024ac                __aeabi_ldiv0
                0x020024ac                __aeabi_idiv0
 .text          0x020024b0      0x2ac /opt/devkitpro/devkitARM/bin/../lib/gcc/arm-none-eabi/14.2.0/libgcc.a(_arm_addsubsf3.o)
                0x020024b0                __aeabi_frsub
                0x020024b8                __aeabi_fsub
                0x020024b8                __subsf3
                0x020024bc                __aeabi_fadd
                0x020024bc                __addsf3
                0x02002678                __aeabi_ui2f
                0x02002678                __floatunsisf
                0x02002680                __floatsisf
                0x02002680                __aeabi_i2f
                0x020026a0                __aeabi_ul2f
                0x020026a0                __floatundisf
                0x020026b0                __aeabi_l2f
                0x020026b0                __floatdisf
 .text          0x0200275c      0x114 /opt/devkitpro/devkitARM/bin/../lib/gcc/arm-none-eabi/14.2.0/libgcc.a(_arm_cmpsf2.o)
                0x0200275c                __gesf2
                0x0200275c                __gtsf2
                0x02002764                __ltsf2
                0x02002764                __lesf2
                0x0200276c                __nesf2
                0x0200276c                __eqsf2
                0x0200276c                __cmpsf2
                0x020027d0                __aeabi_cfrcmple
                0x020027e0                __aeabi_cfcmpeq
                0x020027e0                __aeabi_cfcmple
                0x020027f8                __aeabi_fcmpeq
                0x02002810                __aeabi_fcmplt
                0x02002828                __aeabi_fcmple
                0x02002840                __aeabi_fcmpge
                0x02002858                __aeabi_fcmpgt
 .text          0x02002870       0x5c /opt/devkitpro/devkitARM/bin/../lib/gcc/arm-none-eabi/14.2.0/libgcc.a(_arm_fixsfsi.o)
                0x02002870                __fixsfsi
                0x02002870                __aeabi_f2iz
 .text          0x020028cc      0x114 /opt/devkitpro/devkitARM/bin/../lib/gcc/arm-none-eabi/14.2.0/libgcc.a(_udivsi3.o)
                0x020028cc                __udivsi3
                0x020028cc                __aeabi_uidiv
                0x020029c0                __aeabi_uidivmod
 .text          0x020029e0       0x3c /opt/devkitpro/devkitARM/bin/../lib/gcc/arm-none-eabi/14.2.0/libgcc.a(_aeabi_uldivmod.o)
                0x020029e0                __aeabi_uldivmod
 .text          0x02002a1c       0x28 /opt/devkitpro/devkitARM/bin/../lib/gcc/arm-none-eabi/14.2.0/libgcc.a(_clzdi2.o)
                0x02002a1c                __clzdi2
 .text          0x02002a44       0x48 /opt/devkitpro/devkitARM/bin/../lib/gcc/arm-none-eabi/14.2.0/libgcc.a(_clzsi2.o)
                0x02002a44                __clzsi2
 *(EXCLUDE_FILE(*.twl* *.vectors* *.itcm*) .stub)
 *(EXCLUDE_FILE(*.twl* *.vectors* *.itcm*) .text.*)
 .text.__do_global_dtors_aux
                0x02002a8c       0x40 /opt/devkitpro/devkitARM/bin/../lib/gcc/arm-none-eabi/14.2.0/crtbegin.o
 .text.frame_dummy
                0x02002acc       0x30 /opt/devkitpro/devkitARM/bin/../lib/gcc/arm-none-eabi/14.2.0/crtbegin.o
 .text.newRow   0x02002afc       0xdc /opt/devkitpro/libnds/lib/libnds9.a(console.o)
 .text.consolePrintChar
                0x02002bd8       0xe0 /opt/devkitpro/libnds/lib/libnds9.a(console.o)
                0x02002bd8                consolePrintChar
 .text.con_write
                0x02002cb8      0x320 /opt/devkitpro/libnds/lib/libnds9.a(console.o)
                0x02002cb8                con_write
 .text.consoleLoadFont
                0x02002fd8      0x2a8 /opt/devkitpro/libnds/lib/libnds9.a(console.o)
                0x02002fd8                consoleLoadFont
 .text.consoleInit
                0x02003280      0x18c /opt/devkitpro/libnds/lib/libnds9.a(console.o)
                0x02003280                consoleInit
 .text.consoleDemoInit
                0x0200340c       0x40 /opt/devkitpro/libnds/lib/libnds9.a(console.o)
                0x0200340c                consoleDemoInit
 .text.consoleClear
                0x0200344c       0x10 /opt/devkitpro/libnds/lib/libnds9.a(console.o)
                0x0200344c                consoleClear
 .text.scanKeys
                0x0200345c       0x8c /opt/devkitpro/libnds/lib/libnds9.a(keys.o)
                0x0200345c                scanKeys
 .text.keysDown
                0x020034e8       0x14 /opt/devkitpro/libnds/lib/libnds9.a(keys.o)
                0x020034e8                keysDown
 .text.oamAllocReset
                0x020034fc       0x1c /opt/devkitpro/libnds/lib/libnds9.a(sprite_alloc.o)
                0x020034fc                oamAllocReset
 .text.oamAllocateGfx
                0x02003518      0x570 /opt/devkitpro/libnds/lib/libnds9.a(sprite_alloc.o)
                0x02003518                oamAllocateGfx
 .text.oamInit  0x02003a88      0x114 /opt/devkitpro/libnds/lib/libnds9.a(sprite.o)
                0x02003a88                oamInit
 .text.oamGetGfxPtr
                0x02003b9c       0x38 /opt/devkitpro/libnds/lib/libnds9.a(sprite.o)
                0x02003b9c                oamGetGfxPtr
 .text.oamGfxPtrToOffset
                0x02003bd4       0x34 /opt/devkitpro/libnds/lib/libnds9.a(sprite.o)
                0x02003bd4                oamGfxPtrToOffset
 .text.oamSet   0x02003c08      0x104 /opt/devkitpro/libnds/lib/libnds9.a(sprite.o)
                0x02003c08                oamSet
 .text.oamUpdate
                0x02003d0c       0x60 /opt/devkitpro/libnds/lib/libnds9.a(sprite.o)
                0x02003d0c                oamUpdate
 .text.touchRead
                0x02003d6c       0x24 /opt/devkitpro/libnds/lib/libnds9.a(touch.o)
                0x02003d6c                touchRead
 .text.sinLutLookup
                0x02003d90       0x4c /opt/devkitpro/libnds/lib/libnds9.a(trig.o)
                0x02003d90                sinLutLookup
 .text.sinLerp  0x02003ddc       0x38 /opt/devkitpro/libnds/lib/libnds9.a(trig.o)
                0x02003ddc                sinLerp
 .text.cosLerp  0x02003e14       0x48 /opt/devkitpro/libnds/lib/libnds9.a(trig.o)
                0x02003e14                cosLerp
 .text.initSystem
                0x02003e5c      0x180 /opt/devkitpro/libnds/lib/libnds9.a(initSystem.o)
                0x02003e5c                initSystem
 .text.fifo_queueBlock
                0x02003fdc       0x40 /opt/devkitpro/libnds/lib/libnds9.a(fifosystem.o)
 .text.fifo_waitBlock
                0x0200401c       0x7c /opt/devkitpro/libnds/lib/libnds9.a(fifosystem.o)
 .text.fifoInternalSend.part.0
                0x02004098       0xcc /opt/devkitpro/libnds/lib/libnds9.a(fifosystem.o)
 .text.fifoInternalSendInterrupt
                0x02004164       0xb0 /opt/devkitpro/libnds/lib/libnds9.a(fifosystem.o)
 .text.fifoSetValue32Handler
                0x02004214       0xd4 /opt/devkitpro/libnds/lib/libnds9.a(fifosystem.o)
                0x02004214                fifoSetValue32Handler
 .text.fifoSendValue32
                0x020042e8       0x58 /opt/devkitpro/libnds/lib/libnds9.a(fifosystem.o)
                0x020042e8                fifoSendValue32
 .text.fifoSendDatamsg
                0x02004340       0x94 /opt/devkitpro/libnds/lib/libnds9.a(fifosystem.o)
                0x02004340                fifoSendDatamsg
 .text.fifoGetDatamsg
                0x020043d4       0xfc /opt/devkitpro/libnds/lib/libnds9.a(fifosystem.o)
                0x020043d4                fifoGetDatamsg
 .text.fifoInternalRecvInterrupt
                0x020044d0      0x37c /opt/devkitpro/libnds/lib/libnds9.a(fifosystem.o)
 .text.fifoSetDatamsgHandler
                0x0200484c       0x9c /opt/devkitpro/libnds/lib/libnds9.a(fifosystem.o)
                0x0200484c                fifoSetDatamsgHandler
 .text.fifoInit
                0x020048e8      0x114 /opt/devkitpro/libnds/lib/libnds9.a(fifosystem.o)
                0x020048e8                fifoInit
 .text.irqDummy
                0x020049fc        0x4 /opt/devkitpro/libnds/lib/libnds9.a(interrupts.o)
                0x020049fc                irqDummy
 .text.irqSet   0x02004a00       0x78 /opt/devkitpro/libnds/lib/libnds9.a(interrupts.o)
                0x02004a00                irqSet
 .text.irqInit  0x02004a78       0x50 /opt/devkitpro/libnds/lib/libnds9.a(interrupts.o)
                0x02004a78                irqInit
 .text.irqEnable
                0x02004ac8       0x64 /opt/devkitpro/libnds/lib/libnds9.a(interrupts.o)
                0x02004ac8                irqEnable
 .text.systemErrorExit
                0x02004b2c        0x4 /opt/devkitpro/libnds/lib/libnds9.a(libnds_exit.arm.o)
                0x02004b2c                systemErrorExit
 .text.__libnds_exit
                0x02004b30       0x5c /opt/devkitpro/libnds/lib/libnds9.a(libnds_exit.arm.o)
                0x02004b30                __libnds_exit
 .text.DC_FlushRange
                0x02004b8c       0x24 /opt/devkitpro/libnds/lib/libnds9.a(dcache.o)
                0x02004b8c                DC_FlushRange
 .text.setCpuClock
                0x02004bb0       0x50 /opt/devkitpro/libnds/lib/libnds9.a(cpu_clock.o)
                0x02004bb0                setCpuClock
 .text.swiWaitForVBlank
                0x02004c00        0x8 /opt/devkitpro/libnds/lib/libnds9.a(IntrWait.o)
                0x02004c00                swiWaitForVBlank
 .text.swiIntrWait
                0x02004c08       0x70 /opt/devkitpro/libnds/lib/libnds9.a(IntrWait.o)
                0x02004c08                swiIntrWait
 .text.__libnds_mpu_setup
                0x02004c78      0x174 /opt/devkitpro/libnds/lib/libnds9.a(mpu_setup.o)
                0x02004c78                __libnds_mpu_setup
 .text.memUncached
                0x02004dec       0x20 /opt/devkitpro/libnds/lib/libnds9.a(mpu_setup.o)
                0x02004dec                memUncached
 .text.swiDelay
                0x02004e0c        0x4 /opt/devkitpro/libnds/lib/libnds9.a(biosCalls.o)
                0x02004e0c                swiDelay
 .text.swiSoftReset
                0x02004e10       0x2c /opt/devkitpro/libnds/lib/libnds9.a(swiSoftReset.o)
                0x02004e10                swiSoftReset
 .text.checkIfText
                0x02004e3c       0x6c /opt/devkitpro/libnds/lib/libnds9.a(background.o)
                0x02004e3c                checkIfText
 .text.bgUpdate
                0x02004ea8       0xf4 /opt/devkitpro/libnds/lib/libnds9.a(background.o)
                0x02004ea8                bgUpdate
 .text.bgInit_call
                0x02004f9c       0xb0 /opt/devkitpro/libnds/lib/libnds9.a(background.o)
                0x02004f9c                bgInit_call
 .text.bgInitSub_call
                0x0200504c       0xb8 /opt/devkitpro/libnds/lib/libnds9.a(background.o)
                0x0200504c                bgInitSub_call
 .text.systemValueHandler
                0x02005104       0x48 /opt/devkitpro/libnds/lib/libnds9.a(system.o)
                0x02005104                systemValueHandler
 .text.systemMsgHandler
                0x0200514c       0x50 /opt/devkitpro/libnds/lib/libnds9.a(system.o)
                0x0200514c                systemMsgHandler
 .text.powerOn  0x0200519c       0x2c /opt/devkitpro/libnds/lib/libnds9.a(system.o)
                0x0200519c                powerOn
 .text.vramDefault
                0x020051c8       0xd0 /opt/devkitpro/libnds/lib/libnds9.a(video.o)
                0x020051c8                vramDefault
 .text.rand     0x02005298       0x48 /opt/devkitpro/devkitARM/bin/../lib/gcc/arm-none-eabi/14.2.0/../../../../arm-none-eabi/lib/libg.a(libc_a-rand.o)
                0x02005298                rand
 .text._fread_r
                0x020052e0      0x33c /opt/devkitpro/devkitARM/bin/../lib/gcc/arm-none-eabi/14.2.0/../../../../arm-none-eabi/lib/libg.a(libc_a-fread.o)
                0x020052e0                _fread_r
 .text.fread    0x0200561c       0x3c /opt/devkitpro/devkitARM/bin/../lib/gcc/arm-none-eabi/14.2.0/../../../../arm-none-eabi/lib/libg.a(libc_a-fread.o)
                0x0200561c                fread
 .text.siscanf  0x02005658       0x78 /opt/devkitpro/devkitARM/bin/../lib/gcc/arm-none-eabi/14.2.0/../../../../arm-none-eabi/lib/libg.a(libc_a-siscanf.o)
                0x02005658                siscanf
 .text.__sread  0x020056d0       0x4c /opt/devkitpro/devkitARM/bin/../lib/gcc/arm-none-eabi/14.2.0/../../../../arm-none-eabi/lib/libg.a(libc_a-stdio.o)
                0x020056d0                __sread
 .text.__seofread
                0x0200571c        0x8 /opt/devkitpro/devkitARM/bin/../lib/gcc/arm-none-eabi/14.2.0/../../../../arm-none-eabi/lib/libg.a(libc_a-stdio.o)
                0x0200571c                __seofread
 .text.__swrite
                0x02005724       0x6c /opt/devkitpro/devkitARM/bin/../lib/gcc/arm-none-eabi/14.2.0/../../../../arm-none-eabi/lib/libg.a(libc_a-stdio.o)
                0x02005724                __swrite
 .text.__sseek  0x02005790       0x48 /opt/devkitpro/devkitARM/bin/../lib/gcc/arm-none-eabi/14.2.0/../../../../arm-none-eabi/lib/libg.a(libc_a-stdio.o)
                0x02005790                __sseek
 .text.__sclose
                0x020057d8       0x14 /opt/devkitpro/devkitARM/bin/../lib/gcc/arm-none-eabi/14.2.0/../../../../arm-none-eabi/lib/libg.a(libc_a-stdio.o)
                0x020057d8                __sclose
 .text.lflush   0x020057ec       0x3c /opt/devkitpro/devkitARM/bin/../lib/gcc/arm-none-eabi/14.2.0/../../../../arm-none-eabi/lib/libg.a(libc_a-refill.o)
 .text.__srefill_r
                0x02005828      0x19c /opt/devkitpro/devkitARM/bin/../lib/gcc/arm-none-eabi/14.2.0/../../../../arm-none-eabi/lib/libg.a(libc_a-refill.o)
                0x02005828                __srefill_r
 .text._fclose_r
                0x020059c4      0x150 /opt/devkitpro/devkitARM/bin/../lib/gcc/arm-none-eabi/14.2.0/../../../../arm-none-eabi/lib/libg.a(libc_a-fclose.o)
                0x020059c4                _fclose_r
 .text.fclose   0x02005b14       0x18 /opt/devkitpro/devkitARM/bin/../lib/gcc/arm-none-eabi/14.2.0/../../../../arm-none-eabi/lib/libg.a(libc_a-fclose.o)
                0x02005b14                fclose
 .text.__smakebuf_r
                0x02005b2c      0x14c /opt/devkitpro/devkitARM/bin/../lib/gcc/arm-none-eabi/14.2.0/../../../../arm-none-eabi/lib/libg.a(libc_a-makebuf.o)
                0x02005b2c                __smakebuf_r
 .text.__swhatbuf_r
                0x02005c78       0x80 /opt/devkitpro/devkitARM/bin/../lib/gcc/arm-none-eabi/14.2.0/../../../../arm-none-eabi/lib/libg.a(libc_a-makebuf.o)
                0x02005c78                __swhatbuf_r
 .text.realloc  0x02005cf8       0x24 /opt/devkitpro/devkitARM/bin/../lib/gcc/arm-none-eabi/14.2.0/../../../../arm-none-eabi/lib/libg.a(libc_a-realloc.o)
                0x02005cf8                realloc
 .text.stdio_exit_handler
                0x02005d1c       0x28 /opt/devkitpro/devkitARM/bin/../lib/gcc/arm-none-eabi/14.2.0/../../../../arm-none-eabi/lib/libg.a(libc_a-findfp.o)
 .text.cleanup_stdio
                0x02005d44       0x54 /opt/devkitpro/devkitARM/bin/../lib/gcc/arm-none-eabi/14.2.0/../../../../arm-none-eabi/lib/libg.a(libc_a-findfp.o)
 .text.global_stdio_init.part.0
                0x02005d98      0x158 /opt/devkitpro/devkitARM/bin/../lib/gcc/arm-none-eabi/14.2.0/../../../../arm-none-eabi/lib/libg.a(libc_a-findfp.o)
 .text.__sfp    0x02005ef0      0x138 /opt/devkitpro/devkitARM/bin/../lib/gcc/arm-none-eabi/14.2.0/../../../../arm-none-eabi/lib/libg.a(libc_a-findfp.o)
                0x02005ef0                __sfp
 .text.__sinit  0x02006028       0x64 /opt/devkitpro/devkitARM/bin/../lib/gcc/arm-none-eabi/14.2.0/../../../../arm-none-eabi/lib/libg.a(libc_a-findfp.o)
                0x02006028                __sinit
 .text.__sfp_lock_acquire
                0x0200608c       0x18 /opt/devkitpro/devkitARM/bin/../lib/gcc/arm-none-eabi/14.2.0/../../../../arm-none-eabi/lib/libg.a(libc_a-findfp.o)
                0x0200608c                __sfp_lock_acquire
 .text.__sfp_lock_release
                0x020060a4       0x18 /opt/devkitpro/devkitARM/bin/../lib/gcc/arm-none-eabi/14.2.0/../../../../arm-none-eabi/lib/libg.a(libc_a-findfp.o)
                0x020060a4                __sfp_lock_release
 .text._malloc_r
                0x020060bc      0x7c8 /opt/devkitpro/devkitARM/bin/../lib/gcc/arm-none-eabi/14.2.0/../../../../arm-none-eabi/lib/libg.a(libc_a-mallocr.o)
                0x020060bc                _malloc_r
 .text._malloc_trim_r
                0x02006884      0x100 /opt/devkitpro/devkitARM/bin/../lib/gcc/arm-none-eabi/14.2.0/../../../../arm-none-eabi/lib/libg.a(libc_a-freer.o)
                0x02006884                _malloc_trim_r
 .text._free_r  0x02006984      0x2e8 /opt/devkitpro/devkitARM/bin/../lib/gcc/arm-none-eabi/14.2.0/../../../../arm-none-eabi/lib/libg.a(libc_a-freer.o)
                0x02006984                _free_r
 .text.setvbuf  0x02006c6c      0x298 /opt/devkitpro/devkitARM/bin/../lib/gcc/arm-none-eabi/14.2.0/../../../../arm-none-eabi/lib/libg.a(libc_a-setvbuf.o)
                0x02006c6c                setvbuf
 .text.__errno  0x02006f04       0x10 /opt/devkitpro/devkitARM/bin/../lib/gcc/arm-none-eabi/14.2.0/../../../../arm-none-eabi/lib/libg.a(libc_a-errno.o)
                0x02006f04                __errno
 .text.malloc   0x02006f14       0x3c /opt/devkitpro/devkitARM/bin/../lib/gcc/arm-none-eabi/14.2.0/../../../../arm-none-eabi/lib/libg.a(libc_a-malloc.o)
                0x02006f14                malloc
 .text.free     0x02006f50       0x1c /opt/devkitpro/devkitARM/bin/../lib/gcc/arm-none-eabi/14.2.0/../../../../arm-none-eabi/lib/libg.a(libc_a-malloc.o)
                0x02006f50                free
 .text.memcpy   0x02006f6c      0x130 /opt/devkitpro/devkitARM/bin/../lib/gcc/arm-none-eabi/14.2.0/../../../../arm-none-eabi/lib/libg.a(libc_a-memcpy-stub.o)
                0x02006f6c                memcpy
 .text._fopen_r
                0x0200709c      0x144 /opt/devkitpro/devkitARM/bin/../lib/gcc/arm-none-eabi/14.2.0/../../../../arm-none-eabi/lib/libg.a(libc_a-fopen.o)
                0x0200709c                _fopen_r
 .text.fopen    0x020071e0       0x20 /opt/devkitpro/devkitARM/bin/../lib/gcc/arm-none-eabi/14.2.0/../../../../arm-none-eabi/lib/libg.a(libc_a-fopen.o)
                0x020071e0                fopen
 .text.memset   0x02007200      0x100 /opt/devkitpro/devkitARM/bin/../lib/gcc/arm-none-eabi/14.2.0/../../../../arm-none-eabi/lib/libg.a(libc_a-memset.o)
                0x02007200                memset
 .text._realloc_r
                0x02007300      0x4c0 /opt/devkitpro/devkitARM/bin/../lib/gcc/arm-none-eabi/14.2.0/../../../../arm-none-eabi/lib/libg.a(libc_a-reallocr.o)
                0x02007300                _realloc_r
 .text._fwalk_sglue
                0x020077c0       0x78 /opt/devkitpro/devkitARM/bin/../lib/gcc/arm-none-eabi/14.2.0/../../../../arm-none-eabi/lib/libg.a(libc_a-fwalk.o)
                0x020077c0                _fwalk_sglue
 .text.__malloc_lock
                0x02007838       0x18 /opt/devkitpro/devkitARM/bin/../lib/gcc/arm-none-eabi/14.2.0/../../../../arm-none-eabi/lib/libg.a(libc_a-mlock.o)
                0x02007838                __malloc_lock
 .text.__malloc_unlock
                0x02007850       0x18 /opt/devkitpro/devkitARM/bin/../lib/gcc/arm-none-eabi/14.2.0/../../../../arm-none-eabi/lib/libg.a(libc_a-mlock.o)
                0x02007850                __malloc_unlock
 .text._fseek_r
                0x02007868       0x20 /opt/devkitpro/devkitARM/bin/../lib/gcc/arm-none-eabi/14.2.0/../../../../arm-none-eabi/lib/libg.a(libc_a-fseek.o)
                0x02007868                _fseek_r
 .text.fseek    0x02007888       0x38 /opt/devkitpro/devkitARM/bin/../lib/gcc/arm-none-eabi/14.2.0/../../../../arm-none-eabi/lib/libg.a(libc_a-fseek.o)
                0x02007888                fseek
 .text.__sflags
                0x020078c0       0xbc /opt/devkitpro/devkitARM/bin/../lib/gcc/arm-none-eabi/14.2.0/../../../../arm-none-eabi/lib/libg.a(libc_a-flags.o)
                0x020078c0                __sflags
 .text.iprintf  0x0200797c       0x34 /opt/devkitpro/devkitARM/bin/../lib/gcc/arm-none-eabi/14.2.0/../../../../arm-none-eabi/lib/libg.a(libc_a-iprintf.o)
                0x0200797c                iprintf
 .text.__libc_init_array
                0x020079b0       0x90 /opt/devkitpro/devkitARM/bin/../lib/gcc/arm-none-eabi/14.2.0/../../../../arm-none-eabi/lib/libg.a(libc_a-init.o)
                0x020079b0                __libc_init_array
 .text.__sflush_r
                0x02007a40      0x244 /opt/devkitpro/devkitARM/bin/../lib/gcc/arm-none-eabi/14.2.0/../../../../arm-none-eabi/lib/libg.a(libc_a-fflush.o)
                0x02007a40                __sflush_r
 .text._fflush_r
                0x02007c84       0x9c /opt/devkitpro/devkitARM/bin/../lib/gcc/arm-none-eabi/14.2.0/../../../../arm-none-eabi/lib/libg.a(libc_a-fflush.o)
                0x02007c84                _fflush_r
 .text.strlen   0x02007d20       0x60 /opt/devkitpro/devkitARM/bin/../lib/gcc/arm-none-eabi/14.2.0/../../../../arm-none-eabi/lib/libg.a(libc_a-strlen-stub.o)
                0x02007d20                strlen
 .text.memmove  0x02007d80      0x164 /opt/devkitpro/devkitARM/bin/../lib/gcc/arm-none-eabi/14.2.0/../../../../arm-none-eabi/lib/libg.a(libc_a-memmove.o)
                0x02007d80                memmove
 .text.get_arg  0x02007ee4      0x5ec /opt/devkitpro/devkitARM/bin/../lib/gcc/arm-none-eabi/14.2.0/../../../../arm-none-eabi/lib/libg.a(libc_a-vfiprintf.o)
 .text._vfiprintf_r
                0x020084d0     0x229c /opt/devkitpro/devkitARM/bin/../lib/gcc/arm-none-eabi/14.2.0/../../../../arm-none-eabi/lib/libg.a(libc_a-vfiprintf.o)
                0x020084d0                _vfiprintf_r
 .text.__sbprintf
                0x0200a76c       0xbc /opt/devkitpro/devkitARM/bin/../lib/gcc/arm-none-eabi/14.2.0/../../../../arm-none-eabi/lib/libg.a(libc_a-vfiprintf.o)
 .text._memalign_r
                0x0200a828      0x168 /opt/devkitpro/devkitARM/bin/../lib/gcc/arm-none-eabi/14.2.0/../../../../arm-none-eabi/lib/libg.a(libc_a-malignr.o)
                0x0200a828                _memalign_r
 .text.memchr   0x0200a990       0xe4 /opt/devkitpro/devkitARM/bin/../lib/gcc/arm-none-eabi/14.2.0/../../../../arm-none-eabi/lib/libg.a(libc_a-memchr-stub.o)
                0x0200a990                memchr
 .text.get_arg  0x0200aa74       0x54 /opt/devkitpro/devkitARM/bin/../lib/gcc/arm-none-eabi/14.2.0/../../../../arm-none-eabi/lib/libg.a(libc_a-svfiscanf.o)
 .text._sungetc_r
                0x0200aac8       0xe4 /opt/devkitpro/devkitARM/bin/../lib/gcc/arm-none-eabi/14.2.0/../../../../arm-none-eabi/lib/libg.a(libc_a-svfiscanf.o)
                0x0200aac8                _sungetc_r
 .text.__ssrefill_r
                0x0200abac       0x68 /opt/devkitpro/devkitARM/bin/../lib/gcc/arm-none-eabi/14.2.0/../../../../arm-none-eabi/lib/libg.a(libc_a-svfiscanf.o)
                0x0200abac                __ssrefill_r
 .text._sfread_r
                0x0200ac14       0xc8 /opt/devkitpro/devkitARM/bin/../lib/gcc/arm-none-eabi/14.2.0/../../../../arm-none-eabi/lib/libg.a(libc_a-svfiscanf.o)
                0x0200ac14                _sfread_r
 .text.__ssvfiscanf_r
                0x0200acdc     0x22a8 /opt/devkitpro/devkitARM/bin/../lib/gcc/arm-none-eabi/14.2.0/../../../../arm-none-eabi/lib/libg.a(libc_a-svfiscanf.o)
                0x0200acdc                __ssvfiscanf_r
 .text._strtoul_l.isra.0
                0x0200cf84      0x1e8 /opt/devkitpro/devkitARM/bin/../lib/gcc/arm-none-eabi/14.2.0/../../../../arm-none-eabi/lib/libg.a(libc_a-strtoul.o)
 .text._strtoul_r
                0x0200d16c       0x30 /opt/devkitpro/devkitARM/bin/../lib/gcc/arm-none-eabi/14.2.0/../../../../arm-none-eabi/lib/libg.a(libc_a-strtoul.o)
                0x0200d16c                _strtoul_r
 .text._fseeko_r
                0x0200d19c      0x59c /opt/devkitpro/devkitARM/bin/../lib/gcc/arm-none-eabi/14.2.0/../../../../arm-none-eabi/lib/libg.a(libc_a-fseeko.o)
                0x0200d19c                _fseeko_r
 .text.__sprint_r
                0x0200d738       0x34 /opt/devkitpro/devkitARM/bin/../lib/gcc/arm-none-eabi/14.2.0/../../../../arm-none-eabi/lib/libg.a(libc_a-sprint_r.o)
                0x0200d738                __sprint_r
 .text.iswspace
                0x0200d76c       0x14 /opt/devkitpro/devkitARM/bin/../lib/gcc/arm-none-eabi/14.2.0/../../../../arm-none-eabi/lib/libg.a(libc_a-iswspace.o)
                0x0200d76c                iswspace
 .text.__sccl   0x0200d780       0xe4 /opt/devkitpro/devkitARM/bin/../lib/gcc/arm-none-eabi/14.2.0/../../../../arm-none-eabi/lib/libg.a(libc_a-sccl.o)
                0x0200d780                __sccl
 .text._localeconv_r
                0x0200d864       0x28 /opt/devkitpro/devkitARM/bin/../lib/gcc/arm-none-eabi/14.2.0/../../../../arm-none-eabi/lib/libg.a(libc_a-localeconv.o)
                0x0200d864                _localeconv_r
 .text._wcrtomb_r
                0x0200d88c       0xac /opt/devkitpro/devkitARM/bin/../lib/gcc/arm-none-eabi/14.2.0/../../../../arm-none-eabi/lib/libg.a(libc_a-wcrtomb.o)
                0x0200d88c                _wcrtomb_r
 .text._strtol_l.part.0
                0x0200d938      0x348 /opt/devkitpro/devkitARM/bin/../lib/gcc/arm-none-eabi/14.2.0/../../../../arm-none-eabi/lib/libg.a(libc_a-strtol.o)
 .text._strtol_r
                0x0200dc80       0x64 /opt/devkitpro/devkitARM/bin/../lib/gcc/arm-none-eabi/14.2.0/../../../../arm-none-eabi/lib/libg.a(libc_a-strtol.o)
                0x0200dc80                _strtol_r
 .text.strncpy  0x0200dce4       0xd0 /opt/devkitpro/devkitARM/bin/../lib/gcc/arm-none-eabi/14.2.0/../../../../arm-none-eabi/lib/libg.a(libc_a-strncpy.o)
                0x0200dce4                strncpy
 .text._strtoull_l.isra.0
                0x0200ddb4      0x268 /opt/devkitpro/devkitARM/bin/../lib/gcc/arm-none-eabi/14.2.0/../../../../arm-none-eabi/lib/libg.a(libc_a-strtoull.o)
 .text._strtoull_r
                0x0200e01c       0x30 /opt/devkitpro/devkitARM/bin/../lib/gcc/arm-none-eabi/14.2.0/../../../../arm-none-eabi/lib/libg.a(libc_a-strtoull.o)
                0x0200e01c                _strtoull_r
 .text._wcsrtombs_r
                0x0200e04c       0x2c /opt/devkitpro/devkitARM/bin/../lib/gcc/arm-none-eabi/14.2.0/../../../../arm-none-eabi/lib/libg.a(libc_a-wcsrtombs.o)
                0x0200e04c                _wcsrtombs_r
 .text._mbrtowc_r
                0x0200e078       0xc0 /opt/devkitpro/devkitARM/bin/../lib/gcc/arm-none-eabi/14.2.0/../../../../arm-none-eabi/lib/libg.a(libc_a-mbrtowc.o)
                0x0200e078                _mbrtowc_r
 .text.__swsetup_r
                0x0200e138      0x194 /opt/devkitpro/devkitARM/bin/../lib/gcc/arm-none-eabi/14.2.0/../../../../arm-none-eabi/lib/libg.a(libc_a-wsetup.o)
                0x0200e138                __swsetup_r
 .text.__submore
                0x0200e2cc       0xa8 /opt/devkitpro/devkitARM/bin/../lib/gcc/arm-none-eabi/14.2.0/../../../../arm-none-eabi/lib/libg.a(libc_a-ungetc.o)
                0x0200e2cc                __submore
 .text.iswspace_l
                0x0200e374       0x40 /opt/devkitpro/devkitARM/bin/../lib/gcc/arm-none-eabi/14.2.0/../../../../arm-none-eabi/lib/libg.a(libc_a-iswspace_l.o)
                0x0200e374                iswspace_l
 .text.__sfvwrite_r
                0x0200e3b4      0x490 /opt/devkitpro/devkitARM/bin/../lib/gcc/arm-none-eabi/14.2.0/../../../../arm-none-eabi/lib/libg.a(libc_a-fvwrite.o)
                0x0200e3b4                __sfvwrite_r
 .text._strtoll_l.isra.0
                0x0200e844      0x49c /opt/devkitpro/devkitARM/bin/../lib/gcc/arm-none-eabi/14.2.0/../../../../arm-none-eabi/lib/libg.a(libc_a-strtoll.o)
 .text._strtoll_r
                0x0200ece0       0x30 /opt/devkitpro/devkitARM/bin/../lib/gcc/arm-none-eabi/14.2.0/../../../../arm-none-eabi/lib/libg.a(libc_a-strtoll.o)
                0x0200ece0                _strtoll_r
 .text.__locale_mb_cur_max
                0x0200ed10       0x28 /opt/devkitpro/devkitARM/bin/../lib/gcc/arm-none-eabi/14.2.0/../../../../arm-none-eabi/lib/libg.a(libc_a-locale.o)
                0x0200ed10                __locale_mb_cur_max
 .text._wcsnrtombs_l
                0x0200ed38      0x170 /opt/devkitpro/devkitARM/bin/../lib/gcc/arm-none-eabi/14.2.0/../../../../arm-none-eabi/lib/libg.a(libc_a-wcsnrtombs.o)
                0x0200ed38                _wcsnrtombs_l
 .text._wcsnrtombs_r
                0x0200eea8       0x68 /opt/devkitpro/devkitARM/bin/../lib/gcc/arm-none-eabi/14.2.0/../../../../arm-none-eabi/lib/libg.a(libc_a-wcsnrtombs.o)
                0x0200eea8                _wcsnrtombs_r
 .text.__utf8_mbtowc
                0x0200ef10      0x334 /opt/devkitpro/devkitARM/bin/../lib/gcc/arm-none-eabi/14.2.0/../../../../arm-none-eabi/lib/libg.a(libc_a-mbtowc_r.o)
                0x0200ef10                __utf8_mbtowc
 .text.category
                0x0200f244       0x98 /opt/devkitpro/devkitARM/bin/../lib/gcc/arm-none-eabi/14.2.0/../../../../arm-none-eabi/lib/libg.a(libc_a-categories.o)
                0x0200f244                category
 .text.__utf8_wctomb
                0x0200f2dc       0xf4 /opt/devkitpro/devkitARM/bin/../lib/gcc/arm-none-eabi/14.2.0/../../../../arm-none-eabi/lib/libg.a(libc_a-wctomb_r.o)
                0x0200f2dc                __utf8_wctomb
 .text.strncmp  0x0200f3d0       0xe0 /opt/devkitpro/devkitARM/bin/../lib/gcc/arm-none-eabi/14.2.0/../../../../arm-none-eabi/lib/libg.a(libc_a-strncmp.o)
                0x0200f3d0                strncmp
 .text.strchr   0x0200f4b0      0x13c /opt/devkitpro/devkitARM/bin/../lib/gcc/arm-none-eabi/14.2.0/../../../../arm-none-eabi/lib/libg.a(libc_a-strchr.o)
                0x0200f4b0                strchr
 .text.build_argv
                0x0200f5ec       0x90 /opt/devkitpro/devkitARM/bin/../lib/gcc/arm-none-eabi/14.2.0/../../../../arm-none-eabi/lib/libsysbase.a(libsysbase_libsysbase_a-build_argv.o)
                0x0200f5ec                build_argv
 .text._fstat_r
                0x0200f67c       0x8c /opt/devkitpro/devkitARM/bin/../lib/gcc/arm-none-eabi/14.2.0/../../../../arm-none-eabi/lib/libsysbase.a(libsysbase_libsysbase_a-fstat.o)
                0x0200f67c                _fstat_r
 .text.__getreent
                0x0200f708       0x30 /opt/devkitpro/devkitARM/bin/../lib/gcc/arm-none-eabi/14.2.0/../../../../arm-none-eabi/lib/libsysbase.a(libsysbase_libsysbase_a-getreent.o)
                0x0200f708                __getreent
 .text.__release_handle
                0x0200f738       0x90 /opt/devkitpro/devkitARM/bin/../lib/gcc/arm-none-eabi/14.2.0/../../../../arm-none-eabi/lib/libsysbase.a(libsysbase_libsysbase_a-handle_manager.o)
                0x0200f738                __release_handle
 .text.__alloc_handle
                0x0200f7c8       0xb4 /opt/devkitpro/devkitARM/bin/../lib/gcc/arm-none-eabi/14.2.0/../../../../arm-none-eabi/lib/libsysbase.a(libsysbase_libsysbase_a-handle_manager.o)
                0x0200f7c8                __alloc_handle
 .text.__get_handle
                0x0200f87c       0x40 /opt/devkitpro/devkitARM/bin/../lib/gcc/arm-none-eabi/14.2.0/../../../../arm-none-eabi/lib/libsysbase.a(libsysbase_libsysbase_a-handle_manager.o)
                0x0200f87c                __get_handle
 .text._close_r
                0x0200f8bc       0xfc /opt/devkitpro/devkitARM/bin/../lib/gcc/arm-none-eabi/14.2.0/../../../../arm-none-eabi/lib/libsysbase.a(libsysbase_libsysbase_a-handle_manager.o)
                0x0200f8bc                _close_r
 .text.null_write
                0x0200f9b8        0x8 /opt/devkitpro/devkitARM/bin/../lib/gcc/arm-none-eabi/14.2.0/../../../../arm-none-eabi/lib/libsysbase.a(libsysbase_libsysbase_a-iosupport.o)
 .text.FindDevice
                0x0200f9c0       0xd4 /opt/devkitpro/devkitARM/bin/../lib/gcc/arm-none-eabi/14.2.0/../../../../arm-none-eabi/lib/libsysbase.a(libsysbase_libsysbase_a-iosupport.o)
                0x0200f9c0                FindDevice
 .text._isatty_r
                0x0200fa94        0x8 /opt/devkitpro/devkitARM/bin/../lib/gcc/arm-none-eabi/14.2.0/../../../../arm-none-eabi/lib/libsysbase.a(libsysbase_libsysbase_a-isatty.o)
                0x0200fa94                _isatty_r
 .text._lseek_r
                0x0200fa9c       0x90 /opt/devkitpro/devkitARM/bin/../lib/gcc/arm-none-eabi/14.2.0/../../../../arm-none-eabi/lib/libsysbase.a(libsysbase_libsysbase_a-lseek.o)
                0x0200fa9c                _lseek_r
 .text._open_r  0x0200fb2c       0xc4 /opt/devkitpro/devkitARM/bin/../lib/gcc/arm-none-eabi/14.2.0/../../../../arm-none-eabi/lib/libsysbase.a(libsysbase_libsysbase_a-open.o)
                0x0200fb2c                _open_r
 .text._read_r  0x0200fbf0       0x8c /opt/devkitpro/devkitARM/bin/../lib/gcc/arm-none-eabi/14.2.0/../../../../arm-none-eabi/lib/libsysbase.a(libsysbase_libsysbase_a-read.o)
                0x0200fbf0                _read_r
 .text._sbrk_r  0x0200fc7c       0x78 /opt/devkitpro/devkitARM/bin/../lib/gcc/arm-none-eabi/14.2.0/../../../../arm-none-eabi/lib/libsysbase.a(libsysbase_libsysbase_a-sbrk.o)
                0x0200fc7c                _sbrk_r
 .text.__libc_lock_acquire
                0x0200fcf4       0x20 /opt/devkitpro/devkitARM/bin/../lib/gcc/arm-none-eabi/14.2.0/../../../../arm-none-eabi/lib/libsysbase.a(libsysbase_libsysbase_a-syscall_support.o)
                0x0200fcf4                __libc_lock_acquire
 .text.__libc_lock_release
                0x0200fd14       0x20 /opt/devkitpro/devkitARM/bin/../lib/gcc/arm-none-eabi/14.2.0/../../../../arm-none-eabi/lib/libsysbase.a(libsysbase_libsysbase_a-syscall_support.o)
                0x0200fd14                __libc_lock_release
 .text.__libc_lock_acquire_recursive
                0x0200fd34       0x20 /opt/devkitpro/devkitARM/bin/../lib/gcc/arm-none-eabi/14.2.0/../../../../arm-none-eabi/lib/libsysbase.a(libsysbase_libsysbase_a-syscall_support.o)
                0x0200fd34                __libc_lock_acquire_recursive
 .text.__libc_lock_release_recursive
                0x0200fd54       0x20 /opt/devkitpro/devkitARM/bin/../lib/gcc/arm-none-eabi/14.2.0/../../../../arm-none-eabi/lib/libsysbase.a(libsysbase_libsysbase_a-syscall_support.o)
                0x0200fd54                __libc_lock_release_recursive
 .text._write_r
                0x0200fd74       0x8c /opt/devkitpro/devkitARM/bin/../lib/gcc/arm-none-eabi/14.2.0/../../../../arm-none-eabi/lib/libsysbase.a(libsysbase_libsysbase_a-write.o)
                0x0200fd74                _write_r
 .text.__udivmoddi4
                0x0200fe00      0x128 /opt/devkitpro/devkitARM/bin/../lib/gcc/arm-none-eabi/14.2.0/libgcc.a(_udivmoddi4.o)
                0x0200fe00                __udivmoddi4
 .text.__udivmoddi4.__stub
                0x0200ff28      0x13c linker stubs
 *(EXCLUDE_FILE(*.twl*) .gnu.warning)
 *(EXCLUDE_FILE(*.twl*) .gnu.linkonce.t*)
 *(.glue_7)
 .glue_7        0x020100a0        0x0 linker stubs
 *(.glue_7t)
 .glue_7t       0x020100a0        0x0 linker stubs
                0x020100a0                        . = ALIGN (0x4)

.vfp11_veneer   0x020100a0        0x0
 .vfp11_veneer  0x020100a0        0x0 linker stubs

.v4_bx          0x020100a0        0x0
 .v4_bx         0x020100a0        0x0 linker stubs

.iplt           0x020100a0        0x0
 .iplt          0x020100a0        0x0 /opt/devkitpro/devkitARM/bin/../lib/gcc/arm-none-eabi/14.2.0/../../../../arm-none-eabi/lib/ds_arm9_crt0.o

.fini           0x020100a0       0x18
 *(.fini)
 .fini          0x020100a0        0xc /opt/devkitpro/devkitARM/bin/../lib/gcc/arm-none-eabi/14.2.0/crti.o
                0x020100a0                _fini
 .fini          0x020100ac        0xc /opt/devkitpro/devkitARM/bin/../lib/gcc/arm-none-eabi/14.2.0/crtn.o
                0x020100b8                        __text_end = .

.rodata         0x020100b8    0x73ac4
 *(EXCLUDE_FILE(*.twl*) .rodata)
 .rodata        0x020100b8     0x2d40 GameOver.o
                0x020100b8                GameOverTiles
                0x020125f8                GameOverMap
                0x02012bf8                GameOverPal
 .rodata        0x02012df8     0x4340 Menu.o
                0x02012df8                MenuTiles
                0x02016938                MenuMap
                0x02016f38                MenuPal
 .rodata        0x02017138     0xb240 SubGameBg.o
                0x02017138                SubGameBgTiles
                0x02021b78                SubGameBgMap
                0x02022178                SubGameBgPal
 .rodata        0x02022378     0x7700 Subbg.o
                0x02022378                SubbgTiles
                0x02029278                SubbgMap
                0x02029878                SubbgPal
 .rodata        0x02029a78     0x7940 background.o
                0x02029a78                backgroundTiles
                0x02030bb8                backgroundMap
                0x020311b8                backgroundPal
 .rodata        0x020313b8     0x7f80 background2.o
                0x020313b8                background2Tiles
                0x02038b38                background2Map
                0x02039138                background2Pal
 .rodata        0x02039338      0x600 bird.o
                0x02039338                birdTiles
                0x02039738                birdPal
 .rodata        0x02039938     0x1a00 pipe2.o
                0x02039938                pipe2Tiles
                0x0203b138                pipe2Pal
 .rodata        0x0203b338       0xfa graphics.o
 *all.rodata*(*)
 *(EXCLUDE_FILE(*.twl*) .roda)
 *(EXCLUDE_FILE(*.twl*) .rodata.*)
 *fill*         0x0203b432        0x2 ff
 .rodata.soundbank_bin
                0x0203b434    0x42944 soundbank.bin.o
                0x0203b434                soundbank_bin
                0x0207dd78                soundbank_bin_end
 .rodata.con_write.str1.4
                0x0207dd78       0x9c /opt/devkitpro/libnds/lib/libnds9.a(console.o)
                                 0x30 (size before relaxing)
 .rodata.con_write
                0x0207de14       0xd4 /opt/devkitpro/libnds/lib/libnds9.a(console.o)
 .rodata.consoleClear.str1.4
                0x0207dee8        0x5 /opt/devkitpro/libnds/lib/libnds9.a(console.o)
 .rodata.str1.4
                0x0207dee8       0x14 /opt/devkitpro/libnds/lib/libnds9.a(console.o)
 .rodata.dotab_stdout
                0x0207dee8       0x80 /opt/devkitpro/libnds/lib/libnds9.a(console.o)
 .rodata.SIN_LUT
                0x0207df68      0x102 /opt/devkitpro/libnds/lib/libnds9.a(trig.o)
                0x0207df68                SIN_LUT
 *fill*         0x0207e06a        0x2 ff
 .rodata.default_font_bin
                0x0207e06c     0x2000 /opt/devkitpro/libnds/lib/libnds9.a(default_font.bin.o)
                0x0207e06c                default_font_bin
                0x0208006c                default_font_bin_end
 .rodata.get_arg
                0x0208006c       0x34 /opt/devkitpro/devkitARM/bin/../lib/gcc/arm-none-eabi/14.2.0/../../../../arm-none-eabi/lib/libg.a(libc_a-vfiprintf.o)
 .rodata._vfiprintf_r.str1.1
                0x020800a0       0x29 /opt/devkitpro/devkitARM/bin/../lib/gcc/arm-none-eabi/14.2.0/../../../../arm-none-eabi/lib/libg.a(libc_a-vfiprintf.o)
 *fill*         0x020800c9        0x1 ff
 .rodata._vfiprintf_r
                0x020800ca       0xb6 /opt/devkitpro/devkitARM/bin/../lib/gcc/arm-none-eabi/14.2.0/../../../../arm-none-eabi/lib/libg.a(libc_a-vfiprintf.o)
 .rodata.zeroes.0
                0x02080180       0x10 /opt/devkitpro/devkitARM/bin/../lib/gcc/arm-none-eabi/14.2.0/../../../../arm-none-eabi/lib/libg.a(libc_a-vfiprintf.o)
 .rodata.blanks.1
                0x02080190       0x10 /opt/devkitpro/devkitARM/bin/../lib/gcc/arm-none-eabi/14.2.0/../../../../arm-none-eabi/lib/libg.a(libc_a-vfiprintf.o)
 .rodata.__ssvfiscanf_r
                0x020801a0       0x7f /opt/devkitpro/devkitARM/bin/../lib/gcc/arm-none-eabi/14.2.0/../../../../arm-none-eabi/lib/libg.a(libc_a-svfiscanf.o)
 *fill*         0x0208021f        0x1 ff
 .rodata.basefix.0
                0x02080220       0x22 /opt/devkitpro/devkitARM/bin/../lib/gcc/arm-none-eabi/14.2.0/../../../../arm-none-eabi/lib/libg.a(libc_a-svfiscanf.o)
 *fill*         0x02080242        0x2 ff
 .rodata._ctype_
                0x02080244      0x101 /opt/devkitpro/devkitARM/bin/../lib/gcc/arm-none-eabi/14.2.0/../../../../arm-none-eabi/lib/libg.a(libc_a-ctype_.o)
                0x02080244                _ctype_
 *fill*         0x02080345        0x3 ff
 .rodata.__action_table
                0x02080348       0x6c /opt/devkitpro/devkitARM/bin/../lib/gcc/arm-none-eabi/14.2.0/../../../../arm-none-eabi/lib/libg.a(libc_a-svfiprintf.o)
                0x02080348                __action_table
 .rodata.__state_table
                0x020803b4       0x6c /opt/devkitpro/devkitARM/bin/../lib/gcc/arm-none-eabi/14.2.0/../../../../arm-none-eabi/lib/libg.a(libc_a-svfiprintf.o)
                0x020803b4                __state_table
 .rodata.__chclass
                0x02080420      0x100 /opt/devkitpro/devkitARM/bin/../lib/gcc/arm-none-eabi/14.2.0/../../../../arm-none-eabi/lib/libg.a(libc_a-svfiprintf.o)
                0x02080420                __chclass
 .rodata._mbrtowc_r.str1.4
                0x02080520        0x1 /opt/devkitpro/devkitARM/bin/../lib/gcc/arm-none-eabi/14.2.0/../../../../arm-none-eabi/lib/libg.a(libc_a-mbrtowc.o)
 .rodata.str1.4
                0x02080520       0x4c /opt/devkitpro/devkitARM/bin/../lib/gcc/arm-none-eabi/14.2.0/../../../../arm-none-eabi/lib/libg.a(libc_a-locale.o)
 .rodata.categories
                0x02080520     0x35dc /opt/devkitpro/devkitARM/bin/../lib/gcc/arm-none-eabi/14.2.0/../../../../arm-none-eabi/lib/libg.a(libc_a-categories.o)
 .rodata.AddDevice.str1.4
                0x02083afc        0x8 /opt/devkitpro/devkitARM/bin/../lib/gcc/arm-none-eabi/14.2.0/../../../../arm-none-eabi/lib/libsysbase.a(libsysbase_libsysbase_a-iosupport.o)
 .rodata.dotab_stdnull
                0x02083afc       0x80 /opt/devkitpro/devkitARM/bin/../lib/gcc/arm-none-eabi/14.2.0/../../../../arm-none-eabi/lib/libsysbase.a(libsysbase_libsysbase_a-iosupport.o)
                0x02083afc                dotab_stdnull
 *(EXCLUDE_FILE(*.twl*) .gnu.linkonce.r*)
                0x02083b7c                        . = ALIGN (0x4)

.ARM.extab
 *(.ARM.extab* .gnu.linkonce.armextab.*)
                0x02083b7c                        __exidx_start = .

ARM.exidx
 *(.ARM.exidx* .gnu.linkonce.armexidx.*)
                0x02083b7c                        __exidx_end = .
                0x02083b7c                        . = ALIGN (0x4)
                0x02083b7c                        PROVIDE (__preinit_array_start = .)

.preinit_array
 *(.preinit_array)
                0x02083b7c                        PROVIDE (__preinit_array_end = .)
                0x02083b7c                        PROVIDE (__init_array_start = .)

.init_array     0x02083b7c        0x4
 *(SORT_BY_NAME(.init_array.*))
 *(.init_array)
 .init_array    0x02083b7c        0x4 /opt/devkitpro/devkitARM/bin/../lib/gcc/arm-none-eabi/14.2.0/crtbegin.o
                0x02083b80                        PROVIDE (__init_array_end = .)
                [!provide]                        PROVIDE (__fini_array_start = .)

.fini_array     0x02083b80        0x4
 *(.fini_array)
 .fini_array    0x02083b80        0x4 /opt/devkitpro/devkitARM/bin/../lib/gcc/arm-none-eabi/14.2.0/crtbegin.o
 *(SORT_BY_NAME(.fini_array.*))
                [!provide]                        PROVIDE (__fini_array_end = .)

.ctors          0x02083b84        0x0
 *crtbegin.o(.ctors)
 *(EXCLUDE_FILE(*crtend.o) .ctors)
 *(SORT_BY_NAME(.ctors.*))
 *(.ctors)
                0x02083b84                        . = ALIGN (0x4)

.dtors          0x02083b84        0x0
 *crtbegin.o(.dtors)
 *(EXCLUDE_FILE(*crtend.o) .dtors)
 *(SORT_BY_NAME(.dtors.*))
 *(.dtors)
                0x02083b84                        . = ALIGN (0x4)

.eh_frame       0x02083b84        0x4
 *(.eh_frame)
 .eh_frame      0x02083b84        0x0 /opt/devkitpro/devkitARM/bin/../lib/gcc/arm-none-eabi/14.2.0/crtbegin.o
 .eh_frame      0x02083b84        0x4 /opt/devkitpro/devkitARM/bin/../lib/gcc/arm-none-eabi/14.2.0/crtend.o
                0x02083b88                        . = ALIGN (0x4)

.rel.dyn        0x02083b88        0x0
 .rel.iplt      0x02083b88        0x0 /opt/devkitpro/devkitARM/bin/../lib/gcc/arm-none-eabi/14.2.0/../../../../arm-none-eabi/lib/ds_arm9_crt0.o

.gcc_except_table
                0x02083b88        0x0
 *(.gcc_except_table)
                0x02083b88                        . = ALIGN (0x4)

.jcr
 *(.jcr)

.got
 *(.got.plt)
 *(.got)
 *(.rel.got)

.ewram          0x02083b88        0x0
                0x02083b88                        __ewram_start = ABSOLUTE (.)
 *(.ewram)
 *ewram.*(.text)
                0x02083b88                        . = ALIGN (0x4)

.data           0x02083b88     0x189c
                0x02083b88                        __data_start = ABSOLUTE (.)
 *(EXCLUDE_FILE(*.twl*) .data)
 .data          0x02083b88        0x6 graphics.o
                0x02083b8c                background
 *fill*         0x02083b8e        0x2 ff
 .data          0x02083b90        0xc main.o
                0x02083b94                birdY
                0x02083b98                gameState
 .data          0x02083b9c        0x8 timer.o
                0x02083ba0                speedMultiplier
 .data          0x02083ba4       0x28 /opt/devkitpro/libnds/lib/libnds9.a(mpu_setup.o)
 *(EXCLUDE_FILE(*.twl*) .data.*)
 .data.firstConsoleInit.0
                0x02083bcc        0x1 /opt/devkitpro/libnds/lib/libnds9.a(console.o)
 *fill*         0x02083bcd        0x3 ff
 .data.currentConsole
                0x02083bd0        0x4 /opt/devkitpro/libnds/lib/libnds9.a(console.o)
                0x02083bd0                currentConsole
 .data.defaultConsole
                0x02083bd4       0x5c /opt/devkitpro/libnds/lib/libnds9.a(console.o)
                0x02083bd4                defaultConsole
 .data.count    0x02083c30        0x1 /opt/devkitpro/libnds/lib/libnds9.a(keys.o)
 .data.repeat   0x02083c31        0x1 /opt/devkitpro/libnds/lib/libnds9.a(keys.o)
 .data.delay    0x02083c32        0x1 /opt/devkitpro/libnds/lib/libnds9.a(keys.o)
 *fill*         0x02083c33        0x1 ff
 .data.oamMain  0x02083c34       0x18 /opt/devkitpro/libnds/lib/libnds9.a(sprite.o)
                0x02083c34                oamMain
 .data.fifo_freewords
                0x02083c4c        0x4 /opt/devkitpro/libnds/lib/libnds9.a(fifosystem.o)
                0x02083c4c                fifo_freewords
 .data.fifo_receive_queue
                0x02083c50        0x4 /opt/devkitpro/libnds/lib/libnds9.a(fifosystem.o)
                0x02083c50                fifo_receive_queue
 .data.fifo_send_queue
                0x02083c54        0x4 /opt/devkitpro/libnds/lib/libnds9.a(fifosystem.o)
                0x02083c54                fifo_send_queue
 .data.fifo_buffer_free
                0x02083c58        0x4 /opt/devkitpro/libnds/lib/libnds9.a(fifosystem.o)
                0x02083c58                fifo_buffer_free
 .data.bgTransform
                0x02083c5c       0x20 /opt/devkitpro/libnds/lib/libnds9.a(background.o)
                0x02083c5c                bgTransform
 .data.bgScrollTable
                0x02083c7c       0x20 /opt/devkitpro/libnds/lib/libnds9.a(background.o)
                0x02083c7c                bgScrollTable
 .data.bgControl
                0x02083c9c       0x20 /opt/devkitpro/libnds/lib/libnds9.a(background.o)
                0x02083c9c                bgControl
 .data.__sglue  0x02083cbc        0xc /opt/devkitpro/devkitARM/bin/../lib/gcc/arm-none-eabi/14.2.0/../../../../arm-none-eabi/lib/libg.a(libc_a-findfp.o)
                0x02083cbc                __sglue
 .data.__malloc_sbrk_base
                0x02083cc8        0x4 /opt/devkitpro/devkitARM/bin/../lib/gcc/arm-none-eabi/14.2.0/../../../../arm-none-eabi/lib/libg.a(libc_a-mallocr.o)
                0x02083cc8                __malloc_sbrk_base
 .data.__malloc_trim_threshold
                0x02083ccc        0x4 /opt/devkitpro/devkitARM/bin/../lib/gcc/arm-none-eabi/14.2.0/../../../../arm-none-eabi/lib/libg.a(libc_a-mallocr.o)
                0x02083ccc                __malloc_trim_threshold
 .data.__malloc_av_
                0x02083cd0      0x408 /opt/devkitpro/devkitARM/bin/../lib/gcc/arm-none-eabi/14.2.0/../../../../arm-none-eabi/lib/libg.a(libc_a-mallocr.o)
                0x02083cd0                __malloc_av_
 .data._impure_ptr
                0x020840d8        0x4 /opt/devkitpro/devkitARM/bin/../lib/gcc/arm-none-eabi/14.2.0/../../../../arm-none-eabi/lib/libg.a(libc_a-impure.o)
                0x020840d8                _impure_ptr
 *fill*         0x020840dc        0x4 ff
 .data._impure_data
                0x020840e0      0x120 /opt/devkitpro/devkitARM/bin/../lib/gcc/arm-none-eabi/14.2.0/../../../../arm-none-eabi/lib/libg.a(libc_a-impure.o)
                0x020840e0                _impure_data
 .data.__global_locale
                0x02084200      0x16c /opt/devkitpro/devkitARM/bin/../lib/gcc/arm-none-eabi/14.2.0/../../../../arm-none-eabi/lib/libg.a(libc_a-locale.o)
                0x02084200                __global_locale
 *fill*         0x0208436c        0x4 ff
 .data.handles  0x02084370     0x1000 /opt/devkitpro/devkitARM/bin/../lib/gcc/arm-none-eabi/14.2.0/../../../../arm-none-eabi/lib/libsysbase.a(libsysbase_libsysbase_a-handle_manager.o)
 .data.__stderr_handle
                0x02085370        0xc /opt/devkitpro/devkitARM/bin/../lib/gcc/arm-none-eabi/14.2.0/../../../../arm-none-eabi/lib/libsysbase.a(libsysbase_libsysbase_a-handle_manager.o)
 .data.__stdout_handle
                0x0208537c        0xc /opt/devkitpro/devkitARM/bin/../lib/gcc/arm-none-eabi/14.2.0/../../../../arm-none-eabi/lib/libsysbase.a(libsysbase_libsysbase_a-handle_manager.o)
 .data.__stdin_handle
                0x02085388        0xc /opt/devkitpro/devkitARM/bin/../lib/gcc/arm-none-eabi/14.2.0/../../../../arm-none-eabi/lib/libsysbase.a(libsysbase_libsysbase_a-handle_manager.o)
 .data.devoptab_list
                0x02085394       0x8c /opt/devkitpro/devkitARM/bin/../lib/gcc/arm-none-eabi/14.2.0/../../../../arm-none-eabi/lib/libsysbase.a(libsysbase_libsysbase_a-iosupport.o)
                0x02085394                devoptab_list
 .data.defaultDevice
                0x02085420        0x4 /opt/devkitpro/devkitARM/bin/../lib/gcc/arm-none-eabi/14.2.0/../../../../arm-none-eabi/lib/libsysbase.a(libsysbase_libsysbase_a-iosupport.o)
 *(EXCLUDE_FILE(*.twl*) .gnu.linkonce.d*)
                0x02085424                        . = ALIGN (0x4)
                0x02085424                        __data_end = ABSOLUTE (.)
                0x02085424                        __bss_vma = .

.igot.plt       0x02085424        0x0
 .igot.plt      0x02085424        0x0 /opt/devkitpro/devkitARM/bin/../lib/gcc/arm-none-eabi/14.2.0/../../../../arm-none-eabi/lib/ds_arm9_crt0.o

.dtcm           0x02ff0000        0x0 load address 0x02085424
                0x02085424                        __dtcm_lma = LOADADDR (.dtcm)
                0x02ff0000                        __dtcm_start = ABSOLUTE (.)
 *(.dtcm)
 *(.dtcm.*)
                0x02ff0000                        . = ALIGN (0x4)
                0x02ff0000                        __dtcm_end = ABSOLUTE (.)

.itcm           0x01000100      0x194 load address 0x02085424
                0x02085424                        __itcm_lma = LOADADDR (.itcm)
                0x01000100                        __itcm_start = ABSOLUTE (.)
 *(.itcm)
 .itcm          0x01000100       0xc8 /opt/devkitpro/libnds/lib/libnds9.a(interrupts.o)
                0x01000100                irqTable
 .itcm          0x010001c8       0xcc /opt/devkitpro/libnds/lib/libnds9.a(interruptDispatcher.o)
                0x010001c8                IntrMain
 *.itcm*(.text .stub .text.*)
                0x01000294                        . = ALIGN (0x4)
                0x01000294                        __itcm_end = ABSOLUTE (.)

.vectors        0x01000000        0x0 load address 0x020855b8
                0x020855b8                        __vectors_lma = LOADADDR (.vectors)
                0x01000000                        __vectors_start = ABSOLUTE (.)
 *(.vectors .vectors.*)
                0x01000000                        . = ALIGN (0x4)
                0x01000000                        __vectors_end = ABSOLUTE (.)

.sbss           0x02ff0000        0x0
                0x02ff0000                        __sbss_start = ABSOLUTE (.)
                0x02ff0000                        __sbss_start__ = ABSOLUTE (.)
 *(.sbss)
                0x02ff0000                        . = ALIGN (0x4)
                0x02ff0000                        __sbss_end = ABSOLUTE (.)

.bss            0x02085424     0x1320
                0x02085424                        __bss_start = ABSOLUTE (.)
                0x02085424                        __bss_start__ = ABSOLUTE (.)
 *(EXCLUDE_FILE(*.twl*) .dynbss)
 *(EXCLUDE_FILE(*.twl*) .gnu.linkonce.b*)
 *(EXCLUDE_FILE(*.twl*) .bss*)
 .bss.completed.1
                0x02085424        0x1 /opt/devkitpro/devkitARM/bin/../lib/gcc/arm-none-eabi/14.2.0/crtbegin.o
 *fill*         0x02085425        0x3 
 .bss.object.0  0x02085428       0x18 /opt/devkitpro/devkitARM/bin/../lib/gcc/arm-none-eabi/14.2.0/crtbegin.o
 .bss           0x02085440       0x54 graphics.o
                0x02085440                scrollX
                0x02085444                birdgfx
                0x02085448                Pipegfx
                0x0208544c                Pipegfx2
                0x02085450                pipes
 .bss           0x02085494       0x16 main.o
                0x02085494                keys
                0x02085498                score
                0x0208549c                distance
                0x020854a0                birdX
                0x020854a4                birdVelocity
                0x020854a8                isJumping
 *fill*         0x020854aa        0x2 
 .bss           0x020854ac        0x4 timer.o
 .bss.currentCopy
                0x020854b0       0x5c /opt/devkitpro/libnds/lib/libnds9.a(console.o)
                0x020854b0                currentCopy
 .bss.keysrepeat
                0x0208550c        0x2 /opt/devkitpro/libnds/lib/libnds9.a(keys.o)
 .bss.keysold   0x0208550e        0x2 /opt/devkitpro/libnds/lib/libnds9.a(keys.o)
 .bss.keys      0x02085510        0x2 /opt/devkitpro/libnds/lib/libnds9.a(keys.o)
 *fill*         0x02085512        0x2 
 .bss.OamMemory
                0x02085514      0x400 /opt/devkitpro/libnds/lib/libnds9.a(sprite.o)
                0x02085514                OamMemory
 .bss.glGlobalData
                0x02085914       0x54 /opt/devkitpro/libnds/lib/libnds9.a(videoGL.o)
                0x02085914                glGlobalData
 .bss.punixTime
                0x02085968        0x4 /opt/devkitpro/libnds/lib/libnds9.a(initSystem.o)
                0x02085968                punixTime
 .bss.__dsimode
                0x0208596c        0x1 /opt/devkitpro/libnds/lib/libnds9.a(initSystem.o)
                0x0208596c                __dsimode
 *fill*         0x0208596d        0x3 
 .bss.processing
                0x02085970        0x4 /opt/devkitpro/libnds/lib/libnds9.a(fifosystem.o)
                0x02085970                processing
 .bss.fifo_datamsg_data
                0x02085974       0x40 /opt/devkitpro/libnds/lib/libnds9.a(fifosystem.o)
                0x02085974                fifo_datamsg_data
 .bss.fifo_datamsg_func
                0x020859b4       0x40 /opt/devkitpro/libnds/lib/libnds9.a(fifosystem.o)
                0x020859b4                fifo_datamsg_func
 .bss.fifo_value32_data
                0x020859f4       0x40 /opt/devkitpro/libnds/lib/libnds9.a(fifosystem.o)
                0x020859f4                fifo_value32_data
 .bss.fifo_value32_func
                0x02085a34       0x40 /opt/devkitpro/libnds/lib/libnds9.a(fifosystem.o)
                0x02085a34                fifo_value32_func
 .bss.fifo_address_data
                0x02085a74       0x40 /opt/devkitpro/libnds/lib/libnds9.a(fifosystem.o)
                0x02085a74                fifo_address_data
 .bss.fifo_address_func
                0x02085ab4       0x40 /opt/devkitpro/libnds/lib/libnds9.a(fifosystem.o)
                0x02085ab4                fifo_address_func
 .bss.fifo_value32_queue
                0x02085af4       0x40 /opt/devkitpro/libnds/lib/libnds9.a(fifosystem.o)
                0x02085af4                fifo_value32_queue
 .bss.fifo_data_queue
                0x02085b34       0x40 /opt/devkitpro/libnds/lib/libnds9.a(fifosystem.o)
                0x02085b34                fifo_data_queue
 .bss.fifo_address_queue
                0x02085b74       0x40 /opt/devkitpro/libnds/lib/libnds9.a(fifosystem.o)
                0x02085b74                fifo_address_queue
 .bss.fifo_buffer
                0x02085bb4      0x800 /opt/devkitpro/libnds/lib/libnds9.a(fifosystem.o)
                0x02085bb4                fifo_buffer
 .bss.bgIsTextLut
                0x020863b4        0x8 /opt/devkitpro/libnds/lib/libnds9.a(background.o)
                0x020863b4                bgIsTextLut
 .bss.bgState   0x020863bc      0x140 /opt/devkitpro/libnds/lib/libnds9.a(background.o)
                0x020863bc                bgState
 .bss.SDcallback
                0x020864fc        0x4 /opt/devkitpro/libnds/lib/libnds9.a(system.o)
 .bss           0x02086500       0x18 /opt/devkitpro/libnds/lib/libmm9.a(mm_comms.o)
 .bss           0x02086518       0x19 /opt/devkitpro/libnds/lib/libmm9.a(mm_main9.o)
                0x02086518                mmcbMemory
                0x0208651c                mmModuleCount
                0x02086520                mmSampleCount
                0x02086524                mmMemoryBank
                0x02086524                mmModuleBank
                0x02086528                mmSampleBank
                0x0208652c                mmCallback
                0x02086530                mmActiveStatus
 *fill*         0x02086531        0x3 
 .bss           0x02086534       0x44 /opt/devkitpro/libnds/lib/libmm9.a(mm_soundbank.o)
 .bss.__sfp_recursive_mutex
                0x02086578        0xc /opt/devkitpro/devkitARM/bin/../lib/gcc/arm-none-eabi/14.2.0/../../../../arm-none-eabi/lib/libg.a(libc_a-findfp.o)
 *fill*         0x02086584        0x4 
 .bss.__sf      0x02086588      0x168 /opt/devkitpro/devkitARM/bin/../lib/gcc/arm-none-eabi/14.2.0/../../../../arm-none-eabi/lib/libg.a(libc_a-findfp.o)
                0x02086588                __sf
 .bss.__stdio_exit_handler
                0x020866f0        0x4 /opt/devkitpro/devkitARM/bin/../lib/gcc/arm-none-eabi/14.2.0/../../../../arm-none-eabi/lib/libg.a(libc_a-findfp.o)
                0x020866f0                __stdio_exit_handler
 .bss.__malloc_current_mallinfo
                0x020866f4       0x28 /opt/devkitpro/devkitARM/bin/../lib/gcc/arm-none-eabi/14.2.0/../../../../arm-none-eabi/lib/libg.a(libc_a-mallocr.o)
                0x020866f4                __malloc_current_mallinfo
 .bss.__malloc_max_total_mem
                0x0208671c        0x4 /opt/devkitpro/devkitARM/bin/../lib/gcc/arm-none-eabi/14.2.0/../../../../arm-none-eabi/lib/libg.a(libc_a-mallocr.o)
                0x0208671c                __malloc_max_total_mem
 .bss.__malloc_max_sbrked_mem
                0x02086720        0x4 /opt/devkitpro/devkitARM/bin/../lib/gcc/arm-none-eabi/14.2.0/../../../../arm-none-eabi/lib/libg.a(libc_a-mallocr.o)
                0x02086720                __malloc_max_sbrked_mem
 .bss.__malloc_top_pad
                0x02086724        0x4 /opt/devkitpro/devkitARM/bin/../lib/gcc/arm-none-eabi/14.2.0/../../../../arm-none-eabi/lib/libg.a(libc_a-mallocr.o)
                0x02086724                __malloc_top_pad
 .bss.__malloc_recursive_mutex
                0x02086728        0xc /opt/devkitpro/devkitARM/bin/../lib/gcc/arm-none-eabi/14.2.0/../../../../arm-none-eabi/lib/libg.a(libc_a-mlock.o)
 .bss.__hndl_lock
                0x02086734        0x4 /opt/devkitpro/devkitARM/bin/../lib/gcc/arm-none-eabi/14.2.0/../../../../arm-none-eabi/lib/libsysbase.a(libsysbase_libsysbase_a-handle_manager.o)
 .bss.fake_heap_start
                0x02086738        0x4 /opt/devkitpro/devkitARM/bin/../lib/gcc/arm-none-eabi/14.2.0/../../../../arm-none-eabi/lib/libsysbase.a(libsysbase_libsysbase_a-malloc_vars.o)
                0x02086738                fake_heap_start
 .bss.fake_heap_end
                0x0208673c        0x4 /opt/devkitpro/devkitARM/bin/../lib/gcc/arm-none-eabi/14.2.0/../../../../arm-none-eabi/lib/libsysbase.a(libsysbase_libsysbase_a-malloc_vars.o)
                0x0208673c                fake_heap_end
 .bss.heap_start.0
                0x02086740        0x4 /opt/devkitpro/devkitARM/bin/../lib/gcc/arm-none-eabi/14.2.0/../../../../arm-none-eabi/lib/libsysbase.a(libsysbase_libsysbase_a-sbrk.o)
 *(EXCLUDE_FILE(*.twl*) COMMON)
                0x02086744                        . = ALIGN (0x4)
                0x02086744                        __bss_end__ = ABSOLUTE (.)
                0x02086744                        __end__ = ABSOLUTE (.)

.twl            0x02086744        0x0 load address 0x02400000
                0x02400000                        __arm9i_lma__ = LOADADDR (.twl)
                0x02086744                        __arm9i_start__ = ABSOLUTE (.)
 *(.twl)
 *.twl*(.text .stub .text.* .gnu.linkonce.t.*)
 *.twl*(.rodata)
 *.twl*(.roda)
 *.twl*(.rodata.*)
 *.twl*(.data)
 *.twl*(.data.*)
 *.twl*(.gnu.linkonce.d*)
                0x02086744                        __arm9i_end__ = ABSOLUTE (.)

.twl_bss        0x02086744        0x0
                0x02086744                        __twl_bss_start__ = ABSOLUTE (.)
 *(.twl_bss)
 *.twl*(.dynbss)
 *.twl*(.gnu.linkonce.b*)
 *.twl*(.bss*)
 *.twl*(COMMON)
                0x02086744                        . = ALIGN (0x4)
                0x02086744                        __twl_bss_end__ = ABSOLUTE (.)
                0x02086744                        __twl_end__ = ABSOLUTE (.)

.stab
 *(.stab)

.stabstr
 *(.stabstr)

.stab.excl
 *(.stab.excl)

.stab.exclstr
 *(.stab.exclstr)

.stab.index
 *(.stab.index)

.stab.indexstr
 *(.stab.indexstr)

.comment        0x00000000       0x23
 *(.comment)
 .comment       0x00000000       0x23 /opt/devkitpro/devkitARM/bin/../lib/gcc/arm-none-eabi/14.2.0/crtbegin.o
                                 0x24 (size before relaxing)
 .comment       0x00000023       0x24 graphics.o
 .comment       0x00000023       0x24 main.o
 .comment       0x00000023       0x24 timer.o
 .comment       0x00000023       0x24 /opt/devkitpro/libnds/lib/libnds9.a(console.o)
 .comment       0x00000023       0x24 /opt/devkitpro/libnds/lib/libnds9.a(keys.o)
 .comment       0x00000023       0x24 /opt/devkitpro/libnds/lib/libnds9.a(sprite_alloc.o)
 .comment       0x00000023       0x24 /opt/devkitpro/libnds/lib/libnds9.a(sprite.o)
 .comment       0x00000023       0x24 /opt/devkitpro/libnds/lib/libnds9.a(touch.o)
 .comment       0x00000023       0x24 /opt/devkitpro/libnds/lib/libnds9.a(trig.o)
 .comment       0x00000023       0x24 /opt/devkitpro/libnds/lib/libnds9.a(videoGL.o)
 .comment       0x00000023       0x24 /opt/devkitpro/libnds/lib/libnds9.a(initSystem.o)
 .comment       0x00000023       0x24 /opt/devkitpro/libnds/lib/libnds9.a(securearea.o)
 .comment       0x00000023       0x24 /opt/devkitpro/libnds/lib/libnds9.a(fifosystem.o)
 .comment       0x00000023       0x24 /opt/devkitpro/libnds/lib/libnds9.a(interrupts.o)
 .comment       0x00000023       0x24 /opt/devkitpro/libnds/lib/libnds9.a(libnds_exit.arm.o)
 .comment       0x00000023       0x24 /opt/devkitpro/libnds/lib/libnds9.a(background.o)
 .comment       0x00000023       0x24 /opt/devkitpro/libnds/lib/libnds9.a(system.o)
 .comment       0x00000023       0x24 /opt/devkitpro/libnds/lib/libnds9.a(video.o)
 .comment       0x00000023       0x24 /opt/devkitpro/devkitARM/bin/../lib/gcc/arm-none-eabi/14.2.0/../../../../arm-none-eabi/lib/libg.a(libc_a-rand.o)
 .comment       0x00000023       0x24 /opt/devkitpro/devkitARM/bin/../lib/gcc/arm-none-eabi/14.2.0/../../../../arm-none-eabi/lib/libg.a(libc_a-fread.o)
 .comment       0x00000023       0x24 /opt/devkitpro/devkitARM/bin/../lib/gcc/arm-none-eabi/14.2.0/../../../../arm-none-eabi/lib/libg.a(libc_a-siscanf.o)
 .comment       0x00000023       0x24 /opt/devkitpro/devkitARM/bin/../lib/gcc/arm-none-eabi/14.2.0/../../../../arm-none-eabi/lib/libg.a(libc_a-stdio.o)
 .comment       0x00000023       0x24 /opt/devkitpro/devkitARM/bin/../lib/gcc/arm-none-eabi/14.2.0/../../../../arm-none-eabi/lib/libg.a(libc_a-refill.o)
 .comment       0x00000023       0x24 /opt/devkitpro/devkitARM/bin/../lib/gcc/arm-none-eabi/14.2.0/../../../../arm-none-eabi/lib/libg.a(libc_a-fclose.o)
 .comment       0x00000023       0x24 /opt/devkitpro/devkitARM/bin/../lib/gcc/arm-none-eabi/14.2.0/../../../../arm-none-eabi/lib/libg.a(libc_a-makebuf.o)
 .comment       0x00000023       0x24 /opt/devkitpro/devkitARM/bin/../lib/gcc/arm-none-eabi/14.2.0/../../../../arm-none-eabi/lib/libg.a(libc_a-realloc.o)
 .comment       0x00000023       0x24 /opt/devkitpro/devkitARM/bin/../lib/gcc/arm-none-eabi/14.2.0/../../../../arm-none-eabi/lib/libg.a(libc_a-findfp.o)
 .comment       0x00000023       0x24 /opt/devkitpro/devkitARM/bin/../lib/gcc/arm-none-eabi/14.2.0/../../../../arm-none-eabi/lib/libg.a(libc_a-mallocr.o)
 .comment       0x00000023       0x24 /opt/devkitpro/devkitARM/bin/../lib/gcc/arm-none-eabi/14.2.0/../../../../arm-none-eabi/lib/libg.a(libc_a-freer.o)
 .comment       0x00000023       0x24 /opt/devkitpro/devkitARM/bin/../lib/gcc/arm-none-eabi/14.2.0/../../../../arm-none-eabi/lib/libg.a(libc_a-setvbuf.o)
 .comment       0x00000023       0x24 /opt/devkitpro/devkitARM/bin/../lib/gcc/arm-none-eabi/14.2.0/../../../../arm-none-eabi/lib/libg.a(libc_a-errno.o)
 .comment       0x00000023       0x24 /opt/devkitpro/devkitARM/bin/../lib/gcc/arm-none-eabi/14.2.0/../../../../arm-none-eabi/lib/libg.a(libc_a-malloc.o)
 .comment       0x00000023       0x24 /opt/devkitpro/devkitARM/bin/../lib/gcc/arm-none-eabi/14.2.0/../../../../arm-none-eabi/lib/libg.a(libc_a-memcpy-stub.o)
 .comment       0x00000023       0x24 /opt/devkitpro/devkitARM/bin/../lib/gcc/arm-none-eabi/14.2.0/../../../../arm-none-eabi/lib/libg.a(libc_a-fopen.o)
 .comment       0x00000023       0x24 /opt/devkitpro/devkitARM/bin/../lib/gcc/arm-none-eabi/14.2.0/../../../../arm-none-eabi/lib/libg.a(libc_a-memset.o)
 .comment       0x00000023       0x24 /opt/devkitpro/devkitARM/bin/../lib/gcc/arm-none-eabi/14.2.0/../../../../arm-none-eabi/lib/libg.a(libc_a-reallocr.o)
 .comment       0x00000023       0x24 /opt/devkitpro/devkitARM/bin/../lib/gcc/arm-none-eabi/14.2.0/../../../../arm-none-eabi/lib/libg.a(libc_a-fwalk.o)
 .comment       0x00000023       0x24 /opt/devkitpro/devkitARM/bin/../lib/gcc/arm-none-eabi/14.2.0/../../../../arm-none-eabi/lib/libg.a(libc_a-mlock.o)
 .comment       0x00000023       0x24 /opt/devkitpro/devkitARM/bin/../lib/gcc/arm-none-eabi/14.2.0/../../../../arm-none-eabi/lib/libg.a(libc_a-fseek.o)
 .comment       0x00000023       0x24 /opt/devkitpro/devkitARM/bin/../lib/gcc/arm-none-eabi/14.2.0/../../../../arm-none-eabi/lib/libg.a(libc_a-flags.o)
 .comment       0x00000023       0x24 /opt/devkitpro/devkitARM/bin/../lib/gcc/arm-none-eabi/14.2.0/../../../../arm-none-eabi/lib/libg.a(libc_a-iprintf.o)
 .comment       0x00000023       0x24 /opt/devkitpro/devkitARM/bin/../lib/gcc/arm-none-eabi/14.2.0/../../../../arm-none-eabi/lib/libg.a(libc_a-init.o)
 .comment       0x00000023       0x24 /opt/devkitpro/devkitARM/bin/../lib/gcc/arm-none-eabi/14.2.0/../../../../arm-none-eabi/lib/libg.a(libc_a-fflush.o)
 .comment       0x00000023       0x24 /opt/devkitpro/devkitARM/bin/../lib/gcc/arm-none-eabi/14.2.0/../../../../arm-none-eabi/lib/libg.a(libc_a-strlen-stub.o)
 .comment       0x00000023       0x24 /opt/devkitpro/devkitARM/bin/../lib/gcc/arm-none-eabi/14.2.0/../../../../arm-none-eabi/lib/libg.a(libc_a-memmove.o)
 .comment       0x00000023       0x24 /opt/devkitpro/devkitARM/bin/../lib/gcc/arm-none-eabi/14.2.0/../../../../arm-none-eabi/lib/libg.a(libc_a-impure.o)
 .comment       0x00000023       0x24 /opt/devkitpro/devkitARM/bin/../lib/gcc/arm-none-eabi/14.2.0/../../../../arm-none-eabi/lib/libg.a(libc_a-vfiprintf.o)
 .comment       0x00000023       0x24 /opt/devkitpro/devkitARM/bin/../lib/gcc/arm-none-eabi/14.2.0/../../../../arm-none-eabi/lib/libg.a(libc_a-malignr.o)
 .comment       0x00000023       0x24 /opt/devkitpro/devkitARM/bin/../lib/gcc/arm-none-eabi/14.2.0/../../../../arm-none-eabi/lib/libg.a(libc_a-memchr-stub.o)
 .comment       0x00000023       0x24 /opt/devkitpro/devkitARM/bin/../lib/gcc/arm-none-eabi/14.2.0/../../../../arm-none-eabi/lib/libg.a(libc_a-svfiscanf.o)
 .comment       0x00000023       0x24 /opt/devkitpro/devkitARM/bin/../lib/gcc/arm-none-eabi/14.2.0/../../../../arm-none-eabi/lib/libg.a(libc_a-strtoul.o)
 .comment       0x00000023       0x24 /opt/devkitpro/devkitARM/bin/../lib/gcc/arm-none-eabi/14.2.0/../../../../arm-none-eabi/lib/libg.a(libc_a-fseeko.o)
 .comment       0x00000023       0x24 /opt/devkitpro/devkitARM/bin/../lib/gcc/arm-none-eabi/14.2.0/../../../../arm-none-eabi/lib/libg.a(libc_a-sprint_r.o)
 .comment       0x00000023       0x24 /opt/devkitpro/devkitARM/bin/../lib/gcc/arm-none-eabi/14.2.0/../../../../arm-none-eabi/lib/libg.a(libc_a-iswspace.o)
 .comment       0x00000023       0x24 /opt/devkitpro/devkitARM/bin/../lib/gcc/arm-none-eabi/14.2.0/../../../../arm-none-eabi/lib/libg.a(libc_a-sccl.o)
 .comment       0x00000023       0x24 /opt/devkitpro/devkitARM/bin/../lib/gcc/arm-none-eabi/14.2.0/../../../../arm-none-eabi/lib/libg.a(libc_a-localeconv.o)
 .comment       0x00000023       0x24 /opt/devkitpro/devkitARM/bin/../lib/gcc/arm-none-eabi/14.2.0/../../../../arm-none-eabi/lib/libg.a(libc_a-wcrtomb.o)
 .comment       0x00000023       0x24 /opt/devkitpro/devkitARM/bin/../lib/gcc/arm-none-eabi/14.2.0/../../../../arm-none-eabi/lib/libg.a(libc_a-strtol.o)
 .comment       0x00000023       0x24 /opt/devkitpro/devkitARM/bin/../lib/gcc/arm-none-eabi/14.2.0/../../../../arm-none-eabi/lib/libg.a(libc_a-ctype_.o)
 .comment       0x00000023       0x24 /opt/devkitpro/devkitARM/bin/../lib/gcc/arm-none-eabi/14.2.0/../../../../arm-none-eabi/lib/libg.a(libc_a-strncpy.o)
 .comment       0x00000023       0x24 /opt/devkitpro/devkitARM/bin/../lib/gcc/arm-none-eabi/14.2.0/../../../../arm-none-eabi/lib/libg.a(libc_a-strtoull.o)
 .comment       0x00000023       0x24 /opt/devkitpro/devkitARM/bin/../lib/gcc/arm-none-eabi/14.2.0/../../../../arm-none-eabi/lib/libg.a(libc_a-wcsrtombs.o)
 .comment       0x00000023       0x24 /opt/devkitpro/devkitARM/bin/../lib/gcc/arm-none-eabi/14.2.0/../../../../arm-none-eabi/lib/libg.a(libc_a-svfiprintf.o)
 .comment       0x00000023       0x24 /opt/devkitpro/devkitARM/bin/../lib/gcc/arm-none-eabi/14.2.0/../../../../arm-none-eabi/lib/libg.a(libc_a-mbrtowc.o)
 .comment       0x00000023       0x24 /opt/devkitpro/devkitARM/bin/../lib/gcc/arm-none-eabi/14.2.0/../../../../arm-none-eabi/lib/libg.a(libc_a-wsetup.o)
 .comment       0x00000023       0x24 /opt/devkitpro/devkitARM/bin/../lib/gcc/arm-none-eabi/14.2.0/../../../../arm-none-eabi/lib/libg.a(libc_a-ungetc.o)
 .comment       0x00000023       0x24 /opt/devkitpro/devkitARM/bin/../lib/gcc/arm-none-eabi/14.2.0/../../../../arm-none-eabi/lib/libg.a(libc_a-iswspace_l.o)
 .comment       0x00000023       0x24 /opt/devkitpro/devkitARM/bin/../lib/gcc/arm-none-eabi/14.2.0/../../../../arm-none-eabi/lib/libg.a(libc_a-fvwrite.o)
 .comment       0x00000023       0x24 /opt/devkitpro/devkitARM/bin/../lib/gcc/arm-none-eabi/14.2.0/../../../../arm-none-eabi/lib/libg.a(libc_a-strtoll.o)
 .comment       0x00000023       0x24 /opt/devkitpro/devkitARM/bin/../lib/gcc/arm-none-eabi/14.2.0/../../../../arm-none-eabi/lib/libg.a(libc_a-locale.o)
 .comment       0x00000023       0x24 /opt/devkitpro/devkitARM/bin/../lib/gcc/arm-none-eabi/14.2.0/../../../../arm-none-eabi/lib/libg.a(libc_a-wcsnrtombs.o)
 .comment       0x00000023       0x24 /opt/devkitpro/devkitARM/bin/../lib/gcc/arm-none-eabi/14.2.0/../../../../arm-none-eabi/lib/libg.a(libc_a-mbtowc_r.o)
 .comment       0x00000023       0x24 /opt/devkitpro/devkitARM/bin/../lib/gcc/arm-none-eabi/14.2.0/../../../../arm-none-eabi/lib/libg.a(libc_a-categories.o)
 .comment       0x00000023       0x24 /opt/devkitpro/devkitARM/bin/../lib/gcc/arm-none-eabi/14.2.0/../../../../arm-none-eabi/lib/libg.a(libc_a-wctomb_r.o)
 .comment       0x00000023       0x24 /opt/devkitpro/devkitARM/bin/../lib/gcc/arm-none-eabi/14.2.0/../../../../arm-none-eabi/lib/libg.a(libc_a-strncmp.o)
 .comment       0x00000023       0x24 /opt/devkitpro/devkitARM/bin/../lib/gcc/arm-none-eabi/14.2.0/../../../../arm-none-eabi/lib/libg.a(libc_a-strchr.o)
 .comment       0x00000023       0x24 /opt/devkitpro/devkitARM/bin/../lib/gcc/arm-none-eabi/14.2.0/../../../../arm-none-eabi/lib/libsysbase.a(libsysbase_libsysbase_a-build_argv.o)
 .comment       0x00000023       0x24 /opt/devkitpro/devkitARM/bin/../lib/gcc/arm-none-eabi/14.2.0/../../../../arm-none-eabi/lib/libsysbase.a(libsysbase_libsysbase_a-fstat.o)
 .comment       0x00000023       0x24 /opt/devkitpro/devkitARM/bin/../lib/gcc/arm-none-eabi/14.2.0/../../../../arm-none-eabi/lib/libsysbase.a(libsysbase_libsysbase_a-getreent.o)
 .comment       0x00000023       0x24 /opt/devkitpro/devkitARM/bin/../lib/gcc/arm-none-eabi/14.2.0/../../../../arm-none-eabi/lib/libsysbase.a(libsysbase_libsysbase_a-handle_manager.o)
 .comment       0x00000023       0x24 /opt/devkitpro/devkitARM/bin/../lib/gcc/arm-none-eabi/14.2.0/../../../../arm-none-eabi/lib/libsysbase.a(libsysbase_libsysbase_a-iosupport.o)
 .comment       0x00000023       0x24 /opt/devkitpro/devkitARM/bin/../lib/gcc/arm-none-eabi/14.2.0/../../../../arm-none-eabi/lib/libsysbase.a(libsysbase_libsysbase_a-isatty.o)
 .comment       0x00000023       0x24 /opt/devkitpro/devkitARM/bin/../lib/gcc/arm-none-eabi/14.2.0/../../../../arm-none-eabi/lib/libsysbase.a(libsysbase_libsysbase_a-lseek.o)
 .comment       0x00000023       0x24 /opt/devkitpro/devkitARM/bin/../lib/gcc/arm-none-eabi/14.2.0/../../../../arm-none-eabi/lib/libsysbase.a(libsysbase_libsysbase_a-malloc_vars.o)
 .comment       0x00000023       0x24 /opt/devkitpro/devkitARM/bin/../lib/gcc/arm-none-eabi/14.2.0/../../../../arm-none-eabi/lib/libsysbase.a(libsysbase_libsysbase_a-open.o)
 .comment       0x00000023       0x24 /opt/devkitpro/devkitARM/bin/../lib/gcc/arm-none-eabi/14.2.0/../../../../arm-none-eabi/lib/libsysbase.a(libsysbase_libsysbase_a-read.o)
 .comment       0x00000023       0x24 /opt/devkitpro/devkitARM/bin/../lib/gcc/arm-none-eabi/14.2.0/../../../../arm-none-eabi/lib/libsysbase.a(libsysbase_libsysbase_a-sbrk.o)
 .comment       0x00000023       0x24 /opt/devkitpro/devkitARM/bin/../lib/gcc/arm-none-eabi/14.2.0/../../../../arm-none-eabi/lib/libsysbase.a(libsysbase_libsysbase_a-syscall_support.o)
 .comment       0x00000023       0x24 /opt/devkitpro/devkitARM/bin/../lib/gcc/arm-none-eabi/14.2.0/../../../../arm-none-eabi/lib/libsysbase.a(libsysbase_libsysbase_a-write.o)
 .comment       0x00000023       0x24 /opt/devkitpro/devkitARM/bin/../lib/gcc/arm-none-eabi/14.2.0/libgcc.a(_udivmoddi4.o)
 .comment       0x00000023       0x24 /opt/devkitpro/devkitARM/bin/../lib/gcc/arm-none-eabi/14.2.0/crtend.o

.ARM.attributes
                0x00000000       0x2d
 .ARM.attributes
                0x00000000       0x21 /opt/devkitpro/devkitARM/bin/../lib/gcc/arm-none-eabi/14.2.0/../../../../arm-none-eabi/lib/ds_arm9_crt0.o
 .ARM.attributes
                0x00000021       0x1c /opt/devkitpro/devkitARM/bin/../lib/gcc/arm-none-eabi/14.2.0/crti.o
 .ARM.attributes
                0x0000003d       0x2a /opt/devkitpro/devkitARM/bin/../lib/gcc/arm-none-eabi/14.2.0/crtbegin.o
 .ARM.attributes
                0x00000067       0x1a soundbank.bin.o
 .ARM.attributes
                0x00000081       0x1a GameOver.o
 .ARM.attributes
                0x0000009b       0x1a Menu.o
 .ARM.attributes
                0x000000b5       0x1a SubGameBg.o
 .ARM.attributes
                0x000000cf       0x1a Subbg.o
 .ARM.attributes
                0x000000e9       0x1a background.o
 .ARM.attributes
                0x00000103       0x1a background2.o
 .ARM.attributes
                0x0000011d       0x1a bird.o
 .ARM.attributes
                0x00000137       0x1a pipe2.o
 .ARM.attributes
                0x00000151       0x27 graphics.o
 .ARM.attributes
                0x00000178       0x27 main.o
 .ARM.attributes
                0x0000019f       0x27 timer.o
 .ARM.attributes
                0x000001c6       0x2b /opt/devkitpro/libnds/lib/libnds9.a(console.o)
 .ARM.attributes
                0x000001f1       0x2b /opt/devkitpro/libnds/lib/libnds9.a(keys.o)
 .ARM.attributes
                0x0000021c       0x2b /opt/devkitpro/libnds/lib/libnds9.a(sprite_alloc.o)
 .ARM.attributes
                0x00000247       0x2b /opt/devkitpro/libnds/lib/libnds9.a(sprite.o)
 .ARM.attributes
                0x00000272       0x2b /opt/devkitpro/libnds/lib/libnds9.a(touch.o)
 .ARM.attributes
                0x0000029d       0x2b /opt/devkitpro/libnds/lib/libnds9.a(trig.o)
 .ARM.attributes
                0x000002c8       0x2b /opt/devkitpro/libnds/lib/libnds9.a(videoGL.o)
 .ARM.attributes
                0x000002f3       0x2b /opt/devkitpro/libnds/lib/libnds9.a(initSystem.o)
 .ARM.attributes
                0x0000031e       0x2b /opt/devkitpro/libnds/lib/libnds9.a(securearea.o)
 .ARM.attributes
                0x00000349       0x2b /opt/devkitpro/libnds/lib/libnds9.a(fifosystem.o)
 .ARM.attributes
                0x00000374       0x2b /opt/devkitpro/libnds/lib/libnds9.a(interrupts.o)
 .ARM.attributes
                0x0000039f       0x2b /opt/devkitpro/libnds/lib/libnds9.a(libnds_exit.arm.o)
 .ARM.attributes
                0x000003ca       0x1b /opt/devkitpro/libnds/lib/libnds9.a(dcache.o)
 .ARM.attributes
                0x000003e5       0x21 /opt/devkitpro/libnds/lib/libnds9.a(cpu_clock.o)
 .ARM.attributes
                0x00000406       0x21 /opt/devkitpro/libnds/lib/libnds9.a(IntrWait.o)
 .ARM.attributes
                0x00000427       0x21 /opt/devkitpro/libnds/lib/libnds9.a(mpu_setup.o)
 .ARM.attributes
                0x00000448       0x1b /opt/devkitpro/libnds/lib/libnds9.a(biosCalls.o)
 .ARM.attributes
                0x00000463       0x1b /opt/devkitpro/libnds/lib/libnds9.a(interruptDispatcher.o)
 .ARM.attributes
                0x0000047e       0x21 /opt/devkitpro/libnds/lib/libnds9.a(swiSoftReset.o)
 .ARM.attributes
                0x0000049f       0x1b /opt/devkitpro/libnds/lib/libnds9.a(default_font.bin.o)
 .ARM.attributes
                0x000004ba       0x2b /opt/devkitpro/libnds/lib/libnds9.a(background.o)
 .ARM.attributes
                0x000004e5       0x2b /opt/devkitpro/libnds/lib/libnds9.a(system.o)
 .ARM.attributes
                0x00000510       0x2b /opt/devkitpro/libnds/lib/libnds9.a(video.o)
 .ARM.attributes
                0x0000053b       0x1b /opt/devkitpro/libnds/lib/libmm9.a(mm_comms.o)
 .ARM.attributes
                0x00000556       0x1b /opt/devkitpro/libnds/lib/libmm9.a(mm_memory.o)
 .ARM.attributes
                0x00000571       0x1b /opt/devkitpro/libnds/lib/libmm9.a(mm_main9.o)
 .ARM.attributes
                0x0000058c       0x1b /opt/devkitpro/libnds/lib/libmm9.a(mm_soundbank.o)
 .ARM.attributes
                0x000005a7       0x1b /opt/devkitpro/libnds/lib/libmm9.a(mm_flusher.o)
 .ARM.attributes
                0x000005c2       0x1c /opt/devkitpro/devkitARM/bin/../lib/gcc/arm-none-eabi/14.2.0/libgcc.a(_divsi3.o)
 .ARM.attributes
                0x000005de       0x1c /opt/devkitpro/devkitARM/bin/../lib/gcc/arm-none-eabi/14.2.0/libgcc.a(_dvmd_tls.o)
 .ARM.attributes
                0x000005fa       0x1c /opt/devkitpro/devkitARM/bin/../lib/gcc/arm-none-eabi/14.2.0/libgcc.a(_arm_addsubsf3.o)
 .ARM.attributes
                0x00000616       0x1c /opt/devkitpro/devkitARM/bin/../lib/gcc/arm-none-eabi/14.2.0/libgcc.a(_arm_cmpsf2.o)
 .ARM.attributes
                0x00000632       0x1c /opt/devkitpro/devkitARM/bin/../lib/gcc/arm-none-eabi/14.2.0/libgcc.a(_arm_fixsfsi.o)
 .ARM.attributes
                0x0000064e       0x2a /opt/devkitpro/devkitARM/bin/../lib/gcc/arm-none-eabi/14.2.0/../../../../arm-none-eabi/lib/libg.a(libc_a-rand.o)
 .ARM.attributes
                0x00000678       0x2a /opt/devkitpro/devkitARM/bin/../lib/gcc/arm-none-eabi/14.2.0/../../../../arm-none-eabi/lib/libg.a(libc_a-fread.o)
 .ARM.attributes
                0x000006a2       0x2a /opt/devkitpro/devkitARM/bin/../lib/gcc/arm-none-eabi/14.2.0/../../../../arm-none-eabi/lib/libg.a(libc_a-siscanf.o)
 .ARM.attributes
                0x000006cc       0x2a /opt/devkitpro/devkitARM/bin/../lib/gcc/arm-none-eabi/14.2.0/../../../../arm-none-eabi/lib/libg.a(libc_a-stdio.o)
 .ARM.attributes
                0x000006f6       0x2a /opt/devkitpro/devkitARM/bin/../lib/gcc/arm-none-eabi/14.2.0/../../../../arm-none-eabi/lib/libg.a(libc_a-refill.o)
 .ARM.attributes
                0x00000720       0x2a /opt/devkitpro/devkitARM/bin/../lib/gcc/arm-none-eabi/14.2.0/../../../../arm-none-eabi/lib/libg.a(libc_a-fclose.o)
 .ARM.attributes
                0x0000074a       0x2a /opt/devkitpro/devkitARM/bin/../lib/gcc/arm-none-eabi/14.2.0/../../../../arm-none-eabi/lib/libg.a(libc_a-makebuf.o)
 .ARM.attributes
                0x00000774       0x2a /opt/devkitpro/devkitARM/bin/../lib/gcc/arm-none-eabi/14.2.0/../../../../arm-none-eabi/lib/libg.a(libc_a-realloc.o)
 .ARM.attributes
                0x0000079e       0x2a /opt/devkitpro/devkitARM/bin/../lib/gcc/arm-none-eabi/14.2.0/../../../../arm-none-eabi/lib/libg.a(libc_a-findfp.o)
 .ARM.attributes
                0x000007c8       0x2a /opt/devkitpro/devkitARM/bin/../lib/gcc/arm-none-eabi/14.2.0/../../../../arm-none-eabi/lib/libg.a(libc_a-mallocr.o)
 .ARM.attributes
                0x000007f2       0x2a /opt/devkitpro/devkitARM/bin/../lib/gcc/arm-none-eabi/14.2.0/../../../../arm-none-eabi/lib/libg.a(libc_a-freer.o)
 .ARM.attributes
                0x0000081c       0x2a /opt/devkitpro/devkitARM/bin/../lib/gcc/arm-none-eabi/14.2.0/../../../../arm-none-eabi/lib/libg.a(libc_a-setvbuf.o)
 .ARM.attributes
                0x00000846       0x2a /opt/devkitpro/devkitARM/bin/../lib/gcc/arm-none-eabi/14.2.0/../../../../arm-none-eabi/lib/libg.a(libc_a-errno.o)
 .ARM.attributes
                0x00000870       0x2a /opt/devkitpro/devkitARM/bin/../lib/gcc/arm-none-eabi/14.2.0/../../../../arm-none-eabi/lib/libg.a(libc_a-malloc.o)
 .ARM.attributes
                0x0000089a       0x2a /opt/devkitpro/devkitARM/bin/../lib/gcc/arm-none-eabi/14.2.0/../../../../arm-none-eabi/lib/libg.a(libc_a-memcpy-stub.o)
 .ARM.attributes
                0x000008c4       0x2a /opt/devkitpro/devkitARM/bin/../lib/gcc/arm-none-eabi/14.2.0/../../../../arm-none-eabi/lib/libg.a(libc_a-fopen.o)
 .ARM.attributes
                0x000008ee       0x2a /opt/devkitpro/devkitARM/bin/../lib/gcc/arm-none-eabi/14.2.0/../../../../arm-none-eabi/lib/libg.a(libc_a-memset.o)
 .ARM.attributes
                0x00000918       0x2a /opt/devkitpro/devkitARM/bin/../lib/gcc/arm-none-eabi/14.2.0/../../../../arm-none-eabi/lib/libg.a(libc_a-reallocr.o)
 .ARM.attributes
                0x00000942       0x2a /opt/devkitpro/devkitARM/bin/../lib/gcc/arm-none-eabi/14.2.0/../../../../arm-none-eabi/lib/libg.a(libc_a-fwalk.o)
 .ARM.attributes
                0x0000096c       0x2a /opt/devkitpro/devkitARM/bin/../lib/gcc/arm-none-eabi/14.2.0/../../../../arm-none-eabi/lib/libg.a(libc_a-mlock.o)
 .ARM.attributes
                0x00000996       0x2a /opt/devkitpro/devkitARM/bin/../lib/gcc/arm-none-eabi/14.2.0/../../../../arm-none-eabi/lib/libg.a(libc_a-fseek.o)
 .ARM.attributes
                0x000009c0       0x2a /opt/devkitpro/devkitARM/bin/../lib/gcc/arm-none-eabi/14.2.0/../../../../arm-none-eabi/lib/libg.a(libc_a-flags.o)
 .ARM.attributes
                0x000009ea       0x2a /opt/devkitpro/devkitARM/bin/../lib/gcc/arm-none-eabi/14.2.0/../../../../arm-none-eabi/lib/libg.a(libc_a-iprintf.o)
 .ARM.attributes
                0x00000a14       0x2a /opt/devkitpro/devkitARM/bin/../lib/gcc/arm-none-eabi/14.2.0/../../../../arm-none-eabi/lib/libg.a(libc_a-init.o)
 .ARM.attributes
                0x00000a3e       0x2a /opt/devkitpro/devkitARM/bin/../lib/gcc/arm-none-eabi/14.2.0/../../../../arm-none-eabi/lib/libg.a(libc_a-fflush.o)
 .ARM.attributes
                0x00000a68       0x2a /opt/devkitpro/devkitARM/bin/../lib/gcc/arm-none-eabi/14.2.0/../../../../arm-none-eabi/lib/libg.a(libc_a-strlen-stub.o)
 .ARM.attributes
                0x00000a92       0x2a /opt/devkitpro/devkitARM/bin/../lib/gcc/arm-none-eabi/14.2.0/../../../../arm-none-eabi/lib/libg.a(libc_a-memmove.o)
 .ARM.attributes
                0x00000abc       0x2a /opt/devkitpro/devkitARM/bin/../lib/gcc/arm-none-eabi/14.2.0/../../../../arm-none-eabi/lib/libg.a(libc_a-impure.o)
 .ARM.attributes
                0x00000ae6       0x2a /opt/devkitpro/devkitARM/bin/../lib/gcc/arm-none-eabi/14.2.0/../../../../arm-none-eabi/lib/libg.a(libc_a-vfiprintf.o)
 .ARM.attributes
                0x00000b10       0x2a /opt/devkitpro/devkitARM/bin/../lib/gcc/arm-none-eabi/14.2.0/../../../../arm-none-eabi/lib/libg.a(libc_a-malignr.o)
 .ARM.attributes
                0x00000b3a       0x2a /opt/devkitpro/devkitARM/bin/../lib/gcc/arm-none-eabi/14.2.0/../../../../arm-none-eabi/lib/libg.a(libc_a-memchr-stub.o)
 .ARM.attributes
                0x00000b64       0x2a /opt/devkitpro/devkitARM/bin/../lib/gcc/arm-none-eabi/14.2.0/../../../../arm-none-eabi/lib/libg.a(libc_a-svfiscanf.o)
 .ARM.attributes
                0x00000b8e       0x2a /opt/devkitpro/devkitARM/bin/../lib/gcc/arm-none-eabi/14.2.0/../../../../arm-none-eabi/lib/libg.a(libc_a-strtoul.o)
 .ARM.attributes
                0x00000bb8       0x2a /opt/devkitpro/devkitARM/bin/../lib/gcc/arm-none-eabi/14.2.0/../../../../arm-none-eabi/lib/libg.a(libc_a-fseeko.o)
 .ARM.attributes
                0x00000be2       0x2a /opt/devkitpro/devkitARM/bin/../lib/gcc/arm-none-eabi/14.2.0/../../../../arm-none-eabi/lib/libg.a(libc_a-sprint_r.o)
 .ARM.attributes
                0x00000c0c       0x2a /opt/devkitpro/devkitARM/bin/../lib/gcc/arm-none-eabi/14.2.0/../../../../arm-none-eabi/lib/libg.a(libc_a-iswspace.o)
 .ARM.attributes
                0x00000c36       0x2a /opt/devkitpro/devkitARM/bin/../lib/gcc/arm-none-eabi/14.2.0/../../../../arm-none-eabi/lib/libg.a(libc_a-sccl.o)
 .ARM.attributes
                0x00000c60       0x2a /opt/devkitpro/devkitARM/bin/../lib/gcc/arm-none-eabi/14.2.0/../../../../arm-none-eabi/lib/libg.a(libc_a-localeconv.o)
 .ARM.attributes
                0x00000c8a       0x2a /opt/devkitpro/devkitARM/bin/../lib/gcc/arm-none-eabi/14.2.0/../../../../arm-none-eabi/lib/libg.a(libc_a-wcrtomb.o)
 .ARM.attributes
                0x00000cb4       0x2a /opt/devkitpro/devkitARM/bin/../lib/gcc/arm-none-eabi/14.2.0/../../../../arm-none-eabi/lib/libg.a(libc_a-strtol.o)
 .ARM.attributes
                0x00000cde       0x2a /opt/devkitpro/devkitARM/bin/../lib/gcc/arm-none-eabi/14.2.0/../../../../arm-none-eabi/lib/libg.a(libc_a-ctype_.o)
 .ARM.attributes
                0x00000d08       0x2a /opt/devkitpro/devkitARM/bin/../lib/gcc/arm-none-eabi/14.2.0/../../../../arm-none-eabi/lib/libg.a(libc_a-strncpy.o)
 .ARM.attributes
                0x00000d32       0x2a /opt/devkitpro/devkitARM/bin/../lib/gcc/arm-none-eabi/14.2.0/../../../../arm-none-eabi/lib/libg.a(libc_a-strtoull.o)
 .ARM.attributes